Java HotSpot(TM) 64-Bit Server VM (25.45-b02) for bsd-amd64 JRE (1.8.0_45-b14), built on Apr 10 2015 10:46:38 by "java_re" with gcc 4.2.1 (Based on Apple Inc. build 5658) (LLVM build 2336.11.00)
Memory: 4k page, physical 8388608k(99336k free)

/proc/meminfo:

CommandLine flags: -XX:GCLogFileSize=104857600 -XX:InitialHeapSize=536870912 -XX:MaxHeapSize=536870912 -XX:MaxNewSize=268435456 -XX:NewSize=268435456 -XX:NumberOfGCLogFiles=10 -XX:+PrintGC -XX:+PrintGCDateStamps -XX:+PrintGCDetails -XX:+PrintGCTimeStamps -XX:+UseCompressedClassPointers -XX:+UseCompressedOops -XX:+UseGCLogFileRotation -XX:+UseParallelGC 
2020-08-13T11:21:22.129-0800: 1.422: [GC (Allocation Failure) [PSYoungGen: 196608K->9184K(229376K)] 196608K->9200K(491520K), 0.0228386 secs] [Times: user=0.04 sys=0.01, real=0.03 secs] 
2020-08-13T11:21:22.936-0800: 2.229: [GC (Allocation Failure) [PSYoungGen: 205792K->11072K(229376K)] 205808K->11160K(491520K), 0.0339522 secs] [Times: user=0.07 sys=0.01, real=0.04 secs] 
2020-08-13T11:21:23.592-0800: 2.885: [GC (Metadata GC Threshold) [PSYoungGen: 146964K->7920K(229376K)] 147053K->8016K(491520K), 0.0092774 secs] [Times: user=0.02 sys=0.00, real=0.01 secs] 
2020-08-13T11:21:23.601-0800: 2.894: [Full GC (Metadata GC Threshold) [PSYoungGen: 7920K->0K(229376K)] [ParOldGen: 96K->7810K(262144K)] 8016K->7810K(491520K), [Metaspace: 20560K->20558K(1067008K)], 0.0413256 secs] [Times: user=0.10 sys=0.01, real=0.04 secs] 
2020-08-13T11:21:24.729-0800: 4.022: [GC (Allocation Failure) [PSYoungGen: 196608K->8656K(229376K)] 204418K->16474K(491520K), 0.0147537 secs] [Times: user=0.04 sys=0.00, real=0.02 secs] 
2020-08-13T11:21:25.633-0800: 4.926: [GC (Allocation Failure) [PSYoungGen: 205264K->17508K(229376K)] 213082K->25334K(491520K), 0.0300818 secs] [Times: user=0.05 sys=0.00, real=0.03 secs] 
2020-08-13T11:21:26.296-0800: 5.589: [GC (Allocation Failure) [PSYoungGen: 214116K->16868K(227840K)] 221942K->35406K(489984K), 0.0842148 secs] [Times: user=0.19 sys=0.01, real=0.09 secs] 
2020-08-13T11:21:27.009-0800: 6.302: [GC (Allocation Failure) [PSYoungGen: 227812K->22080K(233472K)] 246350K->40626K(495616K), 0.0606455 secs] [Times: user=0.13 sys=0.01, real=0.07 secs] 
2020-08-13T11:21:28.225-0800: 7.518: [GC (Allocation Failure) [PSYoungGen: 233024K->12832K(235520K)] 251570K->35414K(497664K), 0.0301462 secs] [Times: user=0.07 sys=0.01, real=0.03 secs] 
2020-08-13T11:21:29.438-0800: 8.731: [GC (Allocation Failure) [PSYoungGen: 220192K->9856K(233984K)] 242774K->34079K(496128K), 0.0157311 secs] [Times: user=0.04 sys=0.00, real=0.02 secs] 
2020-08-13T11:21:29.616-0800: 8.909: [GC (Metadata GC Threshold) [PSYoungGen: 28319K->3344K(234496K)] 52542K->31371K(496640K), 0.0084410 secs] [Times: user=0.02 sys=0.00, real=0.01 secs] 
2020-08-13T11:21:29.625-0800: 8.918: [Full GC (Metadata GC Threshold) [PSYoungGen: 3344K->0K(234496K)] [ParOldGen: 28027K->18610K(262144K)] 31371K->18610K(496640K), [Metaspace: 34079K->34079K(1081344K)], 0.0779728 secs] [Times: user=0.21 sys=0.00, real=0.08 secs] 
2020-08-13T11:21:31.136-0800: 10.428: [GC (Allocation Failure) [PSYoungGen: 207872K->10705K(235008K)] 226482K->29316K(497152K), 0.0161331 secs] [Times: user=0.05 sys=0.00, real=0.02 secs] 
2020-08-13T11:21:32.880-0800: 12.173: [GC (Allocation Failure) [PSYoungGen: 218577K->13592K(237056K)] 237188K->39444K(499200K), 0.0210752 secs] [Times: user=0.07 sys=0.00, real=0.02 secs] 
2020-08-13T11:21:34.353-0800: 13.646: [GC (Allocation Failure) [PSYoungGen: 224536K->8699K(236032K)] 250388K->44655K(498176K), 0.0232256 secs] [Times: user=0.07 sys=0.01, real=0.02 secs] 
2020-08-13T11:21:35.828-0800: 15.120: [GC (Allocation Failure) [PSYoungGen: 219643K->8128K(238080K)] 255599K->48692K(500224K), 0.0191969 secs] [Times: user=0.05 sys=0.01, real=0.02 secs] 
2020-08-13T11:21:36.204-0800: 15.496: [GC (Metadata GC Threshold) [PSYoungGen: 72160K->2400K(237568K)] 112725K->45804K(499712K), 0.0099720 secs] [Times: user=0.03 sys=0.00, real=0.01 secs] 
2020-08-13T11:21:36.214-0800: 15.507: [Full GC (Metadata GC Threshold) [PSYoungGen: 2400K->0K(237568K)] [ParOldGen: 43404K->39067K(262144K)] 45804K->39067K(499712K), [Metaspace: 56200K->56200K(1101824K)], 0.2207831 secs] [Times: user=0.74 sys=0.01, real=0.22 secs] 
2020-08-14T09:24:11.592-0800: 19012.230: [GC (Allocation Failure) [PSYoungGen: 213504K->4080K(237568K)] 252571K->43155K(499712K), 0.1361020 secs] [Times: user=0.11 sys=0.18, real=0.13 secs] 
2020-08-14T10:46:51.890-0800: 23971.793: [GC (Allocation Failure) [PSYoungGen: 217072K->5193K(237568K)] 256147K->44277K(499712K), 0.0775759 secs] [Times: user=0.05 sys=0.10, real=0.07 secs] 
2020-08-14T10:52:04.809-0800: 24284.698: [GC (Allocation Failure) [PSYoungGen: 218185K->7302K(239104K)] 257269K->46393K(501248K), 0.0330914 secs] [Times: user=0.01 sys=0.01, real=0.04 secs] 
2020-08-14T10:57:28.042-0800: 24607.921: [GC (Allocation Failure) [PSYoungGen: 222342K->7543K(238080K)] 261433K->46635K(500224K), 0.0350186 secs] [Times: user=0.02 sys=0.01, real=0.03 secs] 
2020-08-14T11:03:13.606-0800: 24953.474: [GC (Allocation Failure) [PSYoungGen: 222583K->7592K(241152K)] 261675K->46683K(503296K), 0.0840357 secs] [Times: user=0.05 sys=0.08, real=0.09 secs] 
2020-08-14T11:08:41.461-0800: 25281.320: [GC (Allocation Failure) [PSYoungGen: 226728K->7753K(240128K)] 265819K->46852K(502272K), 0.0232650 secs] [Times: user=0.01 sys=0.00, real=0.02 secs] 
2020-08-14T11:14:16.094-0800: 25615.932: [GC (Allocation Failure) [PSYoungGen: 226889K->7866K(243200K)] 265988K->46965K(505344K), 0.0249008 secs] [Times: user=0.02 sys=0.01, real=0.02 secs] 
2020-08-14T11:19:48.293-0800: 25948.122: [GC (Allocation Failure) [PSYoungGen: 231098K->7914K(242176K)] 270197K->47013K(504320K), 0.0361852 secs] [Times: user=0.02 sys=0.02, real=0.03 secs] 
2020-08-14T11:25:24.845-0800: 26284.664: [GC (Allocation Failure) [PSYoungGen: 231146K->7963K(244736K)] 270245K->47062K(506880K), 0.0254203 secs] [Times: user=0.02 sys=0.01, real=0.03 secs] 
2020-08-14T14:35:44.021-0800: 29096.130: [GC (Allocation Failure) [PSYoungGen: 234267K->7749K(243712K)] 273366K->46856K(505856K), 0.1674745 secs] [Times: user=0.06 sys=0.16, real=0.16 secs] 
2020-08-14T14:58:15.447-0800: 30447.337: [GC (Allocation Failure) [PSYoungGen: 234053K->7895K(245760K)] 273160K->47003K(507904K), 0.0557004 secs] [Times: user=0.06 sys=0.07, real=0.06 secs] 
2020-08-14T15:06:06.871-0800: 30918.577: [GC (Allocation Failure) [PSYoungGen: 236759K->8172K(245248K)] 275867K->47288K(507392K), 0.0325019 secs] [Times: user=0.01 sys=0.01, real=0.03 secs] 
2020-08-14T15:11:49.732-0800: 31261.428: [GC (Allocation Failure) [PSYoungGen: 237036K->8220K(247296K)] 276152K->47343K(509440K), 0.0147328 secs] [Times: user=0.01 sys=0.00, real=0.01 secs] 
2020-08-14T15:17:34.151-0800: 31605.836: [GC (Allocation Failure) [PSYoungGen: 240156K->8268K(246784K)] 279279K->47391K(508928K), 0.0227083 secs] [Times: user=0.02 sys=0.01, real=0.02 secs] 
2020-08-14T15:23:21.493-0800: 31953.169: [GC (Allocation Failure) [PSYoungGen: 240204K->8334K(248320K)] 279327K->47457K(510464K), 0.0207597 secs] [Times: user=0.01 sys=0.01, real=0.02 secs] 
2020-08-14T15:29:11.142-0800: 32302.807: [GC (Allocation Failure) [PSYoungGen: 242318K->8094K(247808K)] 281441K->47546K(509952K), 0.0141459 secs] [Times: user=0.02 sys=0.00, real=0.01 secs] 
2020-08-14T15:35:01.119-0800: 32652.773: [GC (Allocation Failure) [PSYoungGen: 242078K->8046K(249344K)] 281530K->47537K(511488K), 0.0109018 secs] [Times: user=0.01 sys=0.00, real=0.02 secs] 
2020-08-14T15:43:48.299-0800: 33179.791: [GC (Allocation Failure) [PSYoungGen: 244078K->8078K(248832K)] 283569K->47601K(510976K), 0.0200505 secs] [Times: user=0.01 sys=0.01, real=0.02 secs] 
2020-08-14T15:53:09.542-0800: 33741.016: [GC (Allocation Failure) [PSYoungGen: 244110K->8046K(249856K)] 283633K->47609K(512000K), 0.0134554 secs] [Times: user=0.02 sys=0.01, real=0.01 secs] 
2020-08-14T16:00:31.183-0800: 34182.645: [GC (Allocation Failure) [PSYoungGen: 245102K->8095K(249344K)] 284665K->47682K(511488K), 0.0110900 secs] [Times: user=0.01 sys=0.01, real=0.01 secs] 
2020-08-14T16:10:12.211-0800: 34763.655: [GC (Allocation Failure) [PSYoungGen: 245151K->8095K(250368K)] 284738K->47706K(512512K), 0.0200437 secs] [Times: user=0.01 sys=0.01, real=0.02 secs] 
2020-08-14T16:17:10.489-0800: 35181.793: [GC (Allocation Failure) [PSYoungGen: 246687K->8126K(250368K)] 286298K->47754K(512512K), 0.0156565 secs] [Times: user=0.01 sys=0.00, real=0.02 secs] 
2020-08-14T16:23:06.822-0800: 35538.115: [GC (Allocation Failure) [PSYoungGen: 246718K->8176K(250880K)] 286346K->47835K(513024K), 0.0151956 secs] [Times: user=0.01 sys=0.00, real=0.01 secs] 
2020-08-14T16:31:28.995-0800: 36040.157: [GC (Allocation Failure) [PSYoungGen: 247792K->8160K(250880K)] 287451K->47843K(513024K), 0.0340362 secs] [Times: user=0.02 sys=0.00, real=0.03 secs] 
2020-08-14T16:37:29.157-0800: 36400.308: [GC (Allocation Failure) [PSYoungGen: 247776K->8158K(251392K)] 287459K->47858K(513536K), 0.0131448 secs] [Times: user=0.01 sys=0.00, real=0.02 secs] 
2020-08-14T16:45:39.437-0800: 36890.478: [GC (Allocation Failure) [PSYoungGen: 248798K->8207K(251392K)] 288498K->47930K(513536K), 0.0102642 secs] [Times: user=0.01 sys=0.00, real=0.01 secs] 
2020-08-14T16:53:45.265-0800: 37376.292: [GC (Allocation Failure) [PSYoungGen: 248847K->8206K(251904K)] 288570K->47945K(514048K), 0.0123118 secs] [Times: user=0.01 sys=0.00, real=0.01 secs] 
2020-08-14T16:59:44.291-0800: 37735.223: [GC (Allocation Failure) [PSYoungGen: 249870K->8305K(251904K)] 289609K->48044K(514048K), 0.0122162 secs] [Times: user=0.01 sys=0.00, real=0.01 secs] 
2020-08-14T17:05:46.240-0800: 38097.161: [GC (Allocation Failure) [PSYoungGen: 249969K->8256K(252416K)] 289708K->48011K(514560K), 0.0158839 secs] [Times: user=0.01 sys=0.00, real=0.01 secs] 
2020-08-14T17:11:51.541-0800: 38462.451: [GC (Allocation Failure) [PSYoungGen: 250432K->8288K(251904K)] 290187K->48043K(514048K), 0.0124947 secs] [Times: user=0.02 sys=0.01, real=0.01 secs] 
2020-08-14T17:19:59.274-0800: 38950.170: [GC (Allocation Failure) [PSYoungGen: 250464K->8142K(252416K)] 290219K->47897K(514560K), 0.0116195 secs] [Times: user=0.01 sys=0.00, real=0.01 secs] 
2020-08-14T17:26:01.894-0800: 39312.779: [GC (Allocation Failure) [PSYoungGen: 250830K->8288K(252416K)] 290585K->48067K(514560K), 0.0119183 secs] [Times: user=0.01 sys=0.00, real=0.01 secs] 
2020-08-14T17:32:05.430-0800: 39676.304: [GC (Allocation Failure) [PSYoungGen: 250976K->8272K(252416K)] 290755K->48083K(514560K), 0.0095256 secs] [Times: user=0.01 sys=0.00, real=0.01 secs] 
2020-08-14T17:38:10.133-0800: 40040.996: [GC (Allocation Failure) [PSYoungGen: 250960K->8304K(252416K)] 290771K->48131K(514560K), 0.0079949 secs] [Times: user=0.01 sys=0.00, real=0.01 secs] 
2020-08-14T17:44:16.289-0800: 40407.141: [GC (Allocation Failure) [PSYoungGen: 250992K->8287K(252928K)] 290819K->48122K(515072K), 0.0099974 secs] [Times: user=0.01 sys=0.00, real=0.01 secs] 
2020-08-15T07:52:34.213-0800: 42272.017: [GC (Allocation Failure) [PSYoungGen: 251999K->8157K(252928K)] 291834K->48017K(515072K), 0.0962031 secs] [Times: user=0.04 sys=0.09, real=0.10 secs] 
2020-08-15T07:58:39.630-0800: 42637.423: [GC (Allocation Failure) [PSYoungGen: 251869K->8320K(252928K)] 291729K->48203K(515072K), 0.0192384 secs] [Times: user=0.02 sys=0.01, real=0.01 secs] 
2020-08-15T08:04:44.373-0800: 43002.156: [GC (Allocation Failure) [PSYoungGen: 252032K->8352K(252928K)] 291915K->48243K(515072K), 0.0086601 secs] [Times: user=0.01 sys=0.00, real=0.01 secs] 
2020-08-15T08:10:45.910-0800: 43363.674: [GC (Allocation Failure) [PSYoungGen: 252064K->8320K(252928K)] 291955K->48219K(515072K), 0.0081845 secs] [Times: user=0.01 sys=0.00, real=0.00 secs] 
2020-08-15T08:16:50.692-0800: 43728.444: [GC (Allocation Failure) [PSYoungGen: 252032K->8336K(252928K)] 291931K->48259K(515072K), 0.0098588 secs] [Times: user=0.01 sys=0.00, real=0.01 secs] 
2020-08-15T08:22:52.671-0800: 44090.413: [GC (Allocation Failure) [PSYoungGen: 252048K->8320K(252928K)] 291971K->48275K(515072K), 0.0097486 secs] [Times: user=0.01 sys=0.01, real=0.01 secs] 
2020-08-15T08:28:56.727-0800: 44454.458: [GC (Allocation Failure) [PSYoungGen: 252032K->8336K(252928K)] 291987K->48299K(515072K), 0.0100118 secs] [Times: user=0.02 sys=0.00, real=0.01 secs] 
2020-08-15T08:35:14.163-0800: 44831.873: [GC (Allocation Failure) [PSYoungGen: 252048K->8384K(252928K)] 292011K->48363K(515072K), 0.0091115 secs] [Times: user=0.01 sys=0.00, real=0.01 secs] 
2020-08-15T08:41:39.394-0800: 45217.093: [GC (Allocation Failure) [PSYoungGen: 252096K->8336K(252928K)] 292075K->48315K(515072K), 0.0107702 secs] [Times: user=0.01 sys=0.00, real=0.01 secs] 
2020-08-15T08:50:14.336-0800: 45732.015: [GC (Allocation Failure) [PSYoungGen: 252048K->8189K(252928K)] 292027K->48169K(515072K), 0.0163309 secs] [Times: user=0.01 sys=0.00, real=0.02 secs] 
2020-08-15T08:56:22.827-0800: 46100.495: [GC (Allocation Failure) [PSYoungGen: 251901K->8336K(252928K)] 291881K->48339K(515072K), 0.0095113 secs] [Times: user=0.01 sys=0.00, real=0.01 secs] 
2020-08-15T09:02:28.331-0800: 46465.988: [GC (Allocation Failure) [PSYoungGen: 252048K->8368K(253440K)] 292051K->48379K(515584K), 0.0262918 secs] [Times: user=0.03 sys=0.03, real=0.02 secs] 
2020-08-15T09:08:42.618-0800: 46840.258: [GC (Allocation Failure) [PSYoungGen: 253104K->8433K(253440K)] 293115K->48445K(515584K), 0.0151088 secs] [Times: user=0.01 sys=0.00, real=0.02 secs] 
2020-08-15T09:17:29.516-0800: 47367.139: [GC (Allocation Failure) [PSYoungGen: 253169K->8416K(253440K)] 293181K->48427K(515584K), 0.0164329 secs] [Times: user=0.02 sys=0.01, real=0.02 secs] 
2020-08-15T09:23:35.404-0800: 47733.013: [GC (Allocation Failure) [PSYoungGen: 253152K->8368K(253440K)] 293163K->48379K(515584K), 0.2197143 secs] [Times: user=0.03 sys=0.05, real=0.22 secs] 
2020-08-15T09:29:41.657-0800: 48099.251: [GC (Allocation Failure) [PSYoungGen: 253104K->8353K(253440K)] 293115K->48404K(515584K), 0.0139867 secs] [Times: user=0.01 sys=0.00, real=0.02 secs] 
2020-08-15T09:36:15.754-0800: 48493.336: [GC (Allocation Failure) [PSYoungGen: 253089K->8401K(253440K)] 293140K->48460K(515584K), 0.0794596 secs] [Times: user=0.06 sys=0.08, real=0.08 secs] 
2020-08-15T09:42:28.488-0800: 48866.065: [GC (Allocation Failure) [PSYoungGen: 253137K->8385K(253440K)] 293196K->48461K(515584K), 0.0764419 secs] [Times: user=0.07 sys=0.08, real=0.08 secs] 
2020-08-15T09:48:49.984-0800: 49247.550: [GC (Allocation Failure) [PSYoungGen: 253121K->8385K(253440K)] 293197K->48469K(515584K), 0.1086796 secs] [Times: user=0.04 sys=0.10, real=0.11 secs] 
2020-08-15T09:54:56.580-0800: 49614.136: [GC (Allocation Failure) [PSYoungGen: 253121K->8353K(253440K)] 293205K->48460K(515584K), 0.0147226 secs] [Times: user=0.01 sys=0.01, real=0.01 secs] 
2020-08-15T10:01:03.161-0800: 49980.690: [GC (Allocation Failure) [PSYoungGen: 253089K->8353K(253440K)] 293196K->48484K(515584K), 0.0105568 secs] [Times: user=0.02 sys=0.00, real=0.01 secs] 
2020-08-15T10:07:05.688-0800: 50343.206: [GC (Allocation Failure) [PSYoungGen: 253089K->8272K(253440K)] 293220K->48404K(515584K), 0.0578279 secs] [Times: user=0.02 sys=0.03, real=0.06 secs] 
2020-08-15T10:13:14.512-0800: 50712.018: [GC (Allocation Failure) [PSYoungGen: 253008K->8304K(253440K)] 293140K->48436K(515584K), 0.0697981 secs] [Times: user=0.02 sys=0.06, real=0.07 secs] 
2020-08-15T10:19:20.011-0800: 51077.504: [GC (Allocation Failure) [PSYoungGen: 253040K->8368K(253440K)] 293172K->48508K(515584K), 0.0829663 secs] [Times: user=0.07 sys=0.08, real=0.08 secs] 
2020-08-15T10:25:28.087-0800: 51445.569: [GC (Allocation Failure) [PSYoungGen: 253104K->8402K(253440K)] 293244K->48566K(515584K), 0.0156212 secs] [Times: user=0.02 sys=0.00, real=0.02 secs] 
2020-08-15T10:31:31.853-0800: 51809.324: [GC (Allocation Failure) [PSYoungGen: 253138K->8418K(253440K)] 293302K->48581K(515584K), 0.0090337 secs] [Times: user=0.01 sys=0.00, real=0.01 secs] 
2020-08-15T10:37:37.978-0800: 52175.432: [GC (Allocation Failure) [PSYoungGen: 253154K->8467K(253440K)] 293317K->48638K(515584K), 0.0808828 secs] [Times: user=0.06 sys=0.08, real=0.08 secs] 
2020-08-15T10:43:47.094-0800: 52544.537: [GC (Allocation Failure) [PSYoungGen: 253203K->8418K(253440K)] 293374K->48589K(515584K), 0.0710819 secs] [Times: user=0.06 sys=0.06, real=0.07 secs] 
2020-08-15T10:49:49.863-0800: 52907.296: [GC (Allocation Failure) [PSYoungGen: 253154K->8434K(253440K)] 293325K->48637K(515584K), 0.0159349 secs] [Times: user=0.01 sys=0.00, real=0.01 secs] 
2020-08-15T10:55:57.519-0800: 53274.933: [GC (Allocation Failure) [PSYoungGen: 253170K->8353K(253440K)] 293373K->48565K(515584K), 0.0680133 secs] [Times: user=0.06 sys=0.06, real=0.07 secs] 
2020-08-15T11:02:07.161-0800: 53644.564: [GC (Allocation Failure) [PSYoungGen: 253089K->8385K(253440K)] 293301K->48613K(515584K), 0.0801517 secs] [Times: user=0.06 sys=0.07, real=0.08 secs] 
2020-08-15T11:08:06.691-0800: 54004.084: [GC (Allocation Failure) [PSYoungGen: 253121K->8256K(253440K)] 293349K->48507K(515584K), 0.0199130 secs] [Times: user=0.01 sys=0.01, real=0.02 secs] 
2020-08-15T11:14:09.176-0800: 54366.551: [GC (Allocation Failure) [PSYoungGen: 252992K->8321K(253440K)] 293243K->48572K(515584K), 0.0115858 secs] [Times: user=0.02 sys=0.00, real=0.01 secs] 
2020-08-15T11:20:16.584-0800: 54733.947: [GC (Allocation Failure) [PSYoungGen: 253057K->8450K(253440K)] 293308K->48726K(515584K), 0.0105477 secs] [Times: user=0.01 sys=0.00, real=0.01 secs] 
2020-08-15T11:26:20.070-0800: 55097.423: [GC (Allocation Failure) [PSYoungGen: 253186K->8418K(253440K)] 293462K->48693K(515584K), 0.0078001 secs] [Times: user=0.01 sys=0.00, real=0.00 secs] 
2020-08-17T08:06:25.173-0800: 57099.895: [GC (Allocation Failure) [PSYoungGen: 253154K->8091K(253440K)] 293429K->48375K(515584K), 0.3292895 secs] [Times: user=0.19 sys=0.27, real=0.33 secs] 
2020-08-17T08:12:30.342-0800: 57465.062: [GC (Allocation Failure) [PSYoungGen: 252827K->8465K(253440K)] 293111K->48757K(515584K), 0.0184017 secs] [Times: user=0.02 sys=0.00, real=0.02 secs] 
2020-08-17T08:18:42.483-0800: 57837.199: [GC (Allocation Failure) [PSYoungGen: 253201K->8435K(253440K)] 293493K->48726K(515584K), 0.0332607 secs] [Times: user=0.02 sys=0.02, real=0.03 secs] 
2020-08-17T08:24:51.818-0800: 58206.500: [GC (Allocation Failure) [PSYoungGen: 253171K->8450K(253440K)] 293462K->48750K(515584K), 0.0625522 secs] [Times: user=0.06 sys=0.06, real=0.07 secs] 
2020-08-17T08:31:00.186-0800: 58574.857: [GC (Allocation Failure) [PSYoungGen: 253186K->8401K(253440K)] 293486K->48700K(515584K), 0.0329071 secs] [Times: user=0.02 sys=0.01, real=0.03 secs] 
2020-08-17T08:37:08.414-0800: 58943.074: [GC (Allocation Failure) [PSYoungGen: 253137K->8401K(253440K)] 293436K->48708K(515584K), 0.0154586 secs] [Times: user=0.02 sys=0.01, real=0.02 secs] 
2020-08-17T08:43:13.624-0800: 59308.263: [GC (Allocation Failure) [PSYoungGen: 253137K->8417K(253440K)] 293444K->48725K(515584K), 0.0108046 secs] [Times: user=0.02 sys=0.01, real=0.01 secs] 
2020-08-17T08:49:29.988-0800: 59684.616: [GC (Allocation Failure) [PSYoungGen: 253153K->8369K(253440K)] 293461K->48692K(515584K), 0.0098001 secs] [Times: user=0.01 sys=0.00, real=0.01 secs] 
2020-08-17T08:55:33.429-0800: 60048.046: [GC (Allocation Failure) [PSYoungGen: 253105K->8369K(253440K)] 293428K->48692K(515584K), 0.0140655 secs] [Times: user=0.01 sys=0.01, real=0.02 secs] 
2020-08-17T09:01:41.538-0800: 60416.140: [GC (Allocation Failure) [PSYoungGen: 253105K->8353K(253440K)] 293428K->48685K(515584K), 0.0155829 secs] [Times: user=0.01 sys=0.01, real=0.02 secs] 
2020-08-17T09:07:50.575-0800: 60785.165: [GC (Allocation Failure) [PSYoungGen: 253089K->8401K(253440K)] 293421K->48733K(515584K), 0.0139200 secs] [Times: user=0.01 sys=0.00, real=0.01 secs] 
2020-08-17T09:14:00.695-0800: 61155.270: [GC (Allocation Failure) [PSYoungGen: 253137K->8320K(253440K)] 293469K->48660K(515584K), 0.0179378 secs] [Times: user=0.02 sys=0.00, real=0.02 secs] 
2020-08-17T09:20:08.204-0800: 61522.768: [GC (Allocation Failure) [PSYoungGen: 253056K->8368K(253440K)] 293396K->48708K(515584K), 0.0093094 secs] [Times: user=0.01 sys=0.00, real=0.01 secs] 
2020-08-17T09:26:07.732-0800: 61882.285: [GC (Allocation Failure) [PSYoungGen: 253104K->8288K(253440K)] 293444K->48627K(515584K), 0.0087892 secs] [Times: user=0.01 sys=0.00, real=0.01 secs] 
2020-08-17T09:32:12.976-0800: 62247.513: [GC (Allocation Failure) [PSYoungGen: 253024K->8320K(253440K)] 293363K->48659K(515584K), 0.0137598 secs] [Times: user=0.01 sys=0.00, real=0.02 secs] 
2020-08-17T09:38:43.960-0800: 62638.486: [GC (Allocation Failure) [PSYoungGen: 253056K->8353K(253440K)] 293395K->48741K(515584K), 0.0103381 secs] [Times: user=0.01 sys=0.00, real=0.01 secs] 
2020-08-17T09:44:49.200-0800: 63003.714: [GC (Allocation Failure) [PSYoungGen: 253089K->8369K(253440K)] 293477K->48756K(515584K), 0.0093995 secs] [Times: user=0.01 sys=0.00, real=0.00 secs] 
2020-08-17T09:50:57.386-0800: 63371.885: [GC (Allocation Failure) [PSYoungGen: 253105K->8368K(253440K)] 293492K->48780K(515584K), 0.0088417 secs] [Times: user=0.01 sys=0.00, real=0.01 secs] 
2020-08-17T09:57:00.802-0800: 63735.289: [GC (Allocation Failure) [PSYoungGen: 253104K->8353K(253440K)] 293516K->48764K(515584K), 0.0091514 secs] [Times: user=0.01 sys=0.01, real=0.01 secs] 
2020-08-17T10:03:05.971-0800: 64100.443: [GC (Allocation Failure) [PSYoungGen: 253089K->8369K(253440K)] 293500K->48780K(515584K), 0.0174225 secs] [Times: user=0.02 sys=0.01, real=0.01 secs] 
2020-08-17T10:09:13.952-0800: 64468.412: [GC (Allocation Failure) [PSYoungGen: 253105K->8353K(253440K)] 293516K->48765K(515584K), 0.0518273 secs] [Times: user=0.02 sys=0.01, real=0.05 secs] 
2020-08-17T10:15:18.984-0800: 64833.433: [GC (Allocation Failure) [PSYoungGen: 253089K->8369K(253440K)] 293501K->48780K(515584K), 0.0165732 secs] [Times: user=0.01 sys=0.00, real=0.02 secs] 
2020-08-17T10:21:24.841-0800: 65199.271: [GC (Allocation Failure) [PSYoungGen: 253105K->8385K(253440K)] 293516K->48812K(515584K), 0.0149316 secs] [Times: user=0.02 sys=0.00, real=0.01 secs] 
2020-08-17T10:27:32.773-0800: 65567.192: [GC (Allocation Failure) [PSYoungGen: 253121K->8256K(253440K)] 293548K->48683K(515584K), 0.0102750 secs] [Times: user=0.02 sys=0.00, real=0.01 secs] 
2020-08-17T10:33:34.850-0800: 65929.258: [GC (Allocation Failure) [PSYoungGen: 252992K->8304K(253440K)] 293419K->48740K(515584K), 0.0092919 secs] [Times: user=0.01 sys=0.00, real=0.00 secs] 
2020-08-17T10:39:40.380-0800: 66294.775: [GC (Allocation Failure) [PSYoungGen: 253040K->8368K(253440K)] 293476K->48804K(515584K), 0.0098500 secs] [Times: user=0.01 sys=0.00, real=0.01 secs] 
2020-08-17T10:45:48.136-0800: 66662.520: [GC (Allocation Failure) [PSYoungGen: 253104K->8418K(253440K)] 293540K->48853K(515584K), 0.0093460 secs] [Times: user=0.01 sys=0.00, real=0.01 secs] 
2020-08-17T10:51:52.040-0800: 67026.409: [GC (Allocation Failure) [PSYoungGen: 253154K->8386K(253440K)] 293589K->48821K(515584K), 0.0094359 secs] [Times: user=0.02 sys=0.00, real=0.00 secs] 
2020-08-17T10:57:56.667-0800: 67391.025: [GC (Allocation Failure) [PSYoungGen: 253122K->8386K(253440K)] 293557K->48822K(515584K), 0.0084397 secs] [Times: user=0.01 sys=0.00, real=0.01 secs] 
2020-08-17T11:04:04.329-0800: 67758.676: [GC (Allocation Failure) [PSYoungGen: 253122K->8370K(253440K)] 293558K->48805K(515584K), 0.0103828 secs] [Times: user=0.01 sys=0.00, real=0.01 secs] 
2020-08-17T11:10:07.057-0800: 68121.388: [GC (Allocation Failure) [PSYoungGen: 253106K->8386K(253440K)] 293541K->48830K(515584K), 0.0097803 secs] [Times: user=0.01 sys=0.00, real=0.01 secs] 
2020-08-17T11:16:12.022-0800: 68486.342: [GC (Allocation Failure) [PSYoungGen: 253116K->8417K(253440K)] 293559K->48860K(515584K), 0.0114039 secs] [Times: user=0.02 sys=0.00, real=0.01 secs] 
2020-08-17T11:22:17.486-0800: 68851.795: [GC (Allocation Failure) [PSYoungGen: 253153K->8321K(253440K)] 293596K->48764K(515584K), 0.0085890 secs] [Times: user=0.01 sys=0.01, real=0.01 secs] 
2020-08-17T11:28:23.093-0800: 69217.387: [GC (Allocation Failure) [PSYoungGen: 253057K->8336K(253440K)] 293500K->48780K(515584K), 0.0212072 secs] [Times: user=0.01 sys=0.00, real=0.02 secs] 
2020-08-17T13:58:23.656-0800: 69642.582: [GC (Allocation Failure) [PSYoungGen: 253072K->8370K(253440K)] 293516K->48813K(515584K), 0.1168032 secs] [Times: user=0.09 sys=0.10, real=0.12 secs] 
2020-08-17T14:04:30.423-0800: 70009.338: [GC (Allocation Failure) [PSYoungGen: 253106K->8353K(253440K)] 293549K->48821K(515584K), 0.0410017 secs] [Times: user=0.01 sys=0.01, real=0.04 secs] 
2020-08-17T14:10:38.860-0800: 70377.764: [GC (Allocation Failure) [PSYoungGen: 253089K->8320K(253440K)] 293557K->48788K(515584K), 0.0177186 secs] [Times: user=0.01 sys=0.00, real=0.01 secs] 
2020-08-17T14:16:53.168-0800: 70751.953: [GC (Allocation Failure) [PSYoungGen: 253056K->8352K(253440K)] 293524K->48820K(515584K), 0.1136858 secs] [Times: user=0.03 sys=0.07, real=0.12 secs] 
2020-08-17T14:23:07.451-0800: 71126.225: [GC (Allocation Failure) [PSYoungGen: 253088K->8320K(253440K)] 293556K->48804K(515584K), 0.0299193 secs] [Times: user=0.02 sys=0.02, real=0.03 secs] 
2020-08-17T14:29:18.672-0800: 71497.437: [GC (Allocation Failure) [PSYoungGen: 253056K->8320K(253440K)] 293540K->48804K(515584K), 0.0713934 secs] [Times: user=0.06 sys=0.07, real=0.07 secs] 
2020-08-17T14:35:36.523-0800: 71875.277: [GC (Allocation Failure) [PSYoungGen: 253056K->8336K(253440K)] 293540K->48819K(515584K), 0.0152587 secs] [Times: user=0.01 sys=0.01, real=0.01 secs] 
2020-08-17T14:41:51.939-0800: 72250.682: [GC (Allocation Failure) [PSYoungGen: 253072K->8288K(253440K)] 293555K->48772K(515584K), 0.0085114 secs] [Times: user=0.01 sys=0.00, real=0.01 secs] 
2020-08-17T14:47:59.030-0800: 72617.758: [GC (Allocation Failure) [PSYoungGen: 253024K->8256K(253440K)] 293508K->48739K(515584K), 0.0358673 secs] [Times: user=0.06 sys=0.04, real=0.03 secs] 
2020-08-17T14:54:08.123-0800: 72986.839: [GC (Allocation Failure) [PSYoungGen: 252992K->8401K(253440K)] 293475K->48885K(515584K), 0.0402069 secs] [Times: user=0.02 sys=0.02, real=0.04 secs] 
2020-08-17T15:00:11.546-0800: 73350.252: [GC (Allocation Failure) [PSYoungGen: 253137K->8434K(253440K)] 293621K->48918K(515584K), 0.0981119 secs] [Times: user=0.06 sys=0.08, real=0.10 secs] 
2020-08-17T15:06:17.477-0800: 73716.164: [GC (Allocation Failure) [PSYoungGen: 253170K->8386K(253440K)] 293654K->48870K(515584K), 0.0678229 secs] [Times: user=0.07 sys=0.06, real=0.07 secs] 
2020-08-17T15:12:25.916-0800: 74084.591: [GC (Allocation Failure) [PSYoungGen: 253122K->8402K(253440K)] 293606K->48886K(515584K), 0.0154440 secs] [Times: user=0.01 sys=0.00, real=0.02 secs] 
2020-08-17T15:18:29.822-0800: 74448.479: [GC (Allocation Failure) [PSYoungGen: 253138K->8417K(253440K)] 293622K->48901K(515584K), 0.0091027 secs] [Times: user=0.01 sys=0.00, real=0.01 secs] 
2020-08-17T15:24:35.396-0800: 74814.042: [GC (Allocation Failure) [PSYoungGen: 253153K->8386K(253440K)] 293637K->48870K(515584K), 0.0302515 secs] [Times: user=0.02 sys=0.02, real=0.03 secs] 
2020-08-17T15:30:44.505-0800: 75183.140: [GC (Allocation Failure) [PSYoungGen: 253122K->8369K(253440K)] 293605K->48885K(515584K), 0.0206091 secs] [Times: user=0.02 sys=0.01, real=0.02 secs] 
2020-08-17T15:36:43.733-0800: 75542.352: [GC (Allocation Failure) [PSYoungGen: 253105K->8304K(253440K)] 293621K->48828K(515584K), 0.0091543 secs] [Times: user=0.01 sys=0.00, real=0.01 secs] 
2020-08-17T15:42:49.207-0800: 75907.815: [GC (Allocation Failure) [PSYoungGen: 253040K->8304K(253440K)] 293564K->48828K(515584K), 0.0118364 secs] [Times: user=0.02 sys=0.00, real=0.01 secs] 
2020-08-17T15:48:56.181-0800: 76274.779: [GC (Allocation Failure) [PSYoungGen: 253040K->8450K(253440K)] 293564K->48974K(515584K), 0.0391299 secs] [Times: user=0.04 sys=0.04, real=0.04 secs] 
2020-08-17T15:55:00.090-0800: 76638.673: [GC (Allocation Failure) [PSYoungGen: 253186K->8402K(253440K)] 293710K->48925K(515584K), 0.0152030 secs] [Times: user=0.01 sys=0.01, real=0.01 secs] 
2020-08-17T16:01:06.347-0800: 77004.918: [GC (Allocation Failure) [PSYoungGen: 253138K->8353K(253440K)] 293661K->48876K(515584K), 0.0083027 secs] [Times: user=0.01 sys=0.00, real=0.01 secs] 
2020-08-17T16:07:15.132-0800: 77373.689: [GC (Allocation Failure) [PSYoungGen: 253089K->8418K(253440K)] 293612K->48950K(515584K), 0.0118596 secs] [Times: user=0.01 sys=0.00, real=0.01 secs] 
2020-08-17T16:13:19.278-0800: 77737.824: [GC (Allocation Failure) [PSYoungGen: 253154K->8419K(253440K)] 293686K->48950K(515584K), 0.0096255 secs] [Times: user=0.02 sys=0.00, real=0.01 secs] 
2020-08-17T16:19:25.057-0800: 78103.592: [GC (Allocation Failure) [PSYoungGen: 253155K->8385K(253440K)] 293686K->48917K(515584K), 0.0079669 secs] [Times: user=0.01 sys=0.00, real=0.01 secs] 
2020-08-17T16:25:32.866-0800: 78471.386: [GC (Allocation Failure) [PSYoungGen: 253121K->8303K(253440K)] 293653K->48835K(515584K), 0.0117117 secs] [Times: user=0.02 sys=0.00, real=0.01 secs] 
2020-08-17T16:31:33.026-0800: 78831.536: [GC (Allocation Failure) [PSYoungGen: 253039K->8240K(253440K)] 293571K->48772K(515584K), 0.0940512 secs] [Times: user=0.06 sys=0.08, real=0.10 secs] 
2020-08-17T16:37:40.514-0800: 79199.007: [GC (Allocation Failure) [PSYoungGen: 252976K->8467K(253440K)] 293508K->48998K(515584K), 0.0248176 secs] [Times: user=0.01 sys=0.01, real=0.02 secs] 
2020-08-17T16:43:44.548-0800: 79563.029: [GC (Allocation Failure) [PSYoungGen: 253203K->8418K(253440K)] 293734K->48950K(515584K), 0.0100161 secs] [Times: user=0.01 sys=0.00, real=0.01 secs] 
2020-08-17T16:49:49.770-0800: 79928.239: [GC (Allocation Failure) [PSYoungGen: 253154K->8387K(253440K)] 293686K->48918K(515584K), 0.0100680 secs] [Times: user=0.01 sys=0.00, real=0.01 secs] 
2020-08-17T16:55:57.335-0800: 80295.786: [GC (Allocation Failure) [PSYoungGen: 253123K->8387K(253440K)] 293654K->48918K(515584K), 0.0082815 secs] [Times: user=0.01 sys=0.00, real=0.01 secs] 
2020-08-17T17:02:00.325-0800: 80658.765: [GC (Allocation Failure) [PSYoungGen: 253123K->8418K(253440K)] 293654K->48950K(515584K), 0.0364726 secs] [Times: user=0.06 sys=0.04, real=0.04 secs] 
2020-08-17T17:08:05.032-0800: 81023.461: [GC (Allocation Failure) [PSYoungGen: 253154K->8370K(253440K)] 293686K->48901K(515584K), 0.0757804 secs] [Times: user=0.02 sys=0.02, real=0.07 secs] 
2020-08-17T17:14:12.963-0800: 81391.376: [GC (Allocation Failure) [PSYoungGen: 253095K->8369K(253440K)] 293626K->48901K(515584K), 0.0164675 secs] [Times: user=0.01 sys=0.00, real=0.02 secs] 
2020-08-17T17:20:10.401-0800: 81748.803: [GC (Allocation Failure) [PSYoungGen: 253105K->8240K(253440K)] 293637K->48772K(515584K), 0.0087250 secs] [Times: user=0.02 sys=0.00, real=0.01 secs] 
2020-08-17T17:26:15.794-0800: 82114.185: [GC (Allocation Failure) [PSYoungGen: 252976K->8353K(253440K)] 293508K->48884K(515584K), 0.0427949 secs] [Times: user=0.06 sys=0.05, real=0.04 secs] 
2020-08-17T17:32:24.002-0800: 82482.375: [GC (Allocation Failure) [PSYoungGen: 253089K->8434K(253440K)] 293620K->48965K(515584K), 0.0157553 secs] [Times: user=0.01 sys=0.00, real=0.01 secs] 
2020-08-18T08:04:07.677-0800: 85346.907: [GC (Allocation Failure) [PSYoungGen: 253170K->8060K(253440K)] 293701K->48600K(515584K), 0.1964675 secs] [Times: user=0.09 sys=0.17, real=0.20 secs] 
2020-08-18T08:10:12.406-0800: 85711.625: [GC (Allocation Failure) [PSYoungGen: 252796K->8450K(253440K)] 293336K->48989K(515584K), 0.0257482 secs] [Times: user=0.02 sys=0.01, real=0.03 secs] 
2020-08-18T08:16:18.718-0800: 86077.321: [GC (Allocation Failure) [PSYoungGen: 253186K->8336K(253440K)] 293725K->48876K(515584K), 0.0217384 secs] [Times: user=0.02 sys=0.01, real=0.03 secs] 
2020-08-18T08:22:21.019-0800: 86439.611: [GC (Allocation Failure) [PSYoungGen: 253072K->8336K(253440K)] 293612K->48876K(515584K), 0.0184744 secs] [Times: user=0.02 sys=0.01, real=0.02 secs] 
2020-08-18T08:28:26.436-0800: 86805.017: [GC (Allocation Failure) [PSYoungGen: 253072K->8288K(253440K)] 293612K->48828K(515584K), 0.0081722 secs] [Times: user=0.01 sys=0.00, real=0.01 secs] 
2020-08-18T08:34:26.721-0800: 87165.292: [GC (Allocation Failure) [PSYoungGen: 253024K->8288K(253440K)] 293564K->48827K(515584K), 0.0210459 secs] [Times: user=0.02 sys=0.00, real=0.02 secs] 
2020-08-18T08:40:31.808-0800: 87529.995: [GC (Allocation Failure) [PSYoungGen: 253024K->8320K(253440K)] 293563K->48860K(515584K), 0.0215497 secs] [Times: user=0.01 sys=0.01, real=0.03 secs] 
2020-08-18T08:46:38.686-0800: 87896.862: [GC (Allocation Failure) [PSYoungGen: 253056K->8433K(253440K)] 293596K->48973K(515584K), 0.0106125 secs] [Times: user=0.02 sys=0.00, real=0.01 secs] 
2020-08-18T08:52:41.580-0800: 88259.498: [GC (Allocation Failure) [PSYoungGen: 253169K->8434K(253440K)] 293709K->48973K(515584K), 0.0095502 secs] [Times: user=0.01 sys=0.00, real=0.01 secs] 
2020-08-18T08:58:45.808-0800: 88623.715: [GC (Allocation Failure) [PSYoungGen: 253170K->8400K(253440K)] 293709K->48940K(515584K), 0.0085370 secs] [Times: user=0.01 sys=0.00, real=0.01 secs] 
2020-08-18T09:04:53.802-0800: 88991.520: [GC (Allocation Failure) [PSYoungGen: 253136K->8451K(253440K)] 293676K->48990K(515584K), 0.0091106 secs] [Times: user=0.01 sys=0.00, real=0.01 secs] 
2020-08-18T09:10:56.994-0800: 89354.701: [GC (Allocation Failure) [PSYoungGen: 253187K->8434K(253440K)] 293726K->48973K(515584K), 0.0185378 secs] [Times: user=0.02 sys=0.01, real=0.02 secs] 
2020-08-18T09:17:02.112-0800: 89719.807: [GC (Allocation Failure) [PSYoungGen: 253170K->8450K(253440K)] 293709K->48990K(515584K), 0.0090513 secs] [Times: user=0.01 sys=0.00, real=0.01 secs] 
2020-08-18T09:23:10.245-0800: 90087.929: [GC (Allocation Failure) [PSYoungGen: 253186K->8433K(253440K)] 293726K->48973K(515584K), 0.0077656 secs] [Times: user=0.01 sys=0.00, real=0.01 secs] 
2020-08-18T09:29:13.189-0800: 90450.862: [GC (Allocation Failure) [PSYoungGen: 253169K->8402K(253440K)] 293709K->48941K(515584K), 0.0082127 secs] [Times: user=0.01 sys=0.00, real=0.01 secs] 
2020-08-18T09:35:10.930-0800: 90808.592: [GC (Allocation Failure) [PSYoungGen: 253138K->8256K(253440K)] 293677K->48843K(515584K), 0.0107671 secs] [Times: user=0.02 sys=0.01, real=0.01 secs] 
2020-08-18T09:41:13.988-0800: 91171.640: [GC (Allocation Failure) [PSYoungGen: 252992K->8304K(253440K)] 293579K->48892K(515584K), 0.0095513 secs] [Times: user=0.02 sys=0.00, real=0.01 secs] 
2020-08-18T09:47:19.249-0800: 91536.890: [GC (Allocation Failure) [PSYoungGen: 253040K->8288K(253440K)] 293628K->48876K(515584K), 0.0086611 secs] [Times: user=0.01 sys=0.00, real=0.01 secs] 
2020-08-18T09:53:23.720-0800: 91901.350: [GC (Allocation Failure) [PSYoungGen: 253024K->8370K(253440K)] 293612K->48957K(515584K), 0.0450775 secs] [Times: user=0.05 sys=0.04, real=0.04 secs] 
2020-08-18T09:59:27.013-0800: 92264.632: [GC (Allocation Failure) [PSYoungGen: 253106K->8435K(253440K)] 293693K->49022K(515584K), 0.0169628 secs] [Times: user=0.01 sys=0.01, real=0.02 secs] 
2020-08-18T10:05:31.592-0800: 92629.201: [GC (Allocation Failure) [PSYoungGen: 253171K->8434K(253440K)] 293758K->49021K(515584K), 0.0090503 secs] [Times: user=0.01 sys=0.00, real=0.01 secs] 
2020-08-18T10:11:39.608-0800: 92997.205: [GC (Allocation Failure) [PSYoungGen: 253170K->8434K(253440K)] 293757K->49022K(515584K), 0.0161646 secs] [Times: user=0.01 sys=0.00, real=0.02 secs] 
2020-08-18T10:17:42.556-0800: 93360.142: [GC (Allocation Failure) [PSYoungGen: 253170K->8386K(253440K)] 293758K->48974K(515584K), 0.0086717 secs] [Times: user=0.01 sys=0.00, real=0.01 secs] 
2020-08-18T10:23:56.348-0800: 93733.923: [GC (Allocation Failure) [PSYoungGen: 253122K->8418K(253440K)] 293710K->49005K(515584K), 0.0078609 secs] [Times: user=0.01 sys=0.00, real=0.01 secs] 
2020-08-18T10:30:04.533-0800: 94102.097: [GC (Allocation Failure) [PSYoungGen: 253154K->8369K(253440K)] 293741K->48957K(515584K), 0.0084090 secs] [Times: user=0.02 sys=0.00, real=0.01 secs] 
2020-08-18T10:36:07.272-0800: 94464.825: [GC (Allocation Failure) [PSYoungGen: 253105K->8370K(253440K)] 293693K->48957K(515584K), 0.0085162 secs] [Times: user=0.01 sys=0.00, real=0.01 secs] 
2020-08-18T10:42:07.153-0800: 94824.696: [GC (Allocation Failure) [PSYoungGen: 253106K->8191K(253440K)] 293693K->48786K(515584K), 0.0082143 secs] [Times: user=0.01 sys=0.00, real=0.01 secs] 
2020-08-18T10:48:07.954-0800: 95185.485: [GC (Allocation Failure) [PSYoungGen: 252927K->8288K(253440K)] 293522K->48891K(515584K), 0.0112200 secs] [Times: user=0.01 sys=0.00, real=0.01 secs] 
2020-08-18T10:54:16.101-0800: 95553.621: [GC (Allocation Failure) [PSYoungGen: 253024K->8336K(253440K)] 293627K->48947K(515584K), 0.0074398 secs] [Times: user=0.01 sys=0.00, real=0.00 secs] 
2020-08-18T11:00:19.567-0800: 95917.076: [GC (Allocation Failure) [PSYoungGen: 253072K->8336K(253440K)] 293683K->48948K(515584K), 0.0076766 secs] [Times: user=0.01 sys=0.00, real=0.01 secs] 
2020-08-18T11:06:24.534-0800: 96282.032: [GC (Allocation Failure) [PSYoungGen: 253072K->8336K(253440K)] 293684K->48948K(515584K), 0.0097933 secs] [Times: user=0.01 sys=0.00, real=0.01 secs] 
2020-08-18T11:26:40.098-0800: 96649.746: [GC (Allocation Failure) [PSYoungGen: 253072K->8336K(253440K)] 293684K->48948K(515584K), 0.0197783 secs] [Times: user=0.01 sys=0.01, real=0.02 secs] 
2020-08-18T11:32:47.714-0800: 97017.352: [GC (Allocation Failure) [PSYoungGen: 253072K->8401K(253440K)] 293684K->49013K(515584K), 0.0223159 secs] [Times: user=0.02 sys=0.01, real=0.02 secs] 
2020-08-18T14:06:38.097-0800: 97402.911: [GC (Allocation Failure) [PSYoungGen: 253137K->8369K(253440K)] 293749K->48980K(515584K), 0.0309042 secs] [Times: user=0.01 sys=0.01, real=0.03 secs] 
2020-08-18T14:16:24.078-0800: 97988.875: [GC (Allocation Failure) [PSYoungGen: 253105K->8370K(253440K)] 293716K->48982K(515584K), 0.3008854 secs] [Times: user=0.03 sys=0.05, real=0.30 secs] 
2020-08-18T14:22:39.371-0800: 98364.157: [GC (Allocation Failure) [PSYoungGen: 253106K->8435K(253440K)] 293718K->49046K(515584K), 0.0225805 secs] [Times: user=0.01 sys=0.01, real=0.02 secs] 
2020-08-18T14:29:05.347-0800: 98750.121: [GC (Allocation Failure) [PSYoungGen: 253171K->8369K(253440K)] 293782K->48980K(515584K), 0.0979287 secs] [Times: user=0.06 sys=0.09, real=0.10 secs] 
2020-08-18T14:35:12.174-0800: 99116.937: [GC (Allocation Failure) [PSYoungGen: 253105K->8385K(253440K)] 293716K->48997K(515584K), 0.1315932 secs] [Times: user=0.04 sys=0.10, real=0.13 secs] 
2020-08-18T14:41:21.763-0800: 99486.515: [GC (Allocation Failure) [PSYoungGen: 253121K->8369K(253440K)] 293733K->48981K(515584K), 0.0160921 secs] [Times: user=0.01 sys=0.00, real=0.01 secs] 
2020-08-18T14:47:24.054-0800: 99848.796: [GC (Allocation Failure) [PSYoungGen: 253105K->8353K(253440K)] 293717K->48965K(515584K), 0.0095168 secs] [Times: user=0.01 sys=0.00, real=0.01 secs] 
2020-08-18T14:53:28.727-0800: 100213.457: [GC (Allocation Failure) [PSYoungGen: 253089K->8353K(253440K)] 293701K->48965K(515584K), 0.1162606 secs] [Times: user=0.07 sys=0.09, real=0.12 secs] 
2020-08-18T14:59:32.301-0800: 100577.020: [GC (Allocation Failure) [PSYoungGen: 253089K->8240K(253440K)] 293701K->48860K(515584K), 0.0166785 secs] [Times: user=0.01 sys=0.01, real=0.01 secs] 
2020-08-18T15:05:35.801-0800: 100940.510: [GC (Allocation Failure) [PSYoungGen: 252976K->8304K(253440K)] 293596K->48924K(515584K), 0.0094285 secs] [Times: user=0.01 sys=0.00, real=0.01 secs] 
2020-08-18T15:11:39.880-0800: 101304.578: [GC (Allocation Failure) [PSYoungGen: 253040K->8337K(253440K)] 293660K->48957K(515584K), 0.0111273 secs] [Times: user=0.02 sys=0.00, real=0.01 secs] 
2020-08-18T15:17:47.710-0800: 101672.396: [GC (Allocation Failure) [PSYoungGen: 253073K->8434K(253440K)] 293693K->49054K(515584K), 0.0193903 secs] [Times: user=0.01 sys=0.01, real=0.01 secs] 
2020-08-18T15:23:51.035-0800: 102035.711: [GC (Allocation Failure) [PSYoungGen: 253170K->8418K(253440K)] 293790K->49038K(515584K), 0.0199441 secs] [Times: user=0.01 sys=0.01, real=0.02 secs] 
2020-08-18T15:29:56.136-0800: 102400.800: [GC (Allocation Failure) [PSYoungGen: 253154K->8402K(253440K)] 293774K->49029K(515584K), 0.0095365 secs] [Times: user=0.01 sys=0.00, real=0.01 secs] 
2020-08-18T15:36:04.070-0800: 102768.724: [GC (Allocation Failure) [PSYoungGen: 253138K->8386K(253440K)] 293765K->49013K(515584K), 0.0272708 secs] [Times: user=0.01 sys=0.02, real=0.02 secs] 
2020-08-18T15:42:06.953-0800: 103131.595: [GC (Allocation Failure) [PSYoungGen: 253122K->8385K(253440K)] 293749K->49029K(515584K), 0.0146427 secs] [Times: user=0.01 sys=0.00, real=0.01 secs] 
2020-08-18T15:48:07.386-0800: 103492.018: [GC (Allocation Failure) [PSYoungGen: 253121K->8191K(253440K)] 293765K->48866K(515584K), 0.0500999 secs] [Times: user=0.02 sys=0.04, real=0.05 secs] 
2020-08-18T15:54:09.981-0800: 103854.602: [GC (Allocation Failure) [PSYoungGen: 252927K->8256K(253440K)] 293602K->48931K(515584K), 0.0197994 secs] [Times: user=0.02 sys=0.00, real=0.02 secs] 
2020-08-18T16:00:16.988-0800: 104221.599: [GC (Allocation Failure) [PSYoungGen: 252992K->8402K(253440K)] 293667K->49078K(515584K), 0.0155662 secs] [Times: user=0.02 sys=0.01, real=0.02 secs] 
2020-08-18T16:06:21.353-0800: 104585.952: [GC (Allocation Failure) [PSYoungGen: 253138K->8403K(253440K)] 293814K->49078K(515584K), 0.0428495 secs] [Times: user=0.06 sys=0.04, real=0.04 secs] 
2020-08-18T16:12:26.195-0800: 104950.783: [GC (Allocation Failure) [PSYoungGen: 253139K->8403K(253440K)] 293814K->49078K(515584K), 0.0211968 secs] [Times: user=0.02 sys=0.01, real=0.02 secs] 
2020-08-18T16:18:34.491-0800: 105319.069: [GC (Allocation Failure) [PSYoungGen: 253139K->8418K(253440K)] 293814K->49093K(515584K), 0.0562698 secs] [Times: user=0.06 sys=0.05, real=0.05 secs] 
2020-08-18T16:24:37.118-0800: 105681.684: [GC (Allocation Failure) [PSYoungGen: 253154K->8385K(253440K)] 293829K->49061K(515584K), 0.0171816 secs] [Times: user=0.02 sys=0.00, real=0.02 secs] 
2020-08-18T16:30:41.839-0800: 106046.395: [GC (Allocation Failure) [PSYoungGen: 253121K->8402K(253440K)] 293797K->49077K(515584K), 0.0106193 secs] [Times: user=0.01 sys=0.00, real=0.02 secs] 
2020-08-18T16:36:49.479-0800: 106414.023: [GC (Allocation Failure) [PSYoungGen: 253138K->8353K(253440K)] 293813K->49029K(515584K), 0.0122164 secs] [Times: user=0.01 sys=0.01, real=0.02 secs] 
2020-08-18T16:42:56.825-0800: 106781.358: [GC (Allocation Failure) [PSYoungGen: 253089K->8385K(253440K)] 293765K->49061K(515584K), 0.0802381 secs] [Times: user=0.06 sys=0.08, real=0.08 secs] 
2020-08-18T16:48:59.405-0800: 107143.927: [GC (Allocation Failure) [PSYoungGen: 253121K->8224K(253440K)] 293797K->48899K(515584K), 0.0462833 secs] [Times: user=0.02 sys=0.03, real=0.05 secs] 
2020-08-18T16:55:02.210-0800: 107506.721: [GC (Allocation Failure) [PSYoungGen: 252960K->8304K(253440K)] 293635K->48980K(515584K), 0.0242914 secs] [Times: user=0.01 sys=0.01, real=0.02 secs] 
2020-08-18T17:01:07.516-0800: 107872.016: [GC (Allocation Failure) [PSYoungGen: 253040K->8353K(253440K)] 293716K->49028K(515584K), 0.1151769 secs] [Times: user=0.07 sys=0.11, real=0.12 secs] 
2020-08-18T17:07:15.648-0800: 108240.137: [GC (Allocation Failure) [PSYoungGen: 253089K->8418K(253440K)] 293764K->49093K(515584K), 0.0691067 secs] [Times: user=0.06 sys=0.06, real=0.07 secs] 
2020-08-18T17:13:18.743-0800: 108603.222: [GC (Allocation Failure) [PSYoungGen: 253154K->8403K(253440K)] 293829K->49078K(515584K), 0.0839648 secs] [Times: user=0.06 sys=0.07, real=0.08 secs] 
2020-08-18T17:19:23.992-0800: 108968.460: [GC (Allocation Failure) [PSYoungGen: 253139K->8386K(253440K)] 293814K->49062K(515584K), 0.0156033 secs] [Times: user=0.01 sys=0.01, real=0.01 secs] 
2020-08-18T17:25:31.536-0800: 109335.993: [GC (Allocation Failure) [PSYoungGen: 253122K->8386K(253440K)] 293798K->49061K(515584K), 0.0214715 secs] [Times: user=0.01 sys=0.01, real=0.02 secs] 
2020-08-18T17:31:34.241-0800: 109698.687: [GC (Allocation Failure) [PSYoungGen: 253122K->8386K(253440K)] 293797K->49062K(515584K), 0.0165071 secs] [Times: user=0.01 sys=0.00, real=0.01 secs] 
2020-08-19T08:03:14.234-0800: 112511.743: [GC (Allocation Failure) [PSYoungGen: 253122K->8058K(253440K)] 293798K->48734K(515584K), 0.4921882 secs] [Times: user=0.27 sys=0.27, real=0.49 secs] 
2020-08-19T08:09:16.362-0800: 112873.861: [GC (Allocation Failure) [PSYoungGen: 252794K->8272K(253440K)] 293470K->48956K(515584K), 0.0544569 secs] [Times: user=0.05 sys=0.05, real=0.05 secs] 
2020-08-19T08:15:19.033-0800: 113236.521: [GC (Allocation Failure) [PSYoungGen: 253008K->8336K(253440K)] 293692K->49028K(515584K), 0.0504001 secs] [Times: user=0.03 sys=0.03, real=0.05 secs] 
2020-08-19T08:21:22.419-0800: 113599.896: [GC (Allocation Failure) [PSYoungGen: 253072K->8353K(253440K)] 293764K->49052K(515584K), 0.0107772 secs] [Times: user=0.01 sys=0.00, real=0.02 secs] 
2020-08-19T08:27:25.455-0800: 113962.921: [GC (Allocation Failure) [PSYoungGen: 253089K->8353K(253440K)] 293788K->49060K(515584K), 0.0095672 secs] [Times: user=0.01 sys=0.00, real=0.01 secs] 
2020-08-19T08:33:31.236-0800: 114328.691: [GC (Allocation Failure) [PSYoungGen: 253089K->8432K(253440K)] 293796K->49148K(515584K), 0.0919435 secs] [Times: user=0.07 sys=0.09, real=0.09 secs] 
2020-08-19T08:39:41.051-0800: 114698.495: [GC (Allocation Failure) [PSYoungGen: 253168K->8466K(253440K)] 293884K->49182K(515584K), 0.0606678 secs] [Times: user=0.04 sys=0.06, real=0.06 secs] 
2020-08-19T08:45:44.556-0800: 115061.989: [GC (Allocation Failure) [PSYoungGen: 253202K->8467K(253440K)] 293918K->49182K(515584K), 0.0569826 secs] [Times: user=0.06 sys=0.06, real=0.06 secs] 
2020-08-19T08:51:49.454-0800: 115426.876: [GC (Allocation Failure) [PSYoungGen: 253203K->8450K(253440K)] 293918K->49166K(515584K), 0.0243262 secs] [Times: user=0.01 sys=0.02, real=0.02 secs] 
2020-08-19T08:57:57.682-0800: 115795.093: [GC (Allocation Failure) [PSYoungGen: 253186K->8450K(253440K)] 293902K->49165K(515584K), 0.0198233 secs] [Times: user=0.01 sys=0.01, real=0.02 secs] 
2020-08-19T09:04:01.209-0800: 116158.609: [GC (Allocation Failure) [PSYoungGen: 253186K->8418K(253440K)] 293901K->49134K(515584K), 0.0513579 secs] [Times: user=0.02 sys=0.02, real=0.06 secs] 
2020-08-19T09:10:07.307-0800: 116524.696: [GC (Allocation Failure) [PSYoungGen: 253154K->8466K(253440K)] 293870K->49182K(515584K), 0.0619333 secs] [Times: user=0.05 sys=0.06, real=0.06 secs] 
2020-08-19T09:16:15.419-0800: 116892.797: [GC (Allocation Failure) [PSYoungGen: 253202K->8402K(253440K)] 293918K->49118K(515584K), 0.0153398 secs] [Times: user=0.01 sys=0.00, real=0.02 secs] 
2020-08-19T09:22:18.539-0800: 117255.906: [GC (Allocation Failure) [PSYoungGen: 253138K->8434K(253440K)] 293854K->49150K(515584K), 0.0078003 secs] [Times: user=0.01 sys=0.01, real=0.01 secs] 
2020-08-19T09:28:17.716-0800: 117615.073: [GC (Allocation Failure) [PSYoungGen: 253170K->8239K(253440K)] 293886K->48954K(515584K), 0.0093497 secs] [Times: user=0.01 sys=0.00, real=0.01 secs] 
2020-08-19T09:34:20.640-0800: 117977.985: [GC (Allocation Failure) [PSYoungGen: 252975K->8336K(253440K)] 293690K->49100K(515584K), 0.0205351 secs] [Times: user=0.01 sys=0.01, real=0.02 secs] 
2020-08-19T09:40:24.687-0800: 118342.022: [GC (Allocation Failure) [PSYoungGen: 253072K->8321K(253440K)] 293836K->49084K(515584K), 0.0153189 secs] [Times: user=0.02 sys=0.01, real=0.02 secs] 
2020-08-19T09:46:30.885-0800: 118708.208: [GC (Allocation Failure) [PSYoungGen: 253057K->8450K(253440K)] 293820K->49213K(515584K), 0.1397213 secs] [Times: user=0.03 sys=0.10, real=0.14 secs] 
2020-08-19T09:52:34.275-0800: 119071.587: [GC (Allocation Failure) [PSYoungGen: 253186K->8403K(253440K)] 293949K->49166K(515584K), 0.0168240 secs] [Times: user=0.01 sys=0.01, real=0.02 secs] 
2020-08-19T09:58:40.622-0800: 119437.924: [GC (Allocation Failure) [PSYoungGen: 253139K->8418K(253440K)] 293902K->49182K(515584K), 0.1029241 secs] [Times: user=0.06 sys=0.08, real=0.10 secs] 
2020-08-19T10:04:51.070-0800: 119808.360: [GC (Allocation Failure) [PSYoungGen: 253154K->8401K(253440K)] 293918K->49165K(515584K), 0.0175534 secs] [Times: user=0.01 sys=0.01, real=0.01 secs] 
2020-08-19T10:10:53.310-0800: 120170.590: [GC (Allocation Failure) [PSYoungGen: 253137K->8433K(253440K)] 293901K->49197K(515584K), 0.0342781 secs] [Times: user=0.01 sys=0.02, real=0.03 secs] 
2020-08-19T10:16:58.517-0800: 120535.786: [GC (Allocation Failure) [PSYoungGen: 253169K->8418K(253440K)] 293933K->49190K(515584K), 0.0815895 secs] [Times: user=0.06 sys=0.08, real=0.08 secs] 
2020-08-19T10:23:06.954-0800: 120904.212: [GC (Allocation Failure) [PSYoungGen: 253154K->8370K(253440K)] 293926K->49141K(515584K), 0.0769631 secs] [Times: user=0.06 sys=0.08, real=0.08 secs] 
2020-08-19T10:29:10.898-0800: 121268.145: [GC (Allocation Failure) [PSYoungGen: 253106K->8386K(253440K)] 293877K->49166K(515584K), 0.0408708 secs] [Times: user=0.01 sys=0.01, real=0.04 secs] 
2020-08-19T10:35:16.364-0800: 121633.600: [GC (Allocation Failure) [PSYoungGen: 253122K->8304K(253440K)] 293902K->49084K(515584K), 0.1041920 secs] [Times: user=0.05 sys=0.07, real=0.10 secs] 
2020-08-19T10:41:19.383-0800: 121996.608: [GC (Allocation Failure) [PSYoungGen: 253040K->8304K(253440K)] 293820K->49084K(515584K), 0.1369048 secs] [Times: user=0.06 sys=0.10, real=0.14 secs] 
2020-08-19T10:47:57.720-0800: 122394.933: [GC (Allocation Failure) [PSYoungGen: 253040K->8450K(253440K)] 293820K->49230K(515584K), 0.0548852 secs] [Times: user=0.06 sys=0.05, real=0.05 secs] 
2020-08-19T10:54:20.572-0800: 122777.774: [GC (Allocation Failure) [PSYoungGen: 253186K->8385K(253440K)] 293966K->49165K(515584K), 0.0147370 secs] [Times: user=0.01 sys=0.00, real=0.01 secs] 
2020-08-19T11:00:23.797-0800: 123140.987: [GC (Allocation Failure) [PSYoungGen: 253121K->8403K(253440K)] 293901K->49182K(515584K), 0.0080089 secs] [Times: user=0.01 sys=0.00, real=0.01 secs] 
2020-08-19T11:06:29.403-0800: 123506.583: [GC (Allocation Failure) [PSYoungGen: 253139K->8403K(253440K)] 293918K->49182K(515584K), 0.0099052 secs] [Times: user=0.01 sys=0.01, real=0.01 secs] 
2020-08-19T11:12:40.209-0800: 123877.378: [GC (Allocation Failure) [PSYoungGen: 253139K->8418K(253440K)] 293918K->49197K(515584K), 0.2110267 secs] [Times: user=0.07 sys=0.14, real=0.22 secs] 
2020-08-19T11:18:47.599-0800: 124244.757: [GC (Allocation Failure) [PSYoungGen: 253154K->8386K(253440K)] 293933K->49166K(515584K), 0.0715744 secs] [Times: user=0.05 sys=0.06, real=0.08 secs] 
2020-08-19T11:24:54.597-0800: 124611.744: [GC (Allocation Failure) [PSYoungGen: 253113K->8385K(253440K)] 293893K->49165K(515584K), 0.0178579 secs] [Times: user=0.01 sys=0.01, real=0.02 secs] 
2020-08-19T11:30:56.778-0800: 124973.914: [GC (Allocation Failure) [PSYoungGen: 253121K->8304K(253440K)] 293901K->49084K(515584K), 0.0079789 secs] [Times: user=0.01 sys=0.00, real=0.01 secs] 
2020-08-19T14:06:52.110-0800: 125355.249: [GC (Allocation Failure) [PSYoungGen: 253040K->8288K(253440K)] 293820K->49068K(515584K), 0.0770010 secs] [Times: user=0.07 sys=0.08, real=0.07 secs] 
2020-08-19T14:12:55.093-0800: 125718.221: [GC (Allocation Failure) [PSYoungGen: 253024K->8304K(253440K)] 293804K->49084K(515584K), 0.0160623 secs] [Times: user=0.01 sys=0.00, real=0.01 secs] 
2020-08-19T14:18:58.336-0800: 126081.453: [GC (Allocation Failure) [PSYoungGen: 253040K->8466K(253440K)] 293820K->49253K(515584K), 0.0103700 secs] [Times: user=0.01 sys=0.00, real=0.01 secs] 
2020-08-19T14:25:03.632-0800: 126446.738: [GC (Allocation Failure) [PSYoungGen: 253202K->8353K(253440K)] 293989K->49140K(515584K), 0.1061332 secs] [Times: user=0.07 sys=0.10, real=0.10 secs] 
2020-08-19T14:31:12.408-0800: 126815.503: [GC (Allocation Failure) [PSYoungGen: 253089K->8450K(253440K)] 293876K->49246K(515584K), 0.0567527 secs] [Times: user=0.06 sys=0.06, real=0.06 secs] 
2020-08-19T14:37:15.759-0800: 127178.843: [GC (Allocation Failure) [PSYoungGen: 253186K->8450K(253440K)] 293982K->49246K(515584K), 0.0945731 secs] [Times: user=0.03 sys=0.07, real=0.10 secs] 
2020-08-19T14:43:22.259-0800: 127545.332: [GC (Allocation Failure) [PSYoungGen: 253186K->8418K(253440K)] 293982K->49222K(515584K), 0.0186376 secs] [Times: user=0.02 sys=0.01, real=0.02 secs] 
2020-08-19T14:49:29.305-0800: 127912.367: [GC (Allocation Failure) [PSYoungGen: 253154K->8288K(253440K)] 293958K->49100K(515584K), 0.0481360 secs] [Times: user=0.06 sys=0.06, real=0.05 secs] 
2020-08-19T14:55:29.923-0800: 128272.974: [GC (Allocation Failure) [PSYoungGen: 253024K->8288K(253440K)] 293836K->49099K(515584K), 0.0090437 secs] [Times: user=0.01 sys=0.00, real=0.01 secs] 
2020-08-19T15:01:36.009-0800: 128639.050: [GC (Allocation Failure) [PSYoungGen: 253024K->8353K(253440K)] 293835K->49164K(515584K), 0.0615924 secs] [Times: user=0.06 sys=0.06, real=0.07 secs] 
2020-08-19T15:07:39.655-0800: 129002.684: [GC (Allocation Failure) [PSYoungGen: 253089K->8337K(253440K)] 293900K->49148K(515584K), 0.0731984 secs] [Times: user=0.05 sys=0.07, real=0.07 secs] 
2020-08-19T15:13:45.257-0800: 129368.276: [GC (Allocation Failure) [PSYoungGen: 253073K->8353K(253440K)] 293884K->49164K(515584K), 0.0207352 secs] [Times: user=0.01 sys=0.01, real=0.02 secs] 
2020-08-19T15:19:52.737-0800: 129735.744: [GC (Allocation Failure) [PSYoungGen: 253089K->8353K(253440K)] 293900K->49164K(515584K), 0.0167867 secs] [Times: user=0.01 sys=0.01, real=0.02 secs] 
2020-08-19T15:37:43.013-0800: 130100.208: [GC (Allocation Failure) [PSYoungGen: 253089K->8450K(253440K)] 293900K->49262K(515584K), 0.1627444 secs] [Times: user=0.06 sys=0.11, real=0.16 secs] 
2020-08-19T15:43:42.637-0800: 130459.822: [GC (Allocation Failure) [PSYoungGen: 253186K->8192K(253440K)] 293998K->49003K(515584K), 0.0994236 secs] [Times: user=0.05 sys=0.09, real=0.10 secs] 
2020-08-19T15:49:45.129-0800: 130822.303: [GC (Allocation Failure) [PSYoungGen: 252928K->8304K(253440K)] 293739K->49124K(515584K), 0.0159471 secs] [Times: user=0.02 sys=0.00, real=0.02 secs] 
2020-08-19T15:55:51.077-0800: 131188.239: [GC (Allocation Failure) [PSYoungGen: 253040K->8288K(253440K)] 293860K->49108K(515584K), 0.1041179 secs] [Times: user=0.07 sys=0.10, real=0.11 secs] 
2020-08-19T16:01:57.166-0800: 131554.318: [GC (Allocation Failure) [PSYoungGen: 253024K->8321K(253440K)] 293844K->49140K(515584K), 0.0246311 secs] [Times: user=0.01 sys=0.01, real=0.03 secs] 
2020-08-19T16:08:01.840-0800: 131918.980: [GC (Allocation Failure) [PSYoungGen: 253057K->8352K(253440K)] 293876K->49172K(515584K), 0.0636041 secs] [Times: user=0.06 sys=0.07, real=0.06 secs] 
2020-08-19T16:14:06.510-0800: 132283.640: [GC (Allocation Failure) [PSYoungGen: 253088K->8418K(253440K)] 293908K->49238K(515584K), 0.0657425 secs] [Times: user=0.03 sys=0.05, real=0.06 secs] 
2020-08-19T16:20:14.403-0800: 132651.521: [GC (Allocation Failure) [PSYoungGen: 253154K->8403K(253440K)] 293974K->49222K(515584K), 0.0540134 secs] [Times: user=0.06 sys=0.06, real=0.05 secs] 
2020-08-19T16:26:17.970-0800: 133015.077: [GC (Allocation Failure) [PSYoungGen: 253139K->8402K(253440K)] 293958K->49229K(515584K), 0.0187696 secs] [Times: user=0.01 sys=0.00, real=0.01 secs] 
2020-08-19T16:32:24.252-0800: 133381.348: [GC (Allocation Failure) [PSYoungGen: 253138K->8403K(253440K)] 293965K->49230K(515584K), 0.0578590 secs] [Times: user=0.03 sys=0.04, real=0.06 secs] 
2020-08-19T16:38:32.761-0800: 133749.847: [GC (Allocation Failure) [PSYoungGen: 253139K->8386K(253440K)] 293966K->49213K(515584K), 0.0173353 secs] [Times: user=0.01 sys=0.01, real=0.01 secs] 
2020-08-19T16:44:36.167-0800: 134113.242: [GC (Allocation Failure) [PSYoungGen: 253122K->8402K(253440K)] 293949K->49229K(515584K), 0.0262938 secs] [Times: user=0.02 sys=0.01, real=0.03 secs] 
2020-08-19T16:50:34.958-0800: 134472.022: [GC (Allocation Failure) [PSYoungGen: 253138K->8208K(253440K)] 293965K->49036K(515584K), 0.0086763 secs] [Times: user=0.01 sys=0.00, real=0.01 secs] 
2020-08-19T16:56:40.370-0800: 134837.423: [GC (Allocation Failure) [PSYoungGen: 252944K->8288K(253440K)] 293772K->49116K(515584K), 0.0291776 secs] [Times: user=0.01 sys=0.01, real=0.02 secs] 
2020-08-19T17:02:42.588-0800: 135199.630: [GC (Allocation Failure) [PSYoungGen: 253024K->8224K(253440K)] 293852K->49051K(515584K), 0.0092273 secs] [Times: user=0.01 sys=0.00, real=0.01 secs] 
2020-08-19T17:08:50.382-0800: 135567.413: [GC (Allocation Failure) [PSYoungGen: 252960K->8450K(253440K)] 293787K->49294K(515584K), 0.0094027 secs] [Times: user=0.01 sys=0.00, real=0.01 secs] 
2020-08-19T17:14:56.060-0800: 135933.080: [GC (Allocation Failure) [PSYoungGen: 253186K->8435K(253440K)] 294030K->49278K(515584K), 0.0200148 secs] [Times: user=0.01 sys=0.01, real=0.02 secs] 
2020-08-19T17:21:00.914-0800: 136297.923: [GC (Allocation Failure) [PSYoungGen: 253171K->8466K(253440K)] 294014K->49309K(515584K), 0.0422221 secs] [Times: user=0.06 sys=0.05, real=0.04 secs] 
2020-08-19T17:27:08.763-0800: 136665.761: [GC (Allocation Failure) [PSYoungGen: 253202K->8434K(253440K)] 294045K->49278K(515584K), 0.0861856 secs] [Times: user=0.07 sys=0.07, real=0.08 secs] 
2020-08-21T08:35:22.204-0800: 140818.900: [GC (Allocation Failure) [PSYoungGen: 253170K->7912K(253440K)] 294014K->48764K(515584K), 0.1911048 secs] [Times: user=0.14 sys=0.16, real=0.19 secs] 
2020-08-21T08:41:27.245-0800: 141183.929: [GC (Allocation Failure) [PSYoungGen: 252648K->8451K(253440K)] 293500K->49302K(515584K), 0.0219082 secs] [Times: user=0.01 sys=0.01, real=0.02 secs] 
2020-08-21T08:47:33.368-0800: 141550.041: [GC (Allocation Failure) [PSYoungGen: 253187K->8335K(253440K)] 294038K->49187K(515584K), 0.0853007 secs] [Times: user=0.07 sys=0.08, real=0.09 secs] 
2020-08-21T08:53:32.843-0800: 141909.506: [GC (Allocation Failure) [PSYoungGen: 253071K->8222K(253440K)] 293923K->49074K(515584K), 0.0885332 secs] [Times: user=0.06 sys=0.09, real=0.09 secs] 
2020-08-21T08:59:35.691-0800: 142272.342: [GC (Allocation Failure) [PSYoungGen: 252958K->8368K(253440K)] 293810K->49220K(515584K), 0.0893304 secs] [Times: user=0.07 sys=0.09, real=0.09 secs] 
2020-08-21T09:05:40.963-0800: 142637.604: [GC (Allocation Failure) [PSYoungGen: 253104K->8385K(253440K)] 293956K->49236K(515584K), 0.0707014 secs] [Times: user=0.05 sys=0.06, real=0.07 secs] 
2020-08-21T09:11:48.276-0800: 143004.905: [GC (Allocation Failure) [PSYoungGen: 253121K->8418K(253440K)] 293972K->49269K(515584K), 0.0174775 secs] [Times: user=0.01 sys=0.01, real=0.02 secs] 
2020-08-21T09:17:51.540-0800: 143368.159: [GC (Allocation Failure) [PSYoungGen: 253154K->8467K(253440K)] 294005K->49318K(515584K), 0.0740636 secs] [Times: user=0.07 sys=0.07, real=0.07 secs] 
2020-08-21T09:23:56.607-0800: 143733.215: [GC (Allocation Failure) [PSYoungGen: 253203K->8435K(253440K)] 294054K->49286K(515584K), 0.0305771 secs] [Times: user=0.02 sys=0.02, real=0.03 secs] 
2020-08-21T09:30:05.275-0800: 144101.872: [GC (Allocation Failure) [PSYoungGen: 253171K->8433K(253440K)] 294022K->49285K(515584K), 0.2755689 secs] [Times: user=0.04 sys=0.14, real=0.28 secs] 
2020-08-21T09:36:08.527-0800: 144465.113: [GC (Allocation Failure) [PSYoungGen: 253169K->8434K(253440K)] 294021K->49286K(515584K), 0.0175587 secs] [Times: user=0.01 sys=0.01, real=0.02 secs] 
2020-08-21T09:42:13.471-0800: 144830.045: [GC (Allocation Failure) [PSYoungGen: 253170K->8386K(253440K)] 294022K->49238K(515584K), 0.0797689 secs] [Times: user=0.05 sys=0.07, real=0.08 secs] 
2020-08-21T09:48:21.119-0800: 145197.683: [GC (Allocation Failure) [PSYoungGen: 253122K->8401K(253440K)] 293974K->49253K(515584K), 0.0936643 secs] [Times: user=0.06 sys=0.09, real=0.09 secs] 
2020-08-21T09:54:24.593-0800: 145561.146: [GC (Allocation Failure) [PSYoungGen: 253137K->8401K(253440K)] 293989K->49252K(515584K), 0.0798643 secs] [Times: user=0.05 sys=0.07, real=0.08 secs] 
2020-08-21T10:00:23.681-0800: 145920.223: [GC (Allocation Failure) [PSYoungGen: 253137K->8239K(253440K)] 293988K->49091K(515584K), 0.0164542 secs] [Times: user=0.01 sys=0.00, real=0.01 secs] 
2020-08-21T10:06:27.288-0800: 146283.819: [GC (Allocation Failure) [PSYoungGen: 252975K->8336K(253440K)] 293827K->49236K(515584K), 0.1066062 secs] [Times: user=0.06 sys=0.10, real=0.11 secs] 
2020-08-21T10:12:33.250-0800: 146649.771: [GC (Allocation Failure) [PSYoungGen: 253072K->8419K(253440K)] 293972K->49318K(515584K), 0.0301893 secs] [Times: user=0.03 sys=0.02, real=0.03 secs] 
2020-08-21T10:18:36.288-0800: 147012.797: [GC (Allocation Failure) [PSYoungGen: 253155K->8434K(253440K)] 294054K->49333K(515584K), 0.0319311 secs] [Times: user=0.01 sys=0.02, real=0.04 secs] 
2020-08-21T10:24:41.632-0800: 147378.130: [GC (Allocation Failure) [PSYoungGen: 253170K->8450K(253440K)] 294069K->49350K(515584K), 0.1237063 secs] [Times: user=0.07 sys=0.11, real=0.12 secs] 
2020-08-21T10:30:49.877-0800: 147746.364: [GC (Allocation Failure) [PSYoungGen: 253186K->8418K(253440K)] 294086K->49318K(515584K), 0.0732635 secs] [Times: user=0.06 sys=0.07, real=0.08 secs] 
2020-08-21T10:36:52.776-0800: 148109.253: [GC (Allocation Failure) [PSYoungGen: 253154K->8419K(253440K)] 294054K->49318K(515584K), 0.0149963 secs] [Times: user=0.01 sys=0.01, real=0.02 secs] 
2020-08-21T10:42:57.758-0800: 148474.223: [GC (Allocation Failure) [PSYoungGen: 253155K->8418K(253440K)] 294054K->49318K(515584K), 0.0117307 secs] [Times: user=0.01 sys=0.00, real=0.02 secs] 
2020-08-21T10:49:06.288-0800: 148842.742: [GC (Allocation Failure) [PSYoungGen: 253154K->8386K(253440K)] 294054K->49285K(515584K), 0.0986553 secs] [Times: user=0.07 sys=0.10, real=0.10 secs] 
2020-08-21T10:55:09.581-0800: 149206.025: [GC (Allocation Failure) [PSYoungGen: 253122K->8370K(253440K)] 294021K->49269K(515584K), 0.0993743 secs] [Times: user=0.06 sys=0.10, real=0.10 secs] 
2020-08-21T11:01:14.758-0800: 149571.191: [GC (Allocation Failure) [PSYoungGen: 253098K->8370K(253440K)] 293998K->49269K(515584K), 0.0161598 secs] [Times: user=0.01 sys=0.01, real=0.02 secs] 
2020-08-21T11:07:16.612-0800: 149933.034: [GC (Allocation Failure) [PSYoungGen: 253106K->8256K(253440K)] 294005K->49155K(515584K), 0.0879079 secs] [Times: user=0.06 sys=0.09, real=0.09 secs] 
2020-08-21T11:13:19.794-0800: 150296.205: [GC (Allocation Failure) [PSYoungGen: 252992K->8272K(253440K)] 293891K->49172K(515584K), 0.0275569 secs] [Times: user=0.01 sys=0.01, real=0.03 secs] 
2020-08-21T14:20:53.284-0800: 150675.309: [GC (Allocation Failure) [PSYoungGen: 253008K->8386K(253440K)] 293908K->49286K(515584K), 0.0851459 secs] [Times: user=0.05 sys=0.08, real=0.08 secs] 
2020-08-21T14:27:01.981-0800: 151043.995: [GC (Allocation Failure) [PSYoungGen: 253122K->8385K(253440K)] 294022K->49284K(515584K), 0.0809207 secs] [Times: user=0.07 sys=0.07, real=0.08 secs] 
2020-08-21T14:33:05.409-0800: 151407.412: [GC (Allocation Failure) [PSYoungGen: 253121K->8385K(253440K)] 294020K->49285K(515584K), 0.1044237 secs] [Times: user=0.07 sys=0.09, real=0.11 secs] 
2020-08-21T14:39:11.099-0800: 151773.092: [GC (Allocation Failure) [PSYoungGen: 253121K->8353K(253440K)] 294021K->49253K(515584K), 0.0649744 secs] [Times: user=0.07 sys=0.07, real=0.07 secs] 
2020-08-21T14:45:20.190-0800: 152142.172: [GC (Allocation Failure) [PSYoungGen: 253089K->8353K(253440K)] 293989K->49253K(515584K), 0.0151764 secs] [Times: user=0.01 sys=0.00, real=0.01 secs] 
2020-08-21T14:51:22.364-0800: 152504.334: [GC (Allocation Failure) [PSYoungGen: 253089K->8353K(253440K)] 293989K->49253K(515584K), 0.1349844 secs] [Times: user=0.05 sys=0.09, real=0.13 secs] 
2020-08-21T14:57:27.945-0800: 152869.905: [GC (Allocation Failure) [PSYoungGen: 253089K->8353K(253440K)] 293989K->49261K(515584K), 0.0814639 secs] [Times: user=0.07 sys=0.07, real=0.08 secs] 
2020-08-21T15:03:37.170-0800: 153239.118: [GC (Allocation Failure) [PSYoungGen: 253089K->8353K(253440K)] 293997K->49261K(515584K), 0.0765934 secs] [Times: user=0.03 sys=0.07, real=0.07 secs] 
2020-08-21T15:09:38.354-0800: 153600.292: [GC (Allocation Failure) [PSYoungGen: 253089K->8239K(253440K)] 293997K->49147K(515584K), 0.0149538 secs] [Times: user=0.01 sys=0.01, real=0.01 secs] 
2020-08-21T15:15:42.589-0800: 153964.516: [GC (Allocation Failure) [PSYoungGen: 252975K->8239K(253440K)] 293883K->49147K(515584K), 0.0497265 secs] [Times: user=0.06 sys=0.05, real=0.05 secs] 
2020-08-21T15:21:48.048-0800: 154329.963: [GC (Allocation Failure) [PSYoungGen: 252975K->8369K(253440K)] 293883K->49277K(515584K), 0.0801281 secs] [Times: user=0.06 sys=0.07, real=0.08 secs] 
2020-08-21T15:27:50.441-0800: 154692.346: [GC (Allocation Failure) [PSYoungGen: 253105K->8369K(253440K)] 294013K->49277K(515584K), 0.0159469 secs] [Times: user=0.01 sys=0.00, real=0.01 secs] 
2020-08-21T15:33:55.348-0800: 155057.242: [GC (Allocation Failure) [PSYoungGen: 253105K->8418K(253440K)] 294013K->49326K(515584K), 0.0098467 secs] [Times: user=0.01 sys=0.00, real=0.01 secs] 
2020-08-21T15:40:03.105-0800: 155424.988: [GC (Allocation Failure) [PSYoungGen: 253154K->8434K(253440K)] 294062K->49342K(515584K), 0.0739662 secs] [Times: user=0.05 sys=0.06, real=0.07 secs] 
2020-08-21T15:46:06.145-0800: 155788.017: [GC (Allocation Failure) [PSYoungGen: 253170K->8418K(253440K)] 294078K->49326K(515584K), 0.0807378 secs] [Times: user=0.06 sys=0.08, real=0.08 secs] 
2020-08-21T15:52:11.282-0800: 156153.143: [GC (Allocation Failure) [PSYoungGen: 253154K->8403K(253440K)] 294062K->49326K(515584K), 0.0367860 secs] [Times: user=0.02 sys=0.01, real=0.03 secs] 
2020-08-21T15:58:19.050-0800: 156520.900: [GC (Allocation Failure) [PSYoungGen: 253139K->8401K(253440K)] 294062K->49325K(515584K), 0.0152513 secs] [Times: user=0.01 sys=0.00, real=0.01 secs] 
2020-08-21T16:04:21.805-0800: 156883.644: [GC (Allocation Failure) [PSYoungGen: 253137K->8403K(253440K)] 294061K->49326K(515584K), 0.0096917 secs] [Times: user=0.01 sys=0.00, real=0.01 secs] 
2020-08-21T16:10:19.737-0800: 157241.566: [GC (Allocation Failure) [PSYoungGen: 253139K->8239K(253440K)] 294062K->49163K(515584K), 0.0328707 secs] [Times: user=0.04 sys=0.04, real=0.04 secs] 
2020-08-21T16:16:24.021-0800: 157605.838: [GC (Allocation Failure) [PSYoungGen: 252975K->8288K(253440K)] 293899K->49212K(515584K), 0.0087318 secs] [Times: user=0.02 sys=0.00, real=0.00 secs] 
2020-08-21T16:22:24.372-0800: 157966.178: [GC (Allocation Failure) [PSYoungGen: 253024K->8256K(253440K)] 293948K->49179K(515584K), 0.0141310 secs] [Times: user=0.01 sys=0.00, real=0.01 secs] 
2020-08-21T16:28:32.380-0800: 158334.176: [GC (Allocation Failure) [PSYoungGen: 252992K->8419K(253440K)] 293915K->49342K(515584K), 0.0081137 secs] [Times: user=0.01 sys=0.00, real=0.00 secs] 
2020-08-21T16:34:35.285-0800: 158697.070: [GC (Allocation Failure) [PSYoungGen: 253155K->8433K(253440K)] 294078K->49357K(515584K), 0.0094826 secs] [Times: user=0.01 sys=0.00, real=0.01 secs] 
2020-08-21T16:40:39.426-0800: 159061.200: [GC (Allocation Failure) [PSYoungGen: 253169K->8417K(253440K)] 294093K->49341K(515584K), 0.0161183 secs] [Times: user=0.01 sys=0.00, real=0.02 secs] 
2020-08-21T16:46:48.618-0800: 159430.381: [GC (Allocation Failure) [PSYoungGen: 253153K->8386K(253440K)] 294077K->49309K(515584K), 0.0092802 secs] [Times: user=0.01 sys=0.00, real=0.01 secs] 
2020-08-21T16:52:51.831-0800: 159793.583: [GC (Allocation Failure) [PSYoungGen: 253122K->8369K(253440K)] 294045K->49292K(515584K), 0.0095656 secs] [Times: user=0.01 sys=0.00, real=0.01 secs] 
2020-08-21T16:58:56.445-0800: 160158.186: [GC (Allocation Failure) [PSYoungGen: 253105K->8368K(253440K)] 294028K->49292K(515584K), 0.0252083 secs] [Times: user=0.01 sys=0.01, real=0.03 secs] 
2020-08-21T17:05:03.911-0800: 160525.641: [GC (Allocation Failure) [PSYoungGen: 253104K->8353K(253440K)] 294028K->49277K(515584K), 0.0263469 secs] [Times: user=0.02 sys=0.02, real=0.02 secs] 
2020-08-21T17:11:06.428-0800: 160888.147: [GC (Allocation Failure) [PSYoungGen: 253089K->8353K(253440K)] 294013K->49277K(515584K), 0.0080097 secs] [Times: user=0.01 sys=0.00, real=0.01 secs] 
2020-08-21T17:17:11.057-0800: 161252.765: [GC (Allocation Failure) [PSYoungGen: 253089K->8353K(253440K)] 294013K->49277K(515584K), 0.0082968 secs] [Times: user=0.01 sys=0.00, real=0.01 secs] 
2020-08-21T17:23:11.751-0800: 161613.448: [GC (Allocation Failure) [PSYoungGen: 253089K->8256K(253440K)] 294013K->49179K(515584K), 0.0175323 secs] [Times: user=0.02 sys=0.01, real=0.01 secs] 
2020-08-21T17:29:15.889-0800: 161977.575: [GC (Allocation Failure) [PSYoungGen: 252992K->8353K(253440K)] 293915K->49276K(515584K), 0.0388729 secs] [Times: user=0.01 sys=0.03, real=0.04 secs] 
2020-08-22T08:16:06.355-0800: 164586.506: [GC (Allocation Failure) [PSYoungGen: 253089K->8043K(253440K)] 294012K->48966K(515584K), 0.2438242 secs] [Times: user=0.13 sys=0.20, real=0.24 secs] 
2020-08-22T08:22:11.842-0800: 164951.981: [GC (Allocation Failure) [PSYoungGen: 252779K->8336K(253440K)] 293702K->49260K(515584K), 0.0864950 secs] [Times: user=0.06 sys=0.07, real=0.08 secs] 
2020-08-22T08:28:16.824-0800: 165316.953: [GC (Allocation Failure) [PSYoungGen: 253072K->8320K(253440K)] 293996K->49244K(515584K), 0.0758688 secs] [Times: user=0.06 sys=0.07, real=0.08 secs] 
2020-08-22T08:34:17.845-0800: 165677.963: [GC (Allocation Failure) [PSYoungGen: 253056K->8256K(253440K)] 293980K->49179K(515584K), 0.0182525 secs] [Times: user=0.01 sys=0.01, real=0.02 secs] 
2020-08-22T08:40:23.678-0800: 166043.785: [GC (Allocation Failure) [PSYoungGen: 252992K->8288K(253440K)] 293915K->49212K(515584K), 0.1037261 secs] [Times: user=0.07 sys=0.10, real=0.11 secs] 
2020-08-22T08:46:24.744-0800: 166404.840: [GC (Allocation Failure) [PSYoungGen: 253024K->8256K(253440K)] 293948K->49179K(515584K), 0.0147482 secs] [Times: user=0.01 sys=0.01, real=0.01 secs] 
2020-08-22T08:52:32.968-0800: 166773.053: [GC (Allocation Failure) [PSYoungGen: 252992K->8450K(253440K)] 293915K->49373K(515584K), 0.0462233 secs] [Times: user=0.05 sys=0.05, real=0.05 secs] 
2020-08-22T08:58:37.095-0800: 167137.169: [GC (Allocation Failure) [PSYoungGen: 253186K->8418K(253440K)] 294109K->49342K(515584K), 0.0959828 secs] [Times: user=0.07 sys=0.09, real=0.10 secs] 
2020-08-22T09:04:44.262-0800: 167504.325: [GC (Allocation Failure) [PSYoungGen: 253154K->8418K(253440K)] 294078K->49342K(515584K), 0.0168005 secs] [Times: user=0.01 sys=0.00, real=0.01 secs] 
2020-08-22T09:10:52.468-0800: 167872.520: [GC (Allocation Failure) [PSYoungGen: 253154K->8434K(253440K)] 294078K->49358K(515584K), 0.0847161 secs] [Times: user=0.04 sys=0.07, real=0.09 secs] 
2020-08-22T09:16:56.353-0800: 168236.394: [GC (Allocation Failure) [PSYoungGen: 253170K->8402K(253440K)] 294094K->49325K(515584K), 0.0189177 secs] [Times: user=0.01 sys=0.01, real=0.02 secs] 
2020-08-22T09:23:02.052-0800: 168602.083: [GC (Allocation Failure) [PSYoungGen: 253138K->8434K(253440K)] 294061K->49357K(515584K), 0.0480992 secs] [Times: user=0.06 sys=0.05, real=0.05 secs] 
2020-08-22T09:29:10.381-0800: 168970.401: [GC (Allocation Failure) [PSYoungGen: 253170K->8418K(253440K)] 294093K->49341K(515584K), 0.0183958 secs] [Times: user=0.02 sys=0.01, real=0.02 secs] 
2020-08-22T09:35:13.827-0800: 169333.836: [GC (Allocation Failure) [PSYoungGen: 253154K->8418K(253440K)] 294077K->49342K(515584K), 0.0158838 secs] [Times: user=0.01 sys=0.01, real=0.02 secs] 
2020-08-22T09:41:19.272-0800: 169699.269: [GC (Allocation Failure) [PSYoungGen: 253146K->8385K(253440K)] 294069K->49309K(515584K), 0.0633538 secs] [Times: user=0.04 sys=0.06, real=0.06 secs] 
2020-08-22T09:47:22.039-0800: 170062.025: [GC (Allocation Failure) [PSYoungGen: 253121K->8272K(253440K)] 294045K->49244K(515584K), 0.0471132 secs] [Times: user=0.01 sys=0.03, real=0.05 secs] 
2020-08-22T09:53:27.708-0800: 170427.684: [GC (Allocation Failure) [PSYoungGen: 253008K->8353K(253440K)] 293980K->49324K(515584K), 0.0712736 secs] [Times: user=0.06 sys=0.07, real=0.08 secs] 
2020-08-22T09:59:36.575-0800: 170796.540: [GC (Allocation Failure) [PSYoungGen: 253089K->8418K(253440K)] 294060K->49390K(515584K), 0.0618439 secs] [Times: user=0.07 sys=0.07, real=0.06 secs] 
2020-08-22T10:05:40.142-0800: 171160.096: [GC (Allocation Failure) [PSYoungGen: 253154K->8418K(253440K)] 294126K->49390K(515584K), 0.1923426 secs] [Times: user=0.06 sys=0.13, real=0.19 secs] 
2020-08-22T10:11:46.279-0800: 171526.221: [GC (Allocation Failure) [PSYoungGen: 253154K->8403K(253440K)] 294126K->49374K(515584K), 0.0174025 secs] [Times: user=0.02 sys=0.01, real=0.02 secs] 
2020-08-22T10:17:54.663-0800: 171894.594: [GC (Allocation Failure) [PSYoungGen: 253139K->8418K(253440K)] 294110K->49389K(515584K), 0.0190058 secs] [Times: user=0.01 sys=0.01, real=0.02 secs] 
2020-08-22T10:23:58.126-0800: 172258.047: [GC (Allocation Failure) [PSYoungGen: 253154K->8403K(253440K)] 294125K->49374K(515584K), 0.0111548 secs] [Times: user=0.02 sys=0.00, real=0.01 secs] 
2020-08-22T10:29:59.657-0800: 172619.567: [GC (Allocation Failure) [PSYoungGen: 253139K->8191K(253440K)] 294110K->49163K(515584K), 0.0101421 secs] [Times: user=0.01 sys=0.00, real=0.01 secs] 
2020-08-22T10:36:00.530-0800: 172980.429: [GC (Allocation Failure) [PSYoungGen: 252927K->8256K(253440K)] 293899K->49227K(515584K), 0.0533773 secs] [Times: user=0.05 sys=0.05, real=0.05 secs] 
2020-08-22T10:42:05.508-0800: 173345.396: [GC (Allocation Failure) [PSYoungGen: 252992K->8304K(253440K)] 293963K->49276K(515584K), 0.0741067 secs] [Times: user=0.06 sys=0.08, real=0.08 secs] 
2020-08-22T10:48:13.408-0800: 173713.285: [GC (Allocation Failure) [PSYoungGen: 253040K->8386K(253440K)] 294012K->49358K(515584K), 0.0615948 secs] [Times: user=0.02 sys=0.01, real=0.07 secs] 
2020-08-22T10:54:17.757-0800: 174077.623: [GC (Allocation Failure) [PSYoungGen: 253122K->8418K(253440K)] 294094K->49390K(515584K), 0.0809741 secs] [Times: user=0.07 sys=0.08, real=0.08 secs] 
2020-08-22T11:00:23.749-0800: 174443.604: [GC (Allocation Failure) [PSYoungGen: 253154K->8434K(253440K)] 294126K->49405K(515584K), 0.0180560 secs] [Times: user=0.02 sys=0.01, real=0.02 secs] 
2020-08-22T11:06:32.635-0800: 174812.479: [GC (Allocation Failure) [PSYoungGen: 253170K->8419K(253440K)] 294141K->49390K(515584K), 0.0146541 secs] [Times: user=0.01 sys=0.00, real=0.02 secs] 
2020-08-22T11:12:36.293-0800: 175176.126: [GC (Allocation Failure) [PSYoungGen: 253155K->8435K(253440K)] 294126K->49406K(515584K), 0.0124228 secs] [Times: user=0.01 sys=0.00, real=0.02 secs] 
2020-08-22T11:18:41.905-0800: 175541.727: [GC (Allocation Failure) [PSYoungGen: 253171K->8418K(253440K)] 294142K->49389K(515584K), 0.0086076 secs] [Times: user=0.01 sys=0.00, real=0.01 secs] 
2020-08-22T11:24:50.320-0800: 175910.131: [GC (Allocation Failure) [PSYoungGen: 253154K->8370K(253440K)] 294125K->49342K(515584K), 0.0105110 secs] [Times: user=0.01 sys=0.00, real=0.01 secs] 
2020-08-22T11:30:53.815-0800: 176273.616: [GC (Allocation Failure) [PSYoungGen: 253106K->8370K(253440K)] 294078K->49341K(515584K), 0.0092130 secs] [Times: user=0.02 sys=0.00, real=0.01 secs] 
2020-08-22T13:56:07.504-0800: 176661.593: [GC (Allocation Failure) [PSYoungGen: 253106K->8224K(253440K)] 294077K->49195K(515584K), 0.1081552 secs] [Times: user=0.04 sys=0.09, real=0.11 secs] 
2020-08-22T14:02:13.152-0800: 177027.231: [GC (Allocation Failure) [PSYoungGen: 252960K->8353K(253440K)] 293931K->49324K(515584K), 0.0158396 secs] [Times: user=0.02 sys=0.01, real=0.01 secs] 
2020-08-22T14:08:19.649-0800: 177393.716: [GC (Allocation Failure) [PSYoungGen: 253089K->8419K(253440K)] 294060K->49390K(515584K), 0.0200433 secs] [Times: user=0.01 sys=0.00, real=0.02 secs] 
2020-08-22T14:14:23.181-0800: 177757.237: [GC (Allocation Failure) [PSYoungGen: 253155K->8418K(253440K)] 294126K->49390K(515584K), 0.0522754 secs] [Times: user=0.06 sys=0.05, real=0.05 secs] 
2020-08-22T14:20:27.551-0800: 178121.596: [GC (Allocation Failure) [PSYoungGen: 253154K->8418K(253440K)] 294126K->49390K(515584K), 0.0214108 secs] [Times: user=0.01 sys=0.01, real=0.02 secs] 
2020-08-22T14:26:35.261-0800: 178489.295: [GC (Allocation Failure) [PSYoungGen: 253154K->8435K(253440K)] 294126K->49406K(515584K), 0.0162350 secs] [Times: user=0.01 sys=0.00, real=0.01 secs] 
2020-08-22T14:32:38.353-0800: 178852.377: [GC (Allocation Failure) [PSYoungGen: 253171K->8403K(253440K)] 294142K->49374K(515584K), 0.0088611 secs] [Times: user=0.01 sys=0.00, real=0.01 secs] 
2020-08-22T14:38:42.572-0800: 179216.584: [GC (Allocation Failure) [PSYoungGen: 253139K->8402K(253440K)] 294110K->49373K(515584K), 0.0094476 secs] [Times: user=0.01 sys=0.00, real=0.01 secs] 
2020-08-22T14:44:45.713-0800: 179579.714: [GC (Allocation Failure) [PSYoungGen: 253138K->8304K(253440K)] 294109K->49276K(515584K), 0.0168289 secs] [Times: user=0.01 sys=0.01, real=0.01 secs] 
2020-08-22T14:50:48.987-0800: 179942.978: [GC (Allocation Failure) [PSYoungGen: 253040K->8336K(253440K)] 294012K->49308K(515584K), 0.0234039 secs] [Times: user=0.02 sys=0.00, real=0.03 secs] 
2020-08-22T14:56:56.493-0800: 180310.472: [GC (Allocation Failure) [PSYoungGen: 253072K->8419K(253440K)] 294044K->49390K(515584K), 0.0166938 secs] [Times: user=0.01 sys=0.01, real=0.01 secs] 
2020-08-22T15:02:59.021-0800: 180672.990: [GC (Allocation Failure) [PSYoungGen: 253155K->8418K(253440K)] 294126K->49390K(515584K), 0.0840752 secs] [Times: user=0.04 sys=0.05, real=0.08 secs] 
2020-08-22T15:09:03.985-0800: 181037.943: [GC (Allocation Failure) [PSYoungGen: 253154K->8435K(253440K)] 294126K->49414K(515584K), 0.0188213 secs] [Times: user=0.01 sys=0.00, real=0.02 secs] 
2020-08-22T15:15:11.199-0800: 181405.145: [GC (Allocation Failure) [PSYoungGen: 253171K->8435K(253440K)] 294150K->49422K(515584K), 0.0092675 secs] [Times: user=0.01 sys=0.00, real=0.01 secs] 
2020-08-22T15:21:14.313-0800: 181768.249: [GC (Allocation Failure) [PSYoungGen: 253171K->8435K(253440K)] 294158K->49430K(515584K), 0.0619842 secs] [Times: user=0.02 sys=0.05, real=0.06 secs] 
2020-08-22T15:27:19.230-0800: 182133.155: [GC (Allocation Failure) [PSYoungGen: 253171K->8435K(253440K)] 294166K->49446K(515584K), 0.0170083 secs] [Times: user=0.01 sys=0.01, real=0.01 secs] 
2020-08-22T15:33:24.722-0800: 182498.636: [GC (Allocation Failure) [PSYoungGen: 253171K->8288K(253440K)] 294182K->49300K(515584K), 0.0100480 secs] [Times: user=0.02 sys=0.00, real=0.01 secs] 
2020-08-22T15:39:24.877-0800: 182858.780: [GC (Allocation Failure) [PSYoungGen: 253024K->8272K(253440K)] 294036K->49284K(515584K), 0.0479194 secs] [Times: user=0.06 sys=0.05, real=0.05 secs] 
2020-08-22T15:45:31.941-0800: 183225.834: [GC (Allocation Failure) [PSYoungGen: 253008K->8417K(253440K)] 294020K->49429K(515584K), 0.0187296 secs] [Times: user=0.02 sys=0.00, real=0.02 secs] 
2020-08-22T15:51:34.770-0800: 183588.652: [GC (Allocation Failure) [PSYoungGen: 253153K->8418K(253440K)] 294165K->49430K(515584K), 0.0612920 secs] [Times: user=0.06 sys=0.06, real=0.06 secs] 
2020-08-22T15:57:39.684-0800: 183953.555: [GC (Allocation Failure) [PSYoungGen: 253154K->8403K(253440K)] 294166K->49414K(515584K), 0.0095639 secs] [Times: user=0.01 sys=0.00, real=0.01 secs] 
2020-08-22T16:03:47.371-0800: 184321.231: [GC (Allocation Failure) [PSYoungGen: 253139K->8419K(253440K)] 294150K->49430K(515584K), 0.0123371 secs] [Times: user=0.01 sys=0.00, real=0.01 secs] 
2020-08-22T16:09:50.424-0800: 184684.272: [GC (Allocation Failure) [PSYoungGen: 253155K->8435K(253440K)] 294166K->49446K(515584K), 0.0098572 secs] [Times: user=0.01 sys=0.00, real=0.01 secs] 
2020-08-22T16:15:55.247-0800: 185049.085: [GC (Allocation Failure) [PSYoungGen: 253171K->8403K(253440K)] 294182K->49414K(515584K), 0.0356868 secs] [Times: user=0.02 sys=0.01, real=0.04 secs] 
2020-08-22T16:22:02.083-0800: 185415.909: [GC (Allocation Failure) [PSYoungGen: 253139K->8288K(253440K)] 294150K->49300K(515584K), 0.0445690 secs] [Times: user=0.04 sys=0.04, real=0.04 secs] 
2020-08-22T16:30:57.419-0800: 185782.018: [GC (Allocation Failure) [PSYoungGen: 253024K->8288K(253440K)] 294036K->49299K(515584K), 0.0962355 secs] [Times: user=0.06 sys=0.09, real=0.10 secs] 
2020-08-22T16:37:04.820-0800: 186149.408: [GC (Allocation Failure) [PSYoungGen: 253024K->8403K(253440K)] 294035K->49414K(515584K), 0.0152494 secs] [Times: user=0.01 sys=0.01, real=0.01 secs] 
2020-08-22T16:43:07.572-0800: 186512.149: [GC (Allocation Failure) [PSYoungGen: 253139K->8385K(253440K)] 294150K->49420K(515584K), 0.0081201 secs] [Times: user=0.01 sys=0.00, real=0.01 secs] 
2020-08-24T08:09:46.172-0800: 188300.744: [GC (Allocation Failure) [PSYoungGen: 253121K->8059K(253440K)] 294156K->49095K(515584K), 0.3083893 secs] [Times: user=0.22 sys=0.24, real=0.31 secs] 
2020-08-24T08:15:51.874-0800: 188666.434: [GC (Allocation Failure) [PSYoungGen: 252795K->8434K(253440K)] 293831K->49469K(515584K), 0.1442263 secs] [Times: user=0.02 sys=0.10, real=0.14 secs] 
2020-08-24T08:21:56.273-0800: 189030.822: [GC (Allocation Failure) [PSYoungGen: 253170K->8368K(253440K)] 294205K->49404K(515584K), 0.0227909 secs] [Times: user=0.02 sys=0.01, real=0.02 secs] 
2020-08-24T08:27:59.157-0800: 189393.696: [GC (Allocation Failure) [PSYoungGen: 253104K->8336K(253440K)] 294140K->49372K(515584K), 0.0714042 secs] [Times: user=0.05 sys=0.07, real=0.07 secs] 
2020-08-24T08:34:04.796-0800: 189759.324: [GC (Allocation Failure) [PSYoungGen: 253072K->8321K(253440K)] 294108K->49356K(515584K), 0.0223045 secs] [Times: user=0.02 sys=0.01, real=0.02 secs] 
2020-08-24T08:40:07.325-0800: 190121.842: [GC (Allocation Failure) [PSYoungGen: 253057K->8336K(253440K)] 294092K->49372K(515584K), 0.0112428 secs] [Times: user=0.02 sys=0.00, real=0.01 secs] 
2020-08-24T08:46:27.009-0800: 190501.515: [GC (Allocation Failure) [PSYoungGen: 253072K->8288K(253440K)] 294108K->49324K(515584K), 0.0188305 secs] [Times: user=0.01 sys=0.01, real=0.02 secs] 
2020-08-24T08:52:48.273-0800: 190882.767: [GC (Allocation Failure) [PSYoungGen: 253024K->8402K(253440K)] 294060K->49437K(515584K), 0.0117818 secs] [Times: user=0.02 sys=0.01, real=0.01 secs] 
2020-08-24T08:59:07.499-0800: 191261.982: [GC (Allocation Failure) [PSYoungGen: 253138K->8402K(253440K)] 294173K->49437K(515584K), 0.0105276 secs] [Times: user=0.01 sys=0.00, real=0.02 secs] 
2020-08-24T09:05:15.239-0800: 191629.711: [GC (Allocation Failure) [PSYoungGen: 253138K->8418K(253440K)] 294173K->49454K(515584K), 0.0086157 secs] [Times: user=0.01 sys=0.00, real=0.01 secs] 
2020-08-24T09:11:22.583-0800: 191997.044: [GC (Allocation Failure) [PSYoungGen: 253154K->8353K(253440K)] 294190K->49388K(515584K), 0.0165360 secs] [Times: user=0.01 sys=0.00, real=0.02 secs] 
2020-08-24T09:17:26.166-0800: 192360.615: [GC (Allocation Failure) [PSYoungGen: 253089K->8369K(253440K)] 294124K->49404K(515584K), 0.0159783 secs] [Times: user=0.01 sys=0.01, real=0.02 secs] 
2020-08-24T09:23:31.212-0800: 192725.651: [GC (Allocation Failure) [PSYoungGen: 253105K->8417K(253440K)] 294140K->49461K(515584K), 0.0971522 secs] [Times: user=0.05 sys=0.09, real=0.09 secs] 
2020-08-24T09:29:42.077-0800: 193096.504: [GC (Allocation Failure) [PSYoungGen: 253153K->8369K(253440K)] 294197K->49412K(515584K), 0.0092927 secs] [Times: user=0.01 sys=0.00, real=0.01 secs] 
2020-08-24T09:35:44.962-0800: 193459.379: [GC (Allocation Failure) [PSYoungGen: 253105K->8417K(253440K)] 294148K->49461K(515584K), 0.0576255 secs] [Times: user=0.06 sys=0.05, real=0.06 secs] 
2020-08-24T09:41:45.395-0800: 193819.801: [GC (Allocation Failure) [PSYoungGen: 253153K->8192K(253440K)] 294197K->49283K(515584K), 0.0248607 secs] [Times: user=0.02 sys=0.01, real=0.03 secs] 
2020-08-24T09:47:47.874-0800: 194182.269: [GC (Allocation Failure) [PSYoungGen: 252928K->8304K(253440K)] 294019K->49396K(515584K), 0.0106209 secs] [Times: user=0.01 sys=0.00, real=0.01 secs] 
2020-08-24T09:53:53.902-0800: 194548.286: [GC (Allocation Failure) [PSYoungGen: 253040K->8418K(253440K)] 294132K->49509K(515584K), 0.0093060 secs] [Times: user=0.02 sys=0.00, real=0.01 secs] 
2020-08-24T09:59:57.077-0800: 194911.450: [GC (Allocation Failure) [PSYoungGen: 253154K->8418K(253440K)] 294245K->49510K(515584K), 0.0582709 secs] [Times: user=0.02 sys=0.04, real=0.06 secs] 
2020-08-24T10:06:02.935-0800: 195277.298: [GC (Allocation Failure) [PSYoungGen: 253154K->8418K(253440K)] 294246K->49510K(515584K), 0.1163153 secs] [Times: user=0.04 sys=0.09, real=0.12 secs] 
2020-08-24T10:12:12.831-0800: 195647.182: [GC (Allocation Failure) [PSYoungGen: 253154K->8466K(253440K)] 294246K->49558K(515584K), 0.0658467 secs] [Times: user=0.06 sys=0.07, real=0.06 secs] 
2020-08-24T10:27:23.476-0800: 196557.800: [GC (Allocation Failure) [PSYoungGen: 253202K->8172K(253440K)] 294294K->49264K(515584K), 0.1204247 secs] [Times: user=0.06 sys=0.11, real=0.12 secs] 
2020-08-24T10:33:26.493-0800: 196920.806: [GC (Allocation Failure) [PSYoungGen: 252908K->8239K(253440K)] 294000K->49331K(515584K), 0.0979152 secs] [Times: user=0.06 sys=0.09, real=0.10 secs] 
2020-08-24T10:39:29.472-0800: 197283.774: [GC (Allocation Failure) [PSYoungGen: 252975K->8288K(253440K)] 294067K->49379K(515584K), 0.1084821 secs] [Times: user=0.07 sys=0.11, real=0.11 secs] 
2020-08-24T10:45:38.326-0800: 197652.618: [GC (Allocation Failure) [PSYoungGen: 253024K->8418K(253440K)] 294115K->49510K(515584K), 0.1482993 secs] [Times: user=0.07 sys=0.12, real=0.15 secs] 
2020-08-24T10:51:42.673-0800: 198016.953: [GC (Allocation Failure) [PSYoungGen: 253154K->8435K(253440K)] 294246K->49526K(515584K), 0.0697991 secs] [Times: user=0.05 sys=0.06, real=0.07 secs] 
2020-08-24T10:57:48.288-0800: 198382.558: [GC (Allocation Failure) [PSYoungGen: 253171K->8403K(253440K)] 294262K->49494K(515584K), 0.0167608 secs] [Times: user=0.01 sys=0.01, real=0.02 secs] 
2020-08-24T11:03:57.639-0800: 198751.897: [GC (Allocation Failure) [PSYoungGen: 253139K->8402K(253440K)] 294230K->49494K(515584K), 0.0106216 secs] [Times: user=0.01 sys=0.00, real=0.02 secs] 
2020-08-24T11:10:01.973-0800: 199116.220: [GC (Allocation Failure) [PSYoungGen: 253138K->8418K(253440K)] 294230K->49510K(515584K), 0.1430244 secs] [Times: user=0.05 sys=0.09, real=0.14 secs] 
2020-08-24T11:16:08.889-0800: 199483.125: [GC (Allocation Failure) [PSYoungGen: 253154K->8402K(253440K)] 294246K->49493K(515584K), 0.0809731 secs] [Times: user=0.06 sys=0.08, real=0.09 secs] 
2020-08-24T11:22:18.656-0800: 199852.881: [GC (Allocation Failure) [PSYoungGen: 253138K->8401K(253440K)] 294229K->49493K(515584K), 0.0991909 secs] [Times: user=0.07 sys=0.09, real=0.10 secs] 
2020-08-24T11:28:23.326-0800: 200217.540: [GC (Allocation Failure) [PSYoungGen: 253137K->8370K(253440K)] 294229K->49461K(515584K), 0.0680472 secs] [Times: user=0.06 sys=0.06, real=0.07 secs] 
2020-08-24T11:34:23.544-0800: 200577.747: [GC (Allocation Failure) [PSYoungGen: 253106K->8207K(253440K)] 294197K->49299K(515584K), 0.1016492 secs] [Times: user=0.06 sys=0.10, real=0.10 secs] 
2020-08-24T13:59:20.239-0800: 200993.460: [GC (Allocation Failure) [PSYoungGen: 252943K->8321K(253440K)] 294035K->49413K(515584K), 0.1702478 secs] [Times: user=0.07 sys=0.12, real=0.18 secs] 
2020-08-24T14:05:26.297-0800: 201359.507: [GC (Allocation Failure) [PSYoungGen: 253057K->8369K(253440K)] 294149K->49461K(515584K), 0.0186358 secs] [Times: user=0.01 sys=0.01, real=0.02 secs] 
2020-08-24T14:11:29.623-0800: 201722.822: [GC (Allocation Failure) [PSYoungGen: 253105K->8433K(253440K)] 294197K->49525K(515584K), 0.0387843 secs] [Times: user=0.02 sys=0.01, real=0.04 secs] 
2020-08-24T14:17:35.548-0800: 202088.737: [GC (Allocation Failure) [PSYoungGen: 253169K->8434K(253440K)] 294261K->49541K(515584K), 0.0793912 secs] [Times: user=0.05 sys=0.07, real=0.08 secs] 
2020-08-24T14:23:44.573-0800: 202457.750: [GC (Allocation Failure) [PSYoungGen: 253170K->8418K(253440K)] 294277K->49525K(515584K), 0.0167806 secs] [Times: user=0.01 sys=0.00, real=0.01 secs] 
2020-08-24T14:29:48.814-0800: 202821.980: [GC (Allocation Failure) [PSYoungGen: 253154K->8435K(253440K)] 294261K->49542K(515584K), 0.0972116 secs] [Times: user=0.07 sys=0.09, real=0.10 secs] 
2020-08-24T14:35:55.426-0800: 203188.582: [GC (Allocation Failure) [PSYoungGen: 253171K->8386K(253440K)] 294278K->49494K(515584K), 0.5280362 secs] [Times: user=0.06 sys=0.21, real=0.53 secs] 
2020-08-24T14:42:05.269-0800: 203558.414: [GC (Allocation Failure) [PSYoungGen: 253122K->8386K(253440K)] 294230K->49493K(515584K), 0.1313660 secs] [Times: user=0.07 sys=0.12, real=0.14 secs] 
2020-08-24T14:48:11.150-0800: 203924.283: [GC (Allocation Failure) [PSYoungGen: 253106K->8353K(253440K)] 294214K->49461K(515584K), 0.1066746 secs] [Times: user=0.06 sys=0.10, real=0.10 secs] 
2020-08-24T14:54:13.396-0800: 204286.518: [GC (Allocation Failure) [PSYoungGen: 253089K->8224K(253440K)] 294197K->49331K(515584K), 0.1338117 secs] [Times: user=0.04 sys=0.09, real=0.14 secs] 
2020-08-24T15:00:18.931-0800: 204652.042: [GC (Allocation Failure) [PSYoungGen: 252960K->8288K(253440K)] 294067K->49396K(515584K), 0.1773604 secs] [Times: user=0.08 sys=0.13, real=0.17 secs] 
2020-08-24T15:06:24.788-0800: 205017.889: [GC (Allocation Failure) [PSYoungGen: 253024K->8239K(253440K)] 294132K->49347K(515584K), 0.1408561 secs] [Times: user=0.03 sys=0.10, real=0.14 secs] 
2020-08-24T15:12:31.244-0800: 205384.334: [GC (Allocation Failure) [PSYoungGen: 252975K->8353K(253440K)] 294083K->49461K(515584K), 0.0754956 secs] [Times: user=0.06 sys=0.08, real=0.08 secs] 
2020-08-24T15:18:35.761-0800: 205748.839: [GC (Allocation Failure) [PSYoungGen: 253089K->8370K(253440K)] 294197K->49477K(515584K), 0.0557869 secs] [Times: user=0.06 sys=0.06, real=0.05 secs] 
2020-08-24T15:24:42.157-0800: 206115.224: [GC (Allocation Failure) [PSYoungGen: 253106K->8435K(253440K)] 294213K->49542K(515584K), 0.1416472 secs] [Times: user=0.03 sys=0.11, real=0.14 secs] 
2020-08-24T15:30:51.923-0800: 206484.980: [GC (Allocation Failure) [PSYoungGen: 253171K->8418K(253440K)] 294278K->49557K(515584K), 0.0186977 secs] [Times: user=0.02 sys=0.01, real=0.02 secs] 
2020-08-24T15:36:56.274-0800: 206849.320: [GC (Allocation Failure) [PSYoungGen: 253154K->8337K(253440K)] 294293K->49476K(515584K), 0.0883410 secs] [Times: user=0.03 sys=0.07, real=0.09 secs] 
2020-08-24T15:43:03.237-0800: 207216.271: [GC (Allocation Failure) [PSYoungGen: 253073K->8385K(253440K)] 294212K->49525K(515584K), 0.0658255 secs] [Times: user=0.05 sys=0.05, real=0.07 secs] 
2020-08-24T15:49:16.193-0800: 207589.216: [GC (Allocation Failure) [PSYoungGen: 253121K->8369K(253440K)] 294261K->49509K(515584K), 0.0222160 secs] [Times: user=0.02 sys=0.01, real=0.02 secs] 
2020-08-24T15:55:20.981-0800: 207953.993: [GC (Allocation Failure) [PSYoungGen: 253105K->8385K(253440K)] 294245K->49525K(515584K), 0.1135833 secs] [Times: user=0.04 sys=0.09, real=0.11 secs] 
2020-08-24T16:01:23.384-0800: 208316.385: [GC (Allocation Failure) [PSYoungGen: 253121K->8191K(253440K)] 294261K->49331K(515584K), 0.1194518 secs] [Times: user=0.03 sys=0.10, real=0.12 secs] 
2020-08-24T16:07:25.965-0800: 208678.956: [GC (Allocation Failure) [PSYoungGen: 252927K->8256K(253440K)] 294067K->49395K(515584K), 0.0865176 secs] [Times: user=0.06 sys=0.08, real=0.09 secs] 
2020-08-24T16:13:34.063-0800: 209047.043: [GC (Allocation Failure) [PSYoungGen: 252992K->8402K(253440K)] 294131K->49542K(515584K), 0.1076047 secs] [Times: user=0.06 sys=0.09, real=0.11 secs] 
2020-08-24T16:19:39.748-0800: 209412.717: [GC (Allocation Failure) [PSYoungGen: 253138K->8418K(253440K)] 294278K->49558K(515584K), 0.1042555 secs] [Times: user=0.06 sys=0.10, real=0.11 secs] 
2020-08-24T16:25:46.466-0800: 209779.423: [GC (Allocation Failure) [PSYoungGen: 253154K->8386K(253440K)] 294294K->49526K(515584K), 0.0946038 secs] [Times: user=0.06 sys=0.09, real=0.10 secs] 
2020-08-24T16:31:55.479-0800: 210148.426: [GC (Allocation Failure) [PSYoungGen: 253122K->8386K(253440K)] 294262K->49525K(515584K), 0.1304627 secs] [Times: user=0.07 sys=0.11, real=0.14 secs] 
2020-08-24T16:38:00.044-0800: 210512.979: [GC (Allocation Failure) [PSYoungGen: 253122K->8386K(253440K)] 294261K->49526K(515584K), 0.0810907 secs] [Times: user=0.03 sys=0.07, real=0.08 secs] 
2020-08-24T16:44:06.446-0800: 210879.370: [GC (Allocation Failure) [PSYoungGen: 253122K->8386K(253440K)] 294262K->49526K(515584K), 0.0955748 secs] [Times: user=0.05 sys=0.08, real=0.10 secs] 
2020-08-24T16:50:16.156-0800: 211249.069: [GC (Allocation Failure) [PSYoungGen: 253122K->8337K(253440K)] 294262K->49477K(515584K), 0.0843079 secs] [Times: user=0.06 sys=0.07, real=0.09 secs] 
2020-08-24T16:56:22.484-0800: 211615.386: [GC (Allocation Failure) [PSYoungGen: 253073K->8353K(253440K)] 294213K->49493K(515584K), 0.0623366 secs] [Times: user=0.06 sys=0.06, real=0.06 secs] 
2020-08-24T17:02:28.121-0800: 211981.013: [GC (Allocation Failure) [PSYoungGen: 253089K->8385K(253440K)] 294229K->49525K(515584K), 0.0639879 secs] [Times: user=0.07 sys=0.06, real=0.06 secs] 
2020-08-24T17:08:30.469-0800: 212343.350: [GC (Allocation Failure) [PSYoungGen: 253121K->8272K(253440K)] 294261K->49420K(515584K), 0.2014906 secs] [Times: user=0.07 sys=0.11, real=0.21 secs] 
2020-08-24T17:14:43.616-0800: 212716.485: [GC (Allocation Failure) [PSYoungGen: 253008K->8369K(253440K)] 294156K->49517K(515584K), 0.0164455 secs] [Times: user=0.02 sys=0.01, real=0.02 secs] 
2020-08-24T17:20:53.973-0800: 213086.832: [GC (Allocation Failure) [PSYoungGen: 253105K->8402K(253440K)] 294253K->49549K(515584K), 0.0706166 secs] [Times: user=0.06 sys=0.06, real=0.07 secs] 
2020-08-24T17:26:57.214-0800: 213450.061: [GC (Allocation Failure) [PSYoungGen: 253138K->8435K(253440K)] 294285K->49582K(515584K), 0.0766530 secs] [Times: user=0.06 sys=0.07, real=0.08 secs] 
2020-08-25T07:57:59.891-0800: 214601.965: [GC (Allocation Failure) [PSYoungGen: 253171K->8220K(253440K)] 294318K->49368K(515584K), 0.3398008 secs] [Times: user=0.24 sys=0.26, real=0.34 secs] 
2020-08-25T08:04:38.634-0800: 215000.696: [GC (Allocation Failure) [PSYoungGen: 252956K->8288K(253440K)] 294104K->49436K(515584K), 0.2897710 secs] [Times: user=0.05 sys=0.17, real=0.29 secs] 
2020-08-25T08:10:41.632-0800: 215363.683: [GC (Allocation Failure) [PSYoungGen: 253024K->8288K(253440K)] 294172K->49435K(515584K), 0.0886843 secs] [Times: user=0.06 sys=0.08, real=0.09 secs] 
2020-08-25T08:16:45.290-0800: 215727.330: [GC (Allocation Failure) [PSYoungGen: 253024K->8336K(253440K)] 294171K->49484K(515584K), 0.2533741 secs] [Times: user=0.06 sys=0.17, real=0.25 secs] 
2020-08-25T08:22:53.559-0800: 216095.588: [GC (Allocation Failure) [PSYoungGen: 253072K->8435K(253440K)] 294220K->49582K(515584K), 0.1870986 secs] [Times: user=0.04 sys=0.14, real=0.19 secs] 
2020-08-25T08:28:58.435-0800: 216460.453: [GC (Allocation Failure) [PSYoungGen: 253171K->8467K(253440K)] 294318K->49614K(515584K), 0.0829553 secs] [Times: user=0.05 sys=0.08, real=0.08 secs] 
2020-08-25T08:35:05.300-0800: 216827.308: [GC (Allocation Failure) [PSYoungGen: 253203K->8450K(253440K)] 294350K->49598K(515584K), 0.0938640 secs] [Times: user=0.03 sys=0.08, real=0.09 secs] 
2020-08-25T08:41:18.628-0800: 217200.624: [GC (Allocation Failure) [PSYoungGen: 253186K->8417K(253440K)] 294334K->49565K(515584K), 0.0617661 secs] [Times: user=0.05 sys=0.07, real=0.07 secs] 
2020-08-25T08:47:30.430-0800: 217572.415: [GC (Allocation Failure) [PSYoungGen: 253153K->8418K(253440K)] 294301K->49566K(515584K), 0.0184130 secs] [Times: user=0.01 sys=0.01, real=0.01 secs] 
2020-08-25T08:53:47.441-0800: 217949.415: [GC (Allocation Failure) [PSYoungGen: 253154K->8402K(253440K)] 294302K->49549K(515584K), 0.0480422 secs] [Times: user=0.05 sys=0.04, real=0.04 secs] 
2020-08-25T09:00:07.666-0800: 218329.629: [GC (Allocation Failure) [PSYoungGen: 253138K->8369K(253440K)] 294285K->49517K(515584K), 0.1448573 secs] [Times: user=0.05 sys=0.13, real=0.15 secs] 
2020-08-25T09:06:16.299-0800: 218698.251: [GC (Allocation Failure) [PSYoungGen: 253105K->8239K(253440K)] 294253K->49387K(515584K), 0.1916108 secs] [Times: user=0.08 sys=0.14, real=0.20 secs] 
2020-08-25T09:12:31.986-0800: 219073.926: [GC (Allocation Failure) [PSYoungGen: 252975K->8417K(253440K)] 294123K->49564K(515584K), 0.0163299 secs] [Times: user=0.01 sys=0.01, real=0.02 secs] 
2020-08-25T09:18:44.455-0800: 219446.384: [GC (Allocation Failure) [PSYoungGen: 253153K->8434K(253440K)] 294300K->49582K(515584K), 0.0888005 secs] [Times: user=0.05 sys=0.09, real=0.09 secs] 
2020-08-25T09:24:49.304-0800: 219811.222: [GC (Allocation Failure) [PSYoungGen: 253170K->8450K(253440K)] 294318K->49597K(515584K), 0.0396635 secs] [Times: user=0.02 sys=0.02, real=0.04 secs] 
2020-08-25T09:30:56.506-0800: 220178.413: [GC (Allocation Failure) [PSYoungGen: 253186K->8418K(253440K)] 294333K->49614K(515584K), 0.0202520 secs] [Times: user=0.01 sys=0.01, real=0.02 secs] 
2020-08-25T09:37:06.385-0800: 220548.281: [GC (Allocation Failure) [PSYoungGen: 253154K->8337K(253440K)] 294350K->49532K(515584K), 0.0542501 secs] [Times: user=0.06 sys=0.05, real=0.06 secs] 
2020-08-25T09:43:10.908-0800: 220912.793: [GC (Allocation Failure) [PSYoungGen: 253073K->8353K(253440K)] 294268K->49557K(515584K), 0.0621163 secs] [Times: user=0.06 sys=0.06, real=0.07 secs] 
2020-08-25T09:49:21.461-0800: 221283.335: [GC (Allocation Failure) [PSYoungGen: 253089K->8353K(253440K)] 294293K->49557K(515584K), 0.0180866 secs] [Times: user=0.01 sys=0.01, real=0.01 secs] 
2020-08-25T09:55:51.793-0800: 221673.655: [GC (Allocation Failure) [PSYoungGen: 253089K->8337K(253440K)] 294293K->49540K(515584K), 0.0802637 secs] [Times: user=0.05 sys=0.07, real=0.08 secs] 
2020-08-25T10:02:05.026-0800: 222046.877: [GC (Allocation Failure) [PSYoungGen: 253073K->8353K(253440K)] 294276K->49556K(515584K), 0.0374546 secs] [Times: user=0.03 sys=0.02, real=0.04 secs] 
2020-08-25T10:08:18.562-0800: 222420.402: [GC (Allocation Failure) [PSYoungGen: 253089K->8224K(253440K)] 294292K->49427K(515584K), 0.1138446 secs] [Times: user=0.04 sys=0.10, real=0.11 secs] 
2020-08-25T10:14:34.390-0800: 222796.219: [GC (Allocation Failure) [PSYoungGen: 252960K->8304K(253440K)] 294163K->49508K(515584K), 0.1062553 secs] [Times: user=0.07 sys=0.09, real=0.10 secs] 
2020-08-25T10:21:16.455-0800: 223198.271: [GC (Allocation Failure) [PSYoungGen: 253040K->8468K(253440K)] 294244K->49672K(515584K), 0.0173350 secs] [Times: user=0.01 sys=0.01, real=0.02 secs] 
2020-08-25T10:28:03.341-0800: 223605.145: [GC (Allocation Failure) [PSYoungGen: 253204K->8436K(253440K)] 294408K->49640K(515584K), 0.0491669 secs] [Times: user=0.06 sys=0.06, real=0.05 secs] 
2020-08-25T10:34:16.386-0800: 223978.179: [GC (Allocation Failure) [PSYoungGen: 253172K->8369K(253440K)] 294376K->49573K(515584K), 0.0607525 secs] [Times: user=0.03 sys=0.04, real=0.06 secs] 
2020-08-25T10:40:50.298-0800: 224372.079: [GC (Allocation Failure) [PSYoungGen: 253105K->8419K(253440K)] 294309K->49623K(515584K), 0.1490024 secs] [Times: user=0.05 sys=0.10, real=0.15 secs] 
2020-08-25T10:47:26.357-0800: 224768.127: [GC (Allocation Failure) [PSYoungGen: 253155K->8385K(253440K)] 294359K->49589K(515584K), 0.0587363 secs] [Times: user=0.05 sys=0.06, real=0.06 secs] 
2020-08-25T10:53:34.825-0800: 225136.583: [GC (Allocation Failure) [PSYoungGen: 253121K->8353K(253440K)] 294325K->49557K(515584K), 0.0143729 secs] [Times: user=0.01 sys=0.01, real=0.01 secs] 
2020-08-25T11:00:32.099-0800: 225553.845: [GC (Allocation Failure) [PSYoungGen: 253089K->8336K(253440K)] 294293K->49539K(515584K), 0.1364225 secs] [Times: user=0.07 sys=0.10, real=0.14 secs] 
2020-08-25T11:06:44.295-0800: 225926.029: [GC (Allocation Failure) [PSYoungGen: 253072K->8320K(253440K)] 294275K->49524K(515584K), 0.1963458 secs] [Times: user=0.04 sys=0.17, real=0.20 secs] 
2020-08-25T11:12:53.452-0800: 226295.175: [GC (Allocation Failure) [PSYoungGen: 253056K->8320K(253440K)] 294260K->49524K(515584K), 0.0940662 secs] [Times: user=0.06 sys=0.08, real=0.09 secs] 
2020-08-25T11:19:03.762-0800: 226665.475: [GC (Allocation Failure) [PSYoungGen: 253056K->8352K(253440K)] 294260K->49556K(515584K), 0.0185083 secs] [Times: user=0.01 sys=0.01, real=0.02 secs] 
2020-08-25T11:25:09.642-0800: 227031.343: [GC (Allocation Failure) [PSYoungGen: 253088K->8304K(253440K)] 294292K->49508K(515584K), 0.0943339 secs] [Times: user=0.06 sys=0.10, real=0.09 secs] 
2020-08-25T11:31:15.897-0800: 227397.588: [GC (Allocation Failure) [PSYoungGen: 253040K->8288K(253440K)] 294244K->49492K(515584K), 0.0335906 secs] [Times: user=0.01 sys=0.02, real=0.04 secs] 
2020-08-25T14:04:30.213-0800: 227801.394: [GC (Allocation Failure) [PSYoungGen: 253024K->8305K(253440K)] 294228K->49508K(515584K), 0.1410547 secs] [Times: user=0.03 sys=0.10, real=0.14 secs] 
2020-08-25T14:10:41.847-0800: 228173.017: [GC (Allocation Failure) [PSYoungGen: 253041K->8353K(253440K)] 294244K->49557K(515584K), 0.1564987 secs] [Times: user=0.06 sys=0.11, real=0.16 secs] 
2020-08-25T14:16:52.314-0800: 228543.473: [GC (Allocation Failure) [PSYoungGen: 253089K->8385K(253440K)] 294293K->49589K(515584K), 0.0758626 secs] [Times: user=0.06 sys=0.07, real=0.08 secs] 
2020-08-25T14:22:56.928-0800: 228908.076: [GC (Allocation Failure) [PSYoungGen: 253121K->8337K(253440K)] 294325K->49540K(515584K), 0.0697722 secs] [Times: user=0.05 sys=0.07, real=0.07 secs] 
2020-08-25T14:29:03.311-0800: 229274.448: [GC (Allocation Failure) [PSYoungGen: 253073K->8385K(253440K)] 294276K->49589K(515584K), 0.0573985 secs] [Times: user=0.03 sys=0.02, real=0.05 secs] 
2020-08-25T14:35:12.706-0800: 229643.832: [GC (Allocation Failure) [PSYoungGen: 253121K->8353K(253440K)] 294325K->49557K(515584K), 0.0990037 secs] [Times: user=0.06 sys=0.09, real=0.10 secs] 
2020-08-25T14:41:18.396-0800: 230009.511: [GC (Allocation Failure) [PSYoungGen: 253089K->8353K(253440K)] 294293K->49557K(515584K), 0.1069860 secs] [Times: user=0.06 sys=0.10, real=0.11 secs] 
2020-08-25T14:47:24.297-0800: 230375.401: [GC (Allocation Failure) [PSYoungGen: 253089K->8191K(253440K)] 294293K->49395K(515584K), 0.0795490 secs] [Times: user=0.06 sys=0.07, real=0.08 secs] 
2020-08-25T14:53:26.419-0800: 230737.512: [GC (Allocation Failure) [PSYoungGen: 252927K->8256K(253440K)] 294131K->49459K(515584K), 0.0669165 secs] [Times: user=0.07 sys=0.07, real=0.07 secs] 
2020-08-25T14:59:35.269-0800: 231106.351: [GC (Allocation Failure) [PSYoungGen: 252992K->8433K(253440K)] 294195K->49637K(515584K), 0.1211862 secs] [Times: user=0.06 sys=0.10, real=0.13 secs] 
2020-08-25T15:05:40.999-0800: 231472.071: [GC (Allocation Failure) [PSYoungGen: 253169K->8403K(253440K)] 294373K->49606K(515584K), 0.0176936 secs] [Times: user=0.01 sys=0.00, real=0.02 secs] 
2020-08-25T15:11:48.703-0800: 231839.764: [GC (Allocation Failure) [PSYoungGen: 253139K->8435K(253440K)] 294342K->49638K(515584K), 0.0338508 secs] [Times: user=0.02 sys=0.03, real=0.03 secs] 
2020-08-25T15:17:57.538-0800: 232208.587: [GC (Allocation Failure) [PSYoungGen: 253171K->8386K(253440K)] 294374K->49590K(515584K), 0.0582539 secs] [Times: user=0.06 sys=0.06, real=0.06 secs] 
2020-08-25T15:24:02.218-0800: 232573.256: [GC (Allocation Failure) [PSYoungGen: 253122K->8370K(253440K)] 294326K->49573K(515584K), 0.0680757 secs] [Times: user=0.06 sys=0.06, real=0.07 secs] 
2020-08-25T15:30:08.482-0800: 232939.509: [GC (Allocation Failure) [PSYoungGen: 253106K->8418K(253440K)] 294309K->49622K(515584K), 0.0790854 secs] [Times: user=0.04 sys=0.07, real=0.08 secs] 
2020-08-25T15:36:18.515-0800: 233309.531: [GC (Allocation Failure) [PSYoungGen: 253154K->8401K(253440K)] 294358K->49629K(515584K), 0.0268734 secs] [Times: user=0.02 sys=0.01, real=0.03 secs] 
2020-08-25T15:42:22.908-0800: 233673.913: [GC (Allocation Failure) [PSYoungGen: 253137K->8385K(253440K)] 294365K->49613K(515584K), 0.1337007 secs] [Times: user=0.03 sys=0.11, real=0.14 secs] 
2020-08-25T15:48:29.087-0800: 234040.082: [GC (Allocation Failure) [PSYoungGen: 253121K->8353K(253440K)] 294349K->49581K(515584K), 0.1811123 secs] [Times: user=0.05 sys=0.13, real=0.19 secs] 
2020-08-25T15:54:34.913-0800: 234405.896: [GC (Allocation Failure) [PSYoungGen: 253089K->8304K(253440K)] 294317K->49532K(515584K), 0.0170673 secs] [Times: user=0.02 sys=0.01, real=0.02 secs] 
2020-08-25T16:00:37.509-0800: 234768.481: [GC (Allocation Failure) [PSYoungGen: 253040K->8304K(253440K)] 294268K->49532K(515584K), 0.0260071 secs] [Times: user=0.02 sys=0.01, real=0.03 secs] 
2020-08-25T16:06:48.012-0800: 235138.974: [GC (Allocation Failure) [PSYoungGen: 253040K->8418K(253440K)] 294268K->49646K(515584K), 0.0766461 secs] [Times: user=0.03 sys=0.07, real=0.07 secs] 
2020-08-25T16:12:55.449-0800: 235506.399: [GC (Allocation Failure) [PSYoungGen: 253154K->8402K(253440K)] 294382K->49630K(515584K), 0.1217094 secs] [Times: user=0.05 sys=0.10, real=0.13 secs] 
2020-08-25T16:19:17.830-0800: 235888.769: [GC (Allocation Failure) [PSYoungGen: 253138K->8386K(253440K)] 294366K->49614K(515584K), 0.0662430 secs] [Times: user=0.06 sys=0.07, real=0.06 secs] 
2020-08-25T16:25:26.822-0800: 236257.749: [GC (Allocation Failure) [PSYoungGen: 253122K->8353K(253440K)] 294350K->49580K(515584K), 0.1880408 secs] [Times: user=0.03 sys=0.12, real=0.19 secs] 
2020-08-25T16:31:30.331-0800: 236621.247: [GC (Allocation Failure) [PSYoungGen: 253089K->8353K(253440K)] 294316K->49581K(515584K), 0.0156972 secs] [Times: user=0.01 sys=0.01, real=0.01 secs] 
2020-08-25T16:37:35.792-0800: 236986.698: [GC (Allocation Failure) [PSYoungGen: 253089K->8385K(253440K)] 294317K->49613K(515584K), 0.0719134 secs] [Times: user=0.06 sys=0.07, real=0.07 secs] 
2020-08-25T16:43:46.269-0800: 237357.163: [GC (Allocation Failure) [PSYoungGen: 253121K->8353K(253440K)] 294349K->49581K(515584K), 0.0084879 secs] [Times: user=0.01 sys=0.00, real=0.01 secs] 
2020-08-25T16:49:46.314-0800: 237717.198: [GC (Allocation Failure) [PSYoungGen: 253089K->8192K(253440K)] 294317K->49419K(515584K), 0.0642332 secs] [Times: user=0.06 sys=0.07, real=0.06 secs] 
2020-08-25T16:55:52.180-0800: 238083.053: [GC (Allocation Failure) [PSYoungGen: 252928K->8304K(253440K)] 294155K->49532K(515584K), 0.1049624 secs] [Times: user=0.05 sys=0.09, real=0.10 secs] 
2020-08-25T17:01:57.568-0800: 238448.429: [GC (Allocation Failure) [PSYoungGen: 253040K->8353K(253440K)] 294268K->49580K(515584K), 0.0888975 secs] [Times: user=0.06 sys=0.09, real=0.09 secs] 
2020-08-25T17:08:06.493-0800: 238817.344: [GC (Allocation Failure) [PSYoungGen: 253089K->8419K(253440K)] 294316K->49646K(515584K), 0.0201286 secs] [Times: user=0.01 sys=0.01, real=0.02 secs] 
2020-08-26T08:21:49.750-0800: 242741.769: [GC (Allocation Failure) [PSYoungGen: 253155K->8040K(253440K)] 294382K->49268K(515584K), 0.7242342 secs] [Times: user=0.50 sys=0.51, real=0.72 secs] 
2020-08-26T08:27:52.375-0800: 243104.382: [GC (Allocation Failure) [PSYoungGen: 252776K->8272K(253440K)] 294004K->49508K(515584K), 0.1064823 secs] [Times: user=0.07 sys=0.08, real=0.11 secs] 
2020-08-26T08:33:56.060-0800: 243468.055: [GC (Allocation Failure) [PSYoungGen: 253008K->8336K(253440K)] 294244K->49572K(515584K), 0.0191791 secs] [Times: user=0.01 sys=0.01, real=0.01 secs] 
2020-08-26T08:40:01.056-0800: 243833.040: [GC (Allocation Failure) [PSYoungGen: 253072K->8321K(253440K)] 294308K->49556K(515584K), 0.0436835 secs] [Times: user=0.06 sys=0.04, real=0.05 secs] 
2020-08-26T08:46:04.779-0800: 244196.752: [GC (Allocation Failure) [PSYoungGen: 253057K->8368K(253440K)] 294292K->49612K(515584K), 0.0944568 secs] [Times: user=0.06 sys=0.09, real=0.10 secs] 
2020-08-26T08:52:10.251-0800: 244562.214: [GC (Allocation Failure) [PSYoungGen: 253104K->8434K(253440K)] 294348K->49678K(515584K), 0.0177816 secs] [Times: user=0.01 sys=0.01, real=0.01 secs] 
2020-08-26T08:58:15.246-0800: 244927.197: [GC (Allocation Failure) [PSYoungGen: 253170K->8336K(253440K)] 294414K->49580K(515584K), 0.0077516 secs] [Times: user=0.01 sys=0.00, real=0.01 secs] 
2020-08-26T09:04:22.076-0800: 245294.016: [GC (Allocation Failure) [PSYoungGen: 253072K->8466K(253440K)] 294316K->49710K(515584K), 0.0088498 secs] [Times: user=0.01 sys=0.00, real=0.01 secs] 
2020-08-26T09:10:25.812-0800: 245657.742: [GC (Allocation Failure) [PSYoungGen: 253202K->8435K(253440K)] 294446K->49678K(515584K), 0.0097693 secs] [Times: user=0.01 sys=0.00, real=0.01 secs] 
2020-08-26T09:16:31.451-0800: 246023.369: [GC (Allocation Failure) [PSYoungGen: 253171K->8451K(253440K)] 294414K->49694K(515584K), 0.0168658 secs] [Times: user=0.01 sys=0.01, real=0.01 secs] 
2020-08-26T09:22:40.167-0800: 246392.074: [GC (Allocation Failure) [PSYoungGen: 253187K->8417K(253440K)] 294430K->49661K(515584K), 0.0083449 secs] [Times: user=0.01 sys=0.00, real=0.01 secs] 
2020-08-26T09:28:43.756-0800: 246755.653: [GC (Allocation Failure) [PSYoungGen: 253153K->8418K(253440K)] 294397K->49661K(515584K), 0.0076221 secs] [Times: user=0.01 sys=0.00, real=0.01 secs] 
2020-08-26T09:34:50.223-0800: 247122.109: [GC (Allocation Failure) [PSYoungGen: 253154K->8417K(253440K)] 294397K->49661K(515584K), 0.0090904 secs] [Times: user=0.01 sys=0.00, real=0.01 secs] 
2020-08-26T09:40:59.391-0800: 247491.266: [GC (Allocation Failure) [PSYoungGen: 253153K->8385K(253440K)] 294397K->49628K(515584K), 0.0082587 secs] [Times: user=0.01 sys=0.00, real=0.01 secs] 
2020-08-26T09:46:59.582-0800: 247851.446: [GC (Allocation Failure) [PSYoungGen: 253121K->8320K(253440K)] 294364K->49571K(515584K), 0.0857446 secs] [Times: user=0.05 sys=0.08, real=0.08 secs] 
2020-08-26T09:53:03.486-0800: 248215.338: [GC (Allocation Failure) [PSYoungGen: 253056K->8304K(253440K)] 294307K->49604K(515584K), 0.0205932 secs] [Times: user=0.01 sys=0.01, real=0.02 secs] 
2020-08-26T09:59:16.443-0800: 248588.284: [GC (Allocation Failure) [PSYoungGen: 253040K->8435K(253440K)] 294340K->49735K(515584K), 0.0797662 secs] [Times: user=0.05 sys=0.07, real=0.08 secs] 
2020-08-26T10:05:22.853-0800: 248954.684: [GC (Allocation Failure) [PSYoungGen: 253171K->8450K(253440K)] 294471K->49750K(515584K), 0.0160003 secs] [Times: user=0.02 sys=0.00, real=0.01 secs] 
2020-08-26T10:11:31.848-0800: 249323.667: [GC (Allocation Failure) [PSYoungGen: 253186K->8418K(253440K)] 294486K->49717K(515584K), 0.0656380 secs] [Times: user=0.07 sys=0.06, real=0.07 secs] 
2020-08-26T10:17:35.309-0800: 249687.118: [GC (Allocation Failure) [PSYoungGen: 253154K->8433K(253440K)] 294453K->49733K(515584K), 0.0081048 secs] [Times: user=0.01 sys=0.00, real=0.01 secs] 
2020-08-26T10:23:40.888-0800: 250052.686: [GC (Allocation Failure) [PSYoungGen: 253169K->8402K(253440K)] 294469K->49701K(515584K), 0.0077195 secs] [Times: user=0.01 sys=0.00, real=0.01 secs] 
2020-08-26T10:29:49.184-0800: 250420.971: [GC (Allocation Failure) [PSYoungGen: 253138K->8417K(253440K)] 294437K->49716K(515584K), 0.0156825 secs] [Times: user=0.01 sys=0.01, real=0.02 secs] 
2020-08-26T10:35:53.861-0800: 250785.637: [GC (Allocation Failure) [PSYoungGen: 253153K->8370K(253440K)] 294452K->49669K(515584K), 0.0073608 secs] [Times: user=0.01 sys=0.00, real=0.00 secs] 
2020-08-26T10:41:53.237-0800: 251145.002: [GC (Allocation Failure) [PSYoungGen: 253106K->8207K(253440K)] 294405K->49507K(515584K), 0.0096659 secs] [Times: user=0.01 sys=0.00, real=0.01 secs] 
2020-08-26T10:47:58.447-0800: 251510.201: [GC (Allocation Failure) [PSYoungGen: 252943K->8304K(253440K)] 294243K->49604K(515584K), 0.0634067 secs] [Times: user=0.06 sys=0.06, real=0.07 secs] 
2020-08-26T10:54:03.130-0800: 251874.873: [GC (Allocation Failure) [PSYoungGen: 253040K->8288K(253440K)] 294340K->49588K(515584K), 0.0156053 secs] [Times: user=0.02 sys=0.01, real=0.01 secs] 
2020-08-26T11:00:11.347-0800: 252243.079: [GC (Allocation Failure) [PSYoungGen: 253024K->8401K(253440K)] 294324K->49701K(515584K), 0.0086171 secs] [Times: user=0.01 sys=0.00, real=0.01 secs] 
2020-08-26T11:06:20.487-0800: 252612.208: [GC (Allocation Failure) [PSYoungGen: 253137K->8418K(253440K)] 294437K->49718K(515584K), 0.0090906 secs] [Times: user=0.02 sys=0.01, real=0.01 secs] 
2020-08-26T11:12:27.459-0800: 252979.169: [GC (Allocation Failure) [PSYoungGen: 253154K->8386K(253440K)] 294454K->49686K(515584K), 0.0095537 secs] [Times: user=0.01 sys=0.00, real=0.01 secs] 
2020-08-26T11:18:35.940-0800: 253347.638: [GC (Allocation Failure) [PSYoungGen: 253122K->8369K(253440K)] 294422K->49669K(515584K), 0.0104659 secs] [Times: user=0.02 sys=0.00, real=0.01 secs] 
2020-08-26T11:24:41.644-0800: 253713.332: [GC (Allocation Failure) [PSYoungGen: 253105K->8353K(253440K)] 294405K->49653K(515584K), 0.0588818 secs] [Times: user=0.06 sys=0.06, real=0.06 secs] 
2020-08-26T14:00:47.124-0800: 254157.652: [GC (Allocation Failure) [PSYoungGen: 253089K->8320K(253440K)] 294389K->49619K(515584K), 0.1524030 secs] [Times: user=0.06 sys=0.13, real=0.15 secs] 
2020-08-26T14:06:53.378-0800: 254523.895: [GC (Allocation Failure) [PSYoungGen: 253056K->8288K(253440K)] 294355K->49588K(515584K), 0.0642731 secs] [Times: user=0.04 sys=0.07, real=0.07 secs] 
2020-08-26T14:12:58.590-0800: 254889.096: [GC (Allocation Failure) [PSYoungGen: 253024K->8288K(253440K)] 294324K->49587K(515584K), 0.0660386 secs] [Times: user=0.03 sys=0.05, real=0.06 secs] 
2020-08-26T14:19:02.949-0800: 255253.444: [GC (Allocation Failure) [PSYoungGen: 253024K->8385K(253440K)] 294323K->49684K(515584K), 0.0150242 secs] [Times: user=0.01 sys=0.01, real=0.02 secs] 
2020-08-26T14:25:11.164-0800: 255621.648: [GC (Allocation Failure) [PSYoungGen: 253121K->8352K(253440K)] 294420K->49652K(515584K), 0.0195785 secs] [Times: user=0.03 sys=0.00, real=0.02 secs] 
2020-08-26T14:31:20.266-0800: 255990.739: [GC (Allocation Failure) [PSYoungGen: 253088K->8403K(253440K)] 294388K->49703K(515584K), 0.0165438 secs] [Times: user=0.02 sys=0.00, real=0.02 secs] 
2020-08-26T14:37:23.973-0800: 256354.436: [GC (Allocation Failure) [PSYoungGen: 253139K->8418K(253440K)] 294439K->49718K(515584K), 0.1158977 secs] [Times: user=0.07 sys=0.11, real=0.11 secs] 
2020-08-26T14:43:30.062-0800: 256720.513: [GC (Allocation Failure) [PSYoungGen: 253154K->8402K(253440K)] 294454K->49701K(515584K), 0.0164001 secs] [Times: user=0.01 sys=0.01, real=0.01 secs] 
2020-08-26T14:49:37.116-0800: 257087.556: [GC (Allocation Failure) [PSYoungGen: 253138K->8288K(253440K)] 294437K->49588K(515584K), 0.0144761 secs] [Times: user=0.01 sys=0.00, real=0.02 secs] 
2020-08-26T14:55:38.793-0800: 257449.223: [GC (Allocation Failure) [PSYoungGen: 253024K->8288K(253440K)] 294324K->49587K(515584K), 0.0081806 secs] [Times: user=0.01 sys=0.00, real=0.01 secs] 
2020-08-26T15:01:46.869-0800: 257817.287: [GC (Allocation Failure) [PSYoungGen: 253024K->8418K(253440K)] 294323K->49718K(515584K), 0.0099344 secs] [Times: user=0.01 sys=0.00, real=0.01 secs] 
2020-08-26T15:07:50.256-0800: 258180.664: [GC (Allocation Failure) [PSYoungGen: 253154K->8402K(253440K)] 294454K->49701K(515584K), 0.0447966 secs] [Times: user=0.06 sys=0.05, real=0.05 secs] 
2020-08-26T15:13:55.919-0800: 258546.316: [GC (Allocation Failure) [PSYoungGen: 253138K->8402K(253440K)] 294437K->49702K(515584K), 0.0148995 secs] [Times: user=0.02 sys=0.01, real=0.01 secs] 
2020-08-26T15:20:04.270-0800: 258914.655: [GC (Allocation Failure) [PSYoungGen: 253138K->8418K(253440K)] 294438K->49717K(515584K), 0.0100741 secs] [Times: user=0.01 sys=0.01, real=0.01 secs] 
2020-08-26T15:26:08.078-0800: 259278.452: [GC (Allocation Failure) [PSYoungGen: 253154K->8369K(253440K)] 294453K->49669K(515584K), 0.0093612 secs] [Times: user=0.01 sys=0.00, real=0.01 secs] 
2020-08-26T15:32:14.078-0800: 259644.442: [GC (Allocation Failure) [PSYoungGen: 253105K->8402K(253440K)] 294405K->49725K(515584K), 0.0094917 secs] [Times: user=0.01 sys=0.00, real=0.01 secs] 
2020-08-26T15:38:24.604-0800: 260014.957: [GC (Allocation Failure) [PSYoungGen: 253125K->8353K(253440K)] 294448K->49684K(515584K), 0.0313054 secs] [Times: user=0.02 sys=0.02, real=0.03 secs] 
2020-08-26T15:44:23.418-0800: 260373.760: [GC (Allocation Failure) [PSYoungGen: 253089K->8239K(253440K)] 294420K->49571K(515584K), 0.0127549 secs] [Times: user=0.02 sys=0.00, real=0.02 secs] 
2020-08-26T15:50:25.960-0800: 260736.291: [GC (Allocation Failure) [PSYoungGen: 252975K->8304K(253440K)] 294307K->49636K(515584K), 0.0080139 secs] [Times: user=0.01 sys=0.00, real=0.00 secs] 
2020-08-26T15:56:31.701-0800: 261102.020: [GC (Allocation Failure) [PSYoungGen: 253040K->8353K(253440K)] 294372K->49684K(515584K), 0.0080625 secs] [Times: user=0.01 sys=0.00, real=0.00 secs] 
2020-08-26T16:02:40.448-0800: 261470.757: [GC (Allocation Failure) [PSYoungGen: 253089K->8419K(253440K)] 294420K->49750K(515584K), 0.0123005 secs] [Times: user=0.01 sys=0.00, real=0.02 secs] 
2020-08-26T16:08:44.804-0800: 261835.102: [GC (Allocation Failure) [PSYoungGen: 253155K->8419K(253440K)] 294486K->49750K(515584K), 0.0092739 secs] [Times: user=0.01 sys=0.00, real=0.01 secs] 
2020-08-26T16:14:50.469-0800: 262200.756: [GC (Allocation Failure) [PSYoungGen: 253155K->8386K(253440K)] 294486K->49717K(515584K), 0.0453471 secs] [Times: user=0.03 sys=0.05, real=0.04 secs] 
2020-08-26T16:21:01.889-0800: 262572.165: [GC (Allocation Failure) [PSYoungGen: 253122K->8386K(253440K)] 294453K->49717K(515584K), 0.2065818 secs] [Times: user=0.03 sys=0.09, real=0.21 secs] 
2020-08-26T16:27:07.165-0800: 262937.429: [GC (Allocation Failure) [PSYoungGen: 253122K->8402K(253440K)] 294453K->49733K(515584K), 0.0857484 secs] [Times: user=0.06 sys=0.09, real=0.09 secs] 
2020-08-26T16:33:12.870-0800: 263303.124: [GC (Allocation Failure) [PSYoungGen: 253138K->8370K(253440K)] 294469K->49701K(515584K), 0.0178765 secs] [Times: user=0.01 sys=0.01, real=0.01 secs] 
2020-08-26T16:39:22.812-0800: 263673.055: [GC (Allocation Failure) [PSYoungGen: 253106K->8386K(253440K)] 294437K->49718K(515584K), 0.1163122 secs] [Times: user=0.07 sys=0.10, real=0.11 secs] 
2020-08-26T16:45:21.838-0800: 264032.070: [GC (Allocation Failure) [PSYoungGen: 253122K->8224K(253440K)] 294454K->49555K(515584K), 0.0667332 secs] [Times: user=0.06 sys=0.07, real=0.07 secs] 
2020-08-26T16:51:24.396-0800: 264394.617: [GC (Allocation Failure) [PSYoungGen: 252960K->8304K(253440K)] 294291K->49636K(515584K), 0.0403288 secs] [Times: user=0.02 sys=0.03, real=0.04 secs] 
2020-08-26T16:57:30.095-0800: 264760.305: [GC (Allocation Failure) [PSYoungGen: 253040K->8403K(253440K)] 294372K->49734K(515584K), 0.0494378 secs] [Times: user=0.02 sys=0.02, real=0.05 secs] 
2020-08-26T17:03:35.545-0800: 265125.744: [GC (Allocation Failure) [PSYoungGen: 253139K->8336K(253440K)] 294470K->49668K(515584K), 0.0465211 secs] [Times: user=0.06 sys=0.05, real=0.05 secs] 
2020-08-26T17:09:49.604-0800: 265499.792: [GC (Allocation Failure) [PSYoungGen: 253072K->8402K(253440K)] 294404K->49733K(515584K), 0.0301589 secs] [Times: user=0.02 sys=0.02, real=0.03 secs] 
2020-08-26T17:15:53.008-0800: 265863.185: [GC (Allocation Failure) [PSYoungGen: 253138K->8402K(253440K)] 294469K->49733K(515584K), 0.1249396 secs] [Times: user=0.05 sys=0.09, real=0.13 secs] 
2020-08-26T17:22:19.427-0800: 266249.593: [GC (Allocation Failure) [PSYoungGen: 253138K->8402K(253440K)] 294469K->49733K(515584K), 0.0193731 secs] [Times: user=0.01 sys=0.01, real=0.02 secs] 
2020-08-26T17:28:28.827-0800: 266618.982: [GC (Allocation Failure) [PSYoungGen: 253138K->8418K(253440K)] 294469K->49749K(515584K), 0.0719509 secs] [Times: user=0.06 sys=0.07, real=0.07 secs] 
2020-08-28T07:59:25.345-0800: 267906.713: [GC (Allocation Failure) [PSYoungGen: 253154K->8223K(253440K)] 294485K->49555K(515584K), 0.1658938 secs] [Times: user=0.08 sys=0.14, real=0.17 secs] 
2020-08-28T08:05:30.918-0800: 268272.275: [GC (Allocation Failure) [PSYoungGen: 252959K->8321K(253440K)] 294291K->49652K(515584K), 0.0271640 secs] [Times: user=0.01 sys=0.01, real=0.03 secs] 
2020-08-28T08:11:40.126-0800: 268641.472: [GC (Allocation Failure) [PSYoungGen: 253057K->8353K(253440K)] 294388K->49684K(515584K), 0.0982164 secs] [Times: user=0.04 sys=0.08, real=0.10 secs] 
2020-08-28T08:17:49.554-0800: 269010.888: [GC (Allocation Failure) [PSYoungGen: 253089K->8465K(253440K)] 294420K->49797K(515584K), 0.1105416 secs] [Times: user=0.06 sys=0.10, real=0.11 secs] 
2020-08-28T08:23:54.159-0800: 269375.483: [GC (Allocation Failure) [PSYoungGen: 253201K->8435K(253440K)] 294533K->49767K(515584K), 0.0827438 secs] [Times: user=0.03 sys=0.08, real=0.09 secs] 
2020-08-28T08:29:59.843-0800: 269741.156: [GC (Allocation Failure) [PSYoungGen: 253171K->8403K(253440K)] 294503K->49735K(515584K), 0.0177707 secs] [Times: user=0.01 sys=0.01, real=0.02 secs] 
2020-08-28T08:36:08.892-0800: 270110.194: [GC (Allocation Failure) [PSYoungGen: 253139K->8418K(253440K)] 294471K->49749K(515584K), 0.0341506 secs] [Times: user=0.04 sys=0.04, real=0.03 secs] 
2020-08-28T08:42:13.877-0800: 270475.168: [GC (Allocation Failure) [PSYoungGen: 253154K->8418K(253440K)] 294485K->49750K(515584K), 0.0476569 secs] [Times: user=0.02 sys=0.03, real=0.05 secs] 
2020-08-28T08:48:19.684-0800: 270840.963: [GC (Allocation Failure) [PSYoungGen: 253154K->8418K(253440K)] 294486K->49758K(515584K), 0.1014120 secs] [Times: user=0.05 sys=0.10, real=0.10 secs] 
2020-08-28T08:54:29.430-0800: 271210.698: [GC (Allocation Failure) [PSYoungGen: 253142K->8385K(253440K)] 294481K->49724K(515584K), 0.0782863 secs] [Times: user=0.06 sys=0.08, real=0.07 secs] 
2020-08-28T09:00:33.680-0800: 271574.937: [GC (Allocation Failure) [PSYoungGen: 253121K->8385K(253440K)] 294460K->49725K(515584K), 0.0862005 secs] [Times: user=0.06 sys=0.09, real=0.08 secs] 
2020-08-28T09:06:42.237-0800: 271943.483: [GC (Allocation Failure) [PSYoungGen: 253121K->8240K(253440K)] 294461K->49580K(515584K), 0.0149819 secs] [Times: user=0.02 sys=0.00, real=0.02 secs] 
2020-08-28T09:12:47.326-0800: 272308.562: [GC (Allocation Failure) [PSYoungGen: 252976K->8368K(253440K)] 294316K->49708K(515584K), 0.0921776 secs] [Times: user=0.06 sys=0.09, real=0.09 secs] 
2020-08-28T09:19:00.038-0800: 272681.262: [GC (Allocation Failure) [PSYoungGen: 253104K->8418K(253440K)] 294444K->49758K(515584K), 0.0162264 secs] [Times: user=0.02 sys=0.01, real=0.02 secs] 
2020-08-28T09:25:04.653-0800: 273045.866: [GC (Allocation Failure) [PSYoungGen: 253154K->8418K(253440K)] 294494K->49757K(515584K), 0.0099714 secs] [Times: user=0.02 sys=0.00, real=0.01 secs] 
2020-08-28T09:31:12.132-0800: 273413.335: [GC (Allocation Failure) [PSYoungGen: 253154K->8418K(253440K)] 294493K->49806K(515584K), 0.0178591 secs] [Times: user=0.02 sys=0.01, real=0.02 secs] 
2020-08-28T09:37:20.837-0800: 273782.029: [GC (Allocation Failure) [PSYoungGen: 253154K->8402K(253440K)] 294542K->49790K(515584K), 0.0218298 secs] [Times: user=0.01 sys=0.01, real=0.02 secs] 
2020-08-28T09:43:26.357-0800: 274147.537: [GC (Allocation Failure) [PSYoungGen: 253138K->8353K(253440K)] 294526K->49741K(515584K), 0.0239706 secs] [Times: user=0.02 sys=0.02, real=0.03 secs] 
2020-08-28T09:49:33.920-0800: 274515.090: [GC (Allocation Failure) [PSYoungGen: 253089K->8337K(253440K)] 294477K->49724K(515584K), 0.0739676 secs] [Times: user=0.06 sys=0.08, real=0.07 secs] 
2020-08-28T09:55:43.121-0800: 274884.279: [GC (Allocation Failure) [PSYoungGen: 253073K->8385K(253440K)] 294460K->49773K(515584K), 0.0793729 secs] [Times: user=0.07 sys=0.07, real=0.08 secs] 
2020-08-28T10:01:46.774-0800: 275247.922: [GC (Allocation Failure) [PSYoungGen: 253121K->8353K(253440K)] 294509K->49741K(515584K), 0.0148401 secs] [Times: user=0.01 sys=0.01, real=0.01 secs] 
2020-08-28T10:07:53.371-0800: 275614.508: [GC (Allocation Failure) [PSYoungGen: 253089K->8353K(253440K)] 294477K->49741K(515584K), 0.0115016 secs] [Times: user=0.02 sys=0.00, real=0.01 secs] 
2020-08-28T10:13:56.257-0800: 275977.383: [GC (Allocation Failure) [PSYoungGen: 253089K->8224K(253440K)] 294477K->49612K(515584K), 0.0226177 secs] [Times: user=0.02 sys=0.01, real=0.03 secs] 
2020-08-28T10:19:59.726-0800: 276340.841: [GC (Allocation Failure) [PSYoungGen: 252960K->8304K(253440K)] 294348K->49692K(515584K), 0.0880039 secs] [Times: user=0.06 sys=0.08, real=0.09 secs] 
2020-08-28T10:26:03.823-0800: 276704.927: [GC (Allocation Failure) [PSYoungGen: 253040K->8384K(253440K)] 294428K->49772K(515584K), 0.0495932 secs] [Times: user=0.02 sys=0.02, real=0.05 secs] 
2020-08-28T10:32:12.332-0800: 277073.425: [GC (Allocation Failure) [PSYoungGen: 253120K->8435K(253440K)] 294508K->49823K(515584K), 0.0714734 secs] [Times: user=0.06 sys=0.07, real=0.07 secs] 
2020-08-28T10:38:17.107-0800: 277438.189: [GC (Allocation Failure) [PSYoungGen: 253171K->8402K(253440K)] 294559K->49790K(515584K), 0.0604065 secs] [Times: user=0.06 sys=0.06, real=0.06 secs] 
2020-08-28T10:44:23.112-0800: 277804.183: [GC (Allocation Failure) [PSYoungGen: 253138K->8435K(253440K)] 294526K->49823K(515584K), 0.0819503 secs] [Times: user=0.06 sys=0.07, real=0.08 secs] 
2020-08-28T10:50:32.274-0800: 278173.334: [GC (Allocation Failure) [PSYoungGen: 253171K->8418K(253440K)] 294559K->49806K(515584K), 0.0708521 secs] [Times: user=0.03 sys=0.06, real=0.07 secs] 
2020-08-28T10:56:39.328-0800: 278540.376: [GC (Allocation Failure) [PSYoungGen: 253154K->8370K(253440K)] 294542K->49757K(515584K), 0.1527207 secs] [Times: user=0.05 sys=0.11, real=0.16 secs] 
2020-08-28T11:02:46.241-0800: 278907.278: [GC (Allocation Failure) [PSYoungGen: 253106K->8386K(253440K)] 294493K->49774K(515584K), 0.0160981 secs] [Times: user=0.02 sys=0.01, real=0.01 secs] 
2020-08-28T11:08:52.990-0800: 279274.016: [GC (Allocation Failure) [PSYoungGen: 253122K->8288K(253440K)] 294510K->49676K(515584K), 0.0101771 secs] [Times: user=0.01 sys=0.00, real=0.01 secs] 
2020-08-28T11:14:53.046-0800: 279634.062: [GC (Allocation Failure) [PSYoungGen: 253024K->8289K(253440K)] 294412K->49676K(515584K), 0.0090872 secs] [Times: user=0.01 sys=0.00, real=0.01 secs] 
2020-08-28T11:21:00.838-0800: 280001.843: [GC (Allocation Failure) [PSYoungGen: 253025K->8385K(253440K)] 294412K->49772K(515584K), 0.0099353 secs] [Times: user=0.01 sys=0.00, real=0.01 secs] 
2020-08-28T11:27:04.122-0800: 280365.116: [GC (Allocation Failure) [PSYoungGen: 253121K->8418K(253440K)] 294508K->49806K(515584K), 0.0483799 secs] [Times: user=0.02 sys=0.03, real=0.05 secs] 
2020-08-28T11:33:10.475-0800: 280731.458: [GC (Allocation Failure) [PSYoungGen: 253154K->8402K(253440K)] 294542K->49790K(515584K), 0.0143983 secs] [Times: user=0.02 sys=0.00, real=0.02 secs] 
2020-08-28T14:03:26.515-0800: 281449.884: [GC (Allocation Failure) [PSYoungGen: 253138K->8206K(253440K)] 294526K->49594K(515584K), 0.0738759 secs] [Times: user=0.05 sys=0.08, real=0.07 secs] 
2020-08-28T14:09:29.751-0800: 281813.109: [GC (Allocation Failure) [PSYoungGen: 252942K->8304K(253440K)] 294330K->49692K(515584K), 0.0880370 secs] [Times: user=0.03 sys=0.08, real=0.08 secs] 
2020-08-28T14:15:35.910-0800: 282179.257: [GC (Allocation Failure) [PSYoungGen: 253040K->8320K(253440K)] 294428K->49707K(515584K), 0.1255666 secs] [Times: user=0.07 sys=0.11, real=0.12 secs] 
2020-08-28T14:21:40.872-0800: 282544.208: [GC (Allocation Failure) [PSYoungGen: 253056K->8336K(253440K)] 294443K->49724K(515584K), 0.0576216 secs] [Times: user=0.06 sys=0.06, real=0.06 secs] 
2020-08-28T14:27:49.534-0800: 282912.859: [GC (Allocation Failure) [PSYoungGen: 253072K->8418K(253440K)] 294460K->49805K(515584K), 0.1458551 secs] [Times: user=0.07 sys=0.13, real=0.15 secs] 
2020-08-28T14:33:53.947-0800: 283277.261: [GC (Allocation Failure) [PSYoungGen: 253154K->8435K(253440K)] 294541K->49823K(515584K), 0.0212999 secs] [Times: user=0.01 sys=0.01, real=0.02 secs] 
2020-08-28T14:39:59.246-0800: 283642.549: [GC (Allocation Failure) [PSYoungGen: 253171K->8418K(253440K)] 294559K->49806K(515584K), 0.0188444 secs] [Times: user=0.01 sys=0.01, real=0.02 secs] 
2020-08-28T14:46:08.463-0800: 284011.754: [GC (Allocation Failure) [PSYoungGen: 253154K->8403K(253440K)] 294542K->49791K(515584K), 0.0768976 secs] [Times: user=0.06 sys=0.08, real=0.08 secs] 
2020-08-28T14:52:13.173-0800: 284376.454: [GC (Allocation Failure) [PSYoungGen: 253139K->8418K(253440K)] 294527K->49806K(515584K), 0.0642062 secs] [Times: user=0.06 sys=0.07, real=0.06 secs] 
2020-08-28T14:58:18.831-0800: 284742.100: [GC (Allocation Failure) [PSYoungGen: 253154K->8435K(253440K)] 294542K->49823K(515584K), 0.0180805 secs] [Times: user=0.01 sys=0.01, real=0.01 secs] 
2020-08-28T15:04:28.007-0800: 285111.266: [GC (Allocation Failure) [PSYoungGen: 253171K->8385K(253440K)] 294559K->49773K(515584K), 0.0715812 secs] [Times: user=0.06 sys=0.07, real=0.07 secs] 
2020-08-28T15:10:31.218-0800: 285474.466: [GC (Allocation Failure) [PSYoungGen: 253110K->8370K(253440K)] 294498K->49757K(515584K), 0.0165459 secs] [Times: user=0.02 sys=0.01, real=0.02 secs] 
2020-08-28T15:16:30.755-0800: 285833.992: [GC (Allocation Failure) [PSYoungGen: 253106K->8239K(253440K)] 294493K->49627K(515584K), 0.0148227 secs] [Times: user=0.01 sys=0.01, real=0.02 secs] 
2020-08-28T15:22:32.686-0800: 286195.913: [GC (Allocation Failure) [PSYoungGen: 252975K->8304K(253440K)] 294363K->49692K(515584K), 0.0134934 secs] [Times: user=0.01 sys=0.00, real=0.02 secs] 
2020-08-28T15:28:42.104-0800: 286565.319: [GC (Allocation Failure) [PSYoungGen: 253040K->8434K(253440K)] 294428K->49821K(515584K), 0.0577763 secs] [Times: user=0.07 sys=0.06, real=0.06 secs] 
2020-08-28T15:34:46.447-0800: 286929.651: [GC (Allocation Failure) [PSYoungGen: 253170K->8450K(253440K)] 294557K->49862K(515584K), 0.0916449 secs] [Times: user=0.06 sys=0.09, real=0.09 secs] 
2020-08-28T15:40:52.434-0800: 287295.627: [GC (Allocation Failure) [PSYoungGen: 253186K->8418K(253440K)] 294598K->49830K(515584K), 0.0630403 secs] [Times: user=0.06 sys=0.06, real=0.06 secs] 
2020-08-28T15:49:37.420-0800: 287820.598: [GC (Allocation Failure) [PSYoungGen: 253154K->8303K(253440K)] 294566K->49715K(515584K), 0.0589438 secs] [Times: user=0.06 sys=0.06, real=0.05 secs] 
2020-08-28T15:55:42.771-0800: 288185.937: [GC (Allocation Failure) [PSYoungGen: 253039K->8336K(253440K)] 294451K->49748K(515584K), 0.0422728 secs] [Times: user=0.02 sys=0.03, real=0.04 secs] 
2020-08-28T16:01:48.947-0800: 288552.102: [GC (Allocation Failure) [PSYoungGen: 253072K->8353K(253440K)] 294484K->49764K(515584K), 0.0979547 secs] [Times: user=0.06 sys=0.10, real=0.10 secs] 
2020-08-28T16:07:58.422-0800: 288921.566: [GC (Allocation Failure) [PSYoungGen: 253089K->8418K(253440K)] 294500K->49829K(515584K), 0.0790165 secs] [Times: user=0.06 sys=0.08, real=0.08 secs] 
2020-08-28T16:14:04.494-0800: 289287.628: [GC (Allocation Failure) [PSYoungGen: 253154K->8402K(253440K)] 294565K->49814K(515584K), 0.0167390 secs] [Times: user=0.02 sys=0.01, real=0.02 secs] 
2020-08-28T16:20:09.692-0800: 289652.815: [GC (Allocation Failure) [PSYoungGen: 253138K->8387K(253440K)] 294550K->49799K(515584K), 0.0101057 secs] [Times: user=0.01 sys=0.00, real=0.01 secs] 
2020-08-28T16:26:19.833-0800: 290022.944: [GC (Allocation Failure) [PSYoungGen: 253123K->8402K(253440K)] 294535K->49813K(515584K), 0.0148981 secs] [Times: user=0.01 sys=0.00, real=0.01 secs] 
2020-08-28T16:32:26.062-0800: 290389.163: [GC (Allocation Failure) [PSYoungGen: 253138K->8386K(253440K)] 294549K->49798K(515584K), 0.1158785 secs] [Times: user=0.06 sys=0.09, real=0.11 secs] 
2020-08-28T16:38:33.085-0800: 290756.174: [GC (Allocation Failure) [PSYoungGen: 253118K->8370K(253440K)] 294529K->49781K(515584K), 0.0158809 secs] [Times: user=0.02 sys=0.00, real=0.02 secs] 
2020-08-28T16:44:39.134-0800: 291122.212: [GC (Allocation Failure) [PSYoungGen: 253106K->8175K(253440K)] 294517K->49587K(515584K), 0.0865173 secs] [Times: user=0.07 sys=0.09, real=0.09 secs] 
2020-08-28T16:50:42.623-0800: 291485.690: [GC (Allocation Failure) [PSYoungGen: 252911K->8304K(253440K)] 294323K->49716K(515584K), 0.0193049 secs] [Times: user=0.01 sys=0.01, real=0.02 secs] 
2020-08-28T16:56:49.181-0800: 291852.238: [GC (Allocation Failure) [PSYoungGen: 253040K->8353K(253440K)] 294452K->49764K(515584K), 0.0935359 secs] [Times: user=0.07 sys=0.09, real=0.09 secs] 
2020-08-28T17:02:59.025-0800: 292222.070: [GC (Allocation Failure) [PSYoungGen: 253089K->8434K(253440K)] 294500K->49846K(515584K), 0.1113478 secs] [Times: user=0.06 sys=0.10, real=0.11 secs] 
2020-08-28T17:09:02.874-0800: 292585.909: [GC (Allocation Failure) [PSYoungGen: 253170K->8418K(253440K)] 294582K->49830K(515584K), 0.1473434 secs] [Times: user=0.06 sys=0.11, real=0.15 secs] 
2020-08-28T17:15:09.128-0800: 292952.152: [GC (Allocation Failure) [PSYoungGen: 253154K->8403K(253440K)] 294566K->49815K(515584K), 0.0178930 secs] [Times: user=0.02 sys=0.00, real=0.02 secs] 
2020-08-28T17:21:18.583-0800: 293321.595: [GC (Allocation Failure) [PSYoungGen: 253139K->8386K(253440K)] 294551K->49813K(515584K), 0.1335647 secs] [Times: user=0.04 sys=0.10, real=0.13 secs] 
2020-08-28T17:27:22.692-0800: 293685.694: [GC (Allocation Failure) [PSYoungGen: 253122K->8386K(253440K)] 294549K->49814K(515584K), 0.0605634 secs] [Times: user=0.05 sys=0.06, real=0.06 secs] 
2020-08-29T08:09:52.932-0800: 297908.479: [GC (Allocation Failure) [PSYoungGen: 253122K->8105K(253440K)] 294550K->49533K(515584K), 1.2465160 secs] [Times: user=1.08 sys=0.47, real=1.24 secs] 
2020-08-29T08:15:56.482-0800: 298272.018: [GC (Allocation Failure) [PSYoungGen: 252841K->8288K(253440K)] 294269K->49715K(515584K), 0.1151968 secs] [Times: user=0.06 sys=0.10, real=0.11 secs] 
2020-08-29T08:22:00.558-0800: 298636.082: [GC (Allocation Failure) [PSYoungGen: 253024K->8288K(253440K)] 294451K->49715K(515584K), 0.2422876 secs] [Times: user=0.05 sys=0.15, real=0.25 secs] 
2020-08-29T08:28:06.114-0800: 299001.628: [GC (Allocation Failure) [PSYoungGen: 253024K->8353K(253440K)] 294451K->49780K(515584K), 0.3068485 secs] [Times: user=0.04 sys=0.18, real=0.31 secs] 
2020-08-29T08:34:08.558-0800: 299364.061: [GC (Allocation Failure) [PSYoungGen: 253089K->8304K(253440K)] 294516K->49732K(515584K), 0.1516583 secs] [Times: user=0.06 sys=0.11, real=0.16 secs] 
2020-08-29T08:40:14.126-0800: 299729.618: [GC (Allocation Failure) [PSYoungGen: 253040K->8320K(253440K)] 294468K->49747K(515584K), 0.0904828 secs] [Times: user=0.05 sys=0.09, real=0.09 secs] 
2020-08-29T08:46:17.162-0800: 300092.643: [GC (Allocation Failure) [PSYoungGen: 253056K->8336K(253440K)] 294483K->49764K(515584K), 0.0151337 secs] [Times: user=0.02 sys=0.00, real=0.01 secs] 
2020-08-29T08:52:20.114-0800: 300455.584: [GC (Allocation Failure) [PSYoungGen: 253072K->8336K(253440K)] 294500K->49764K(515584K), 0.0395138 secs] [Times: user=0.06 sys=0.04, real=0.04 secs] 
2020-08-29T08:58:25.250-0800: 300820.710: [GC (Allocation Failure) [PSYoungGen: 253072K->8385K(253440K)] 294500K->49812K(515584K), 0.1442297 secs] [Times: user=0.06 sys=0.11, real=0.14 secs] 
2020-08-29T09:04:34.470-0800: 301189.918: [GC (Allocation Failure) [PSYoungGen: 253121K->8418K(253440K)] 294548K->49845K(515584K), 0.0697226 secs] [Times: user=0.06 sys=0.07, real=0.07 secs] 
2020-08-29T09:10:38.261-0800: 301553.698: [GC (Allocation Failure) [PSYoungGen: 253154K->8435K(253440K)] 294581K->49863K(515584K), 0.0414775 secs] [Times: user=0.01 sys=0.02, real=0.04 secs] 
2020-08-29T09:16:44.162-0800: 301919.589: [GC (Allocation Failure) [PSYoungGen: 253171K->8418K(253440K)] 294599K->49846K(515584K), 0.0192285 secs] [Times: user=0.02 sys=0.01, real=0.02 secs] 
2020-08-29T09:22:52.618-0800: 302288.033: [GC (Allocation Failure) [PSYoungGen: 253154K->8418K(253440K)] 294582K->49845K(515584K), 0.1035201 secs] [Times: user=0.07 sys=0.10, real=0.11 secs] 
2020-08-29T09:28:56.516-0800: 302651.920: [GC (Allocation Failure) [PSYoungGen: 253154K->8418K(253440K)] 294581K->49846K(515584K), 0.0183422 secs] [Times: user=0.02 sys=0.01, real=0.02 secs] 
2020-08-29T09:35:01.973-0800: 303017.367: [GC (Allocation Failure) [PSYoungGen: 253154K->8418K(253440K)] 294582K->49846K(515584K), 0.0231098 secs] [Times: user=0.01 sys=0.02, real=0.02 secs] 
2020-08-29T09:41:10.516-0800: 303385.898: [GC (Allocation Failure) [PSYoungGen: 253154K->8401K(253440K)] 294582K->49877K(515584K), 0.0916897 secs] [Times: user=0.06 sys=0.09, real=0.09 secs] 
2020-08-29T09:47:15.887-0800: 303751.258: [GC (Allocation Failure) [PSYoungGen: 253137K->8385K(253440K)] 294613K->49861K(515584K), 0.0745228 secs] [Times: user=0.06 sys=0.07, real=0.08 secs] 
2020-08-29T09:53:21.515-0800: 304116.875: [GC (Allocation Failure) [PSYoungGen: 253121K->8353K(253440K)] 294597K->49829K(515584K), 0.0220438 secs] [Times: user=0.01 sys=0.01, real=0.02 secs] 
2020-08-29T09:59:24.510-0800: 304479.860: [GC (Allocation Failure) [PSYoungGen: 253089K->8224K(253440K)] 294565K->49699K(515584K), 0.0608767 secs] [Times: user=0.03 sys=0.04, real=0.06 secs] 
2020-08-29T10:05:27.934-0800: 304843.272: [GC (Allocation Failure) [PSYoungGen: 252960K->8321K(253440K)] 294435K->49796K(515584K), 0.0176713 secs] [Times: user=0.01 sys=0.01, real=0.02 secs] 
2020-08-29T10:11:33.109-0800: 305208.437: [GC (Allocation Failure) [PSYoungGen: 253057K->8385K(253440K)] 294532K->49860K(515584K), 0.0573872 secs] [Times: user=0.06 sys=0.06, real=0.06 secs] 
2020-08-29T10:17:51.655-0800: 305586.971: [GC (Allocation Failure) [PSYoungGen: 253121K->8433K(253440K)] 294596K->49909K(515584K), 0.0397175 secs] [Times: user=0.02 sys=0.01, real=0.04 secs] 
2020-08-29T10:23:55.160-0800: 305950.466: [GC (Allocation Failure) [PSYoungGen: 253169K->8403K(253440K)] 294645K->49879K(515584K), 0.0121113 secs] [Times: user=0.01 sys=0.00, real=0.01 secs] 
2020-08-29T10:30:00.511-0800: 306315.805: [GC (Allocation Failure) [PSYoungGen: 253139K->8419K(253440K)] 294615K->49895K(515584K), 0.0096898 secs] [Times: user=0.01 sys=0.00, real=0.01 secs] 
2020-08-29T10:36:08.914-0800: 306684.198: [GC (Allocation Failure) [PSYoungGen: 253155K->8386K(253440K)] 294631K->49862K(515584K), 0.0156709 secs] [Times: user=0.02 sys=0.01, real=0.02 secs] 
2020-08-29T10:42:12.294-0800: 307047.567: [GC (Allocation Failure) [PSYoungGen: 253122K->8402K(253440K)] 294598K->49877K(515584K), 0.0184384 secs] [Times: user=0.02 sys=0.01, real=0.02 secs] 
2020-08-29T10:48:17.331-0800: 307412.593: [GC (Allocation Failure) [PSYoungGen: 253138K->8370K(253440K)] 294613K->49846K(515584K), 0.0082124 secs] [Times: user=0.01 sys=0.01, real=0.01 secs] 
2020-08-29T10:54:25.199-0800: 307780.449: [GC (Allocation Failure) [PSYoungGen: 253106K->8288K(253440K)] 294582K->49764K(515584K), 0.0084297 secs] [Times: user=0.01 sys=0.00, real=0.01 secs] 
2020-08-29T11:00:25.013-0800: 308140.252: [GC (Allocation Failure) [PSYoungGen: 253024K->8256K(253440K)] 294500K->49731K(515584K), 0.0947427 secs] [Times: user=0.06 sys=0.09, real=0.09 secs] 
2020-08-29T11:06:33.176-0800: 308508.404: [GC (Allocation Failure) [PSYoungGen: 252992K->8418K(253440K)] 294467K->49893K(515584K), 0.1312825 secs] [Times: user=0.03 sys=0.10, real=0.13 secs] 
2020-08-29T11:12:39.776-0800: 308874.993: [GC (Allocation Failure) [PSYoungGen: 253154K->8435K(253440K)] 294629K->49911K(515584K), 0.0177990 secs] [Times: user=0.02 sys=0.01, real=0.02 secs] 
2020-08-29T11:18:45.870-0800: 309241.077: [GC (Allocation Failure) [PSYoungGen: 253171K->8435K(253440K)] 294647K->49911K(515584K), 0.0114438 secs] [Times: user=0.02 sys=0.00, real=0.01 secs] 
2020-08-29T11:24:54.575-0800: 309609.771: [GC (Allocation Failure) [PSYoungGen: 253171K->8386K(253440K)] 294647K->49861K(515584K), 0.0126586 secs] [Times: user=0.01 sys=0.00, real=0.01 secs] 
2020-08-29T11:30:58.728-0800: 309973.912: [GC (Allocation Failure) [PSYoungGen: 253122K->8386K(253440K)] 294597K->49862K(515584K), 0.0116088 secs] [Times: user=0.01 sys=0.00, real=0.01 secs] 
2020-08-29T14:01:45.377-0800: 310416.210: [GC (Allocation Failure) [PSYoungGen: 253122K->8207K(253440K)] 294598K->49683K(515584K), 0.0935982 secs] [Times: user=0.07 sys=0.08, real=0.10 secs] 
2020-08-29T14:07:51.110-0800: 310781.932: [GC (Allocation Failure) [PSYoungGen: 252943K->8304K(253440K)] 294419K->49780K(515584K), 0.0494550 secs] [Times: user=0.02 sys=0.01, real=0.05 secs] 
2020-08-29T14:13:59.371-0800: 311150.182: [GC (Allocation Failure) [PSYoungGen: 253040K->8418K(253440K)] 294516K->49894K(515584K), 0.1246768 secs] [Times: user=0.03 sys=0.07, real=0.12 secs] 
2020-08-29T14:33:04.774-0800: 312295.550: [GC (Allocation Failure) [PSYoungGen: 253154K->8258K(253440K)] 294630K->49733K(515584K), 0.0530771 secs] [Times: user=0.06 sys=0.06, real=0.05 secs] 
2020-08-29T14:39:07.850-0800: 312658.616: [GC (Allocation Failure) [PSYoungGen: 252994K->8304K(253440K)] 294469K->49780K(515584K), 0.0169706 secs] [Times: user=0.01 sys=0.00, real=0.01 secs] 
2020-08-29T14:45:10.957-0800: 313021.711: [GC (Allocation Failure) [PSYoungGen: 253040K->8304K(253440K)] 294516K->49788K(515584K), 0.0128160 secs] [Times: user=0.01 sys=0.00, real=0.02 secs] 
2020-08-29T14:51:13.891-0800: 313384.635: [GC (Allocation Failure) [PSYoungGen: 253040K->8304K(253440K)] 294524K->49788K(515584K), 0.0112719 secs] [Times: user=0.02 sys=0.00, real=0.01 secs] 
2020-08-29T14:57:18.144-0800: 313748.877: [GC (Allocation Failure) [PSYoungGen: 253040K->8304K(253440K)] 294524K->49788K(515584K), 0.0256245 secs] [Times: user=0.01 sys=0.00, real=0.03 secs] 
2020-08-29T15:03:22.457-0800: 314113.179: [GC (Allocation Failure) [PSYoungGen: 253040K->8353K(253440K)] 294524K->49836K(515584K), 0.0086983 secs] [Times: user=0.01 sys=0.00, real=0.01 secs] 
2020-08-29T15:09:31.864-0800: 314482.575: [GC (Allocation Failure) [PSYoungGen: 253089K->8434K(253440K)] 294572K->49918K(515584K), 0.1885025 secs] [Times: user=0.03 sys=0.15, real=0.19 secs] 
2020-08-29T15:15:35.874-0800: 314846.574: [GC (Allocation Failure) [PSYoungGen: 253170K->8418K(253440K)] 294654K->49902K(515584K), 0.0153220 secs] [Times: user=0.01 sys=0.01, real=0.02 secs] 
2020-08-29T15:21:41.679-0800: 315212.368: [GC (Allocation Failure) [PSYoungGen: 253154K->8435K(253440K)] 294638K->49919K(515584K), 0.0146312 secs] [Times: user=0.02 sys=0.00, real=0.02 secs] 
2020-08-29T15:39:56.109-0800: 316306.765: [GC (Allocation Failure) [PSYoungGen: 253171K->8174K(253440K)] 294655K->49658K(515584K), 0.0505908 secs] [Times: user=0.06 sys=0.06, real=0.05 secs] 
2020-08-29T15:48:52.437-0800: 316843.077: [GC (Allocation Failure) [PSYoungGen: 252910K->8271K(253440K)] 294394K->49763K(515584K), 0.0541178 secs] [Times: user=0.03 sys=0.04, real=0.06 secs] 
2020-08-29T15:54:55.391-0800: 317206.020: [GC (Allocation Failure) [PSYoungGen: 253007K->8256K(253440K)] 294499K->49747K(515584K), 0.0268469 secs] [Times: user=0.02 sys=0.01, real=0.02 secs] 
2020-08-29T16:01:04.269-0800: 317574.888: [GC (Allocation Failure) [PSYoungGen: 252992K->8370K(253440K)] 294483K->49893K(515584K), 0.0492008 secs] [Times: user=0.06 sys=0.05, real=0.04 secs] 
2020-08-29T16:07:08.946-0800: 317939.553: [GC (Allocation Failure) [PSYoungGen: 253106K->8418K(253440K)] 294629K->49950K(515584K), 0.0084393 secs] [Times: user=0.01 sys=0.01, real=0.01 secs] 
2020-08-29T16:13:14.644-0800: 318305.241: [GC (Allocation Failure) [PSYoungGen: 253154K->8403K(253440K)] 294686K->49935K(515584K), 0.0112641 secs] [Times: user=0.02 sys=0.00, real=0.01 secs] 
2020-08-29T16:19:24.443-0800: 318675.028: [GC (Allocation Failure) [PSYoungGen: 253139K->8402K(253440K)] 294671K->49949K(515584K), 0.1006776 secs] [Times: user=0.05 sys=0.08, real=0.10 secs] 
2020-08-29T16:25:28.824-0800: 319039.398: [GC (Allocation Failure) [PSYoungGen: 253138K->8418K(253440K)] 294685K->49974K(515584K), 0.0680309 secs] [Times: user=0.07 sys=0.07, real=0.07 secs] 
2020-08-29T16:31:34.784-0800: 319405.347: [GC (Allocation Failure) [PSYoungGen: 253154K->8386K(253440K)] 294710K->49942K(515584K), 0.0474862 secs] [Times: user=0.02 sys=0.03, real=0.05 secs] 
2020-08-29T16:37:44.705-0800: 319775.257: [GC (Allocation Failure) [PSYoungGen: 253122K->8353K(253440K)] 294678K->49909K(515584K), 0.0719157 secs] [Times: user=0.04 sys=0.05, real=0.07 secs] 
2020-08-29T16:43:49.545-0800: 320140.086: [GC (Allocation Failure) [PSYoungGen: 253073K->8434K(253440K)] 294629K->49989K(515584K), 0.0216221 secs] [Times: user=0.02 sys=0.01, real=0.02 secs] 
2020-08-29T16:49:49.532-0800: 320500.062: [GC (Allocation Failure) [PSYoungGen: 253170K->8192K(253440K)] 294725K->49747K(515584K), 0.0164724 secs] [Times: user=0.02 sys=0.00, real=0.01 secs] 
2020-08-29T16:55:54.231-0800: 320864.750: [GC (Allocation Failure) [PSYoungGen: 252928K->8304K(253440K)] 294483K->49860K(515584K), 0.1849775 secs] [Times: user=0.04 sys=0.15, real=0.18 secs] 
2020-08-29T17:02:03.139-0800: 321233.647: [GC (Allocation Failure) [PSYoungGen: 253040K->8418K(253440K)] 294596K->49973K(515584K), 0.1356611 secs] [Times: user=0.07 sys=0.11, real=0.14 secs] 
2020-08-29T17:08:11.531-0800: 321602.029: [GC (Allocation Failure) [PSYoungGen: 253154K->8435K(253440K)] 294709K->49991K(515584K), 0.0180794 secs] [Times: user=0.01 sys=0.01, real=0.01 secs] 
2020-08-29T17:14:21.119-0800: 321971.605: [GC (Allocation Failure) [PSYoungGen: 253171K->8402K(253440K)] 294727K->49990K(515584K), 0.0366704 secs] [Times: user=0.02 sys=0.03, real=0.04 secs] 
2020-08-29T17:20:27.901-0800: 322338.377: [GC (Allocation Failure) [PSYoungGen: 253138K->8418K(253440K)] 294726K->50006K(515584K), 0.0826450 secs] [Times: user=0.06 sys=0.08, real=0.08 secs] 
2020-08-29T17:26:36.795-0800: 322707.259: [GC (Allocation Failure) [PSYoungGen: 253154K->8386K(253440K)] 294742K->49974K(515584K), 0.1701251 secs] [Times: user=0.08 sys=0.12, real=0.17 secs] 
2020-08-30T10:19:13.097-0800: 335806.319: [GC (Allocation Failure) [PSYoungGen: 253122K->7191K(252416K)] 294710K->48779K(514560K), 0.9962328 secs] [Times: user=0.81 sys=0.67, real=0.99 secs] 
2020-08-30T19:50:59.842-0800: 370112.033: [GC (Allocation Failure) [PSYoungGen: 250903K->5600K(252928K)] 292491K->47195K(515072K), 0.6528593 secs] [Times: user=0.94 sys=0.52, real=0.65 secs] 
2020-08-31T08:31:11.134-0800: 373832.263: [GC (Allocation Failure) [PSYoungGen: 249312K->7960K(252928K)] 290907K->49556K(515072K), 0.0545986 secs] [Times: user=0.04 sys=0.07, real=0.05 secs] 
2020-08-31T08:37:15.420-0800: 374196.538: [GC (Allocation Failure) [PSYoungGen: 251672K->8336K(252928K)] 293268K->49939K(515072K), 0.0304711 secs] [Times: user=0.01 sys=0.01, real=0.03 secs] 
2020-08-31T08:43:13.647-0800: 374554.754: [GC (Allocation Failure) [PSYoungGen: 252048K->8256K(252928K)] 293651K->49859K(515072K), 0.1648498 secs] [Times: user=0.03 sys=0.11, real=0.17 secs] 
2020-08-31T08:49:22.941-0800: 374924.037: [GC (Allocation Failure) [PSYoungGen: 251968K->8384K(252928K)] 293571K->49996K(515072K), 0.1015638 secs] [Times: user=0.06 sys=0.10, real=0.10 secs] 
2020-08-31T08:55:27.294-0800: 375288.379: [GC (Allocation Failure) [PSYoungGen: 252096K->8304K(252928K)] 293708K->49915K(515072K), 0.0822980 secs] [Times: user=0.07 sys=0.07, real=0.08 secs] 
2020-08-31T09:01:31.982-0800: 375653.057: [GC (Allocation Failure) [PSYoungGen: 252016K->8353K(252928K)] 293627K->49965K(515072K), 0.0258824 secs] [Times: user=0.02 sys=0.01, real=0.02 secs] 
2020-08-31T09:07:37.439-0800: 376018.502: [GC (Allocation Failure) [PSYoungGen: 252065K->8368K(252928K)] 293677K->49980K(515072K), 0.0677119 secs] [Times: user=0.05 sys=0.07, real=0.07 secs] 
2020-08-31T09:13:40.966-0800: 376382.018: [GC (Allocation Failure) [PSYoungGen: 252080K->8304K(252928K)] 293692K->49916K(515072K), 0.0148910 secs] [Times: user=0.01 sys=0.01, real=0.02 secs] 
2020-08-31T09:19:46.453-0800: 376747.494: [GC (Allocation Failure) [PSYoungGen: 252016K->8336K(252928K)] 293628K->49948K(515072K), 0.0387783 secs] [Times: user=0.02 sys=0.02, real=0.04 secs] 
2020-08-31T09:25:51.857-0800: 377112.887: [GC (Allocation Failure) [PSYoungGen: 252048K->8368K(252928K)] 293660K->49980K(515072K), 0.0160642 secs] [Times: user=0.01 sys=0.01, real=0.02 secs] 
2020-08-31T09:31:54.522-0800: 377475.542: [GC (Allocation Failure) [PSYoungGen: 252080K->8385K(252928K)] 293692K->49996K(515072K), 0.0496106 secs] [Times: user=0.06 sys=0.06, real=0.05 secs] 
2020-08-31T09:38:00.260-0800: 377841.268: [GC (Allocation Failure) [PSYoungGen: 252097K->8336K(252928K)] 293708K->49948K(515072K), 0.0723064 secs] [Times: user=0.06 sys=0.07, real=0.07 secs] 
2020-08-31T09:44:05.432-0800: 378206.430: [GC (Allocation Failure) [PSYoungGen: 252048K->8336K(252928K)] 293660K->49948K(515072K), 0.0541772 secs] [Times: user=0.06 sys=0.05, real=0.05 secs] 
2020-08-31T09:50:12.524-0800: 378573.511: [GC (Allocation Failure) [PSYoungGen: 252048K->8384K(252928K)] 293660K->50028K(515072K), 0.0199195 secs] [Times: user=0.01 sys=0.01, real=0.02 secs] 
2020-08-31T09:56:17.944-0800: 378938.919: [GC (Allocation Failure) [PSYoungGen: 252096K->8353K(252928K)] 293740K->49996K(515072K), 0.0468812 secs] [Times: user=0.05 sys=0.05, real=0.05 secs] 
2020-08-31T10:02:23.491-0800: 379304.456: [GC (Allocation Failure) [PSYoungGen: 252065K->8336K(252928K)] 293708K->50028K(515072K), 0.0535512 secs] [Times: user=0.04 sys=0.02, real=0.05 secs] 
2020-08-31T10:08:32.169-0800: 379673.122: [GC (Allocation Failure) [PSYoungGen: 252048K->8352K(252928K)] 293740K->50044K(515072K), 0.0527856 secs] [Times: user=0.06 sys=0.06, real=0.06 secs] 
2020-08-31T10:14:36.313-0800: 380037.256: [GC (Allocation Failure) [PSYoungGen: 252064K->8239K(252928K)] 293756K->49931K(515072K), 0.0336748 secs] [Times: user=0.02 sys=0.03, real=0.03 secs] 
2020-08-31T10:21:16.015-0800: 380436.946: [GC (Allocation Failure) [PSYoungGen: 251951K->8289K(252928K)] 293643K->49981K(515072K), 0.0654710 secs] [Times: user=0.05 sys=0.07, real=0.07 secs] 
2020-08-31T10:27:35.957-0800: 380816.877: [GC (Allocation Failure) [PSYoungGen: 252001K->8304K(252928K)] 293693K->49996K(515072K), 0.0309160 secs] [Times: user=0.02 sys=0.02, real=0.03 secs] 
2020-08-31T10:33:43.130-0800: 381184.038: [GC (Allocation Failure) [PSYoungGen: 252016K->8352K(253440K)] 293708K->50044K(515584K), 0.0770909 secs] [Times: user=0.04 sys=0.06, real=0.07 secs] 
2020-08-31T10:39:53.323-0800: 381554.220: [GC (Allocation Failure) [PSYoungGen: 253088K->8352K(253440K)] 294780K->50044K(515584K), 0.0923709 secs] [Times: user=0.04 sys=0.08, real=0.09 secs] 
2020-08-31T10:45:57.678-0800: 381918.565: [GC (Allocation Failure) [PSYoungGen: 253088K->8352K(253440K)] 294780K->50044K(515584K), 0.0328601 secs] [Times: user=0.02 sys=0.02, real=0.04 secs] 
2020-08-31T10:52:00.583-0800: 382281.458: [GC (Allocation Failure) [PSYoungGen: 253088K->8175K(253440K)] 294780K->49867K(515584K), 0.0684321 secs] [Times: user=0.04 sys=0.06, real=0.07 secs] 
2020-08-31T10:58:02.800-0800: 382643.665: [GC (Allocation Failure) [PSYoungGen: 252911K->8239K(253440K)] 294603K->49931K(515584K), 0.0083525 secs] [Times: user=0.01 sys=0.00, real=0.00 secs] 
2020-08-31T11:04:09.616-0800: 383010.470: [GC (Allocation Failure) [PSYoungGen: 252975K->8370K(253440K)] 294667K->50062K(515584K), 0.0134081 secs] [Times: user=0.01 sys=0.00, real=0.02 secs] 
2020-08-31T11:10:13.253-0800: 383374.096: [GC (Allocation Failure) [PSYoungGen: 253106K->8402K(253440K)] 294798K->50094K(515584K), 0.0189254 secs] [Times: user=0.01 sys=0.01, real=0.02 secs] 
2020-08-31T11:16:18.934-0800: 383739.765: [GC (Allocation Failure) [PSYoungGen: 253138K->8418K(253440K)] 294830K->50109K(515584K), 0.0177231 secs] [Times: user=0.01 sys=0.01, real=0.02 secs] 
2020-08-31T11:22:28.451-0800: 384109.272: [GC (Allocation Failure) [PSYoungGen: 253154K->8402K(253440K)] 294845K->50094K(515584K), 0.0218761 secs] [Times: user=0.02 sys=0.01, real=0.02 secs] 
2020-08-31T11:28:33.123-0800: 384473.932: [GC (Allocation Failure) [PSYoungGen: 253138K->8386K(253440K)] 294830K->50078K(515584K), 0.0169415 secs] [Times: user=0.02 sys=0.01, real=0.02 secs] 
2020-08-31T14:00:36.406-0800: 384896.628: [GC (Allocation Failure) [PSYoungGen: 253122K->8224K(253440K)] 294814K->49915K(515584K), 0.0965508 secs] [Times: user=0.04 sys=0.09, real=0.10 secs] 
2020-08-31T14:06:41.449-0800: 385261.660: [GC (Allocation Failure) [PSYoungGen: 252960K->8336K(253440K)] 294651K->50028K(515584K), 0.0234052 secs] [Times: user=0.01 sys=0.01, real=0.03 secs] 
2020-08-31T14:12:50.045-0800: 385630.245: [GC (Allocation Failure) [PSYoungGen: 253072K->8401K(253440K)] 294764K->50101K(515584K), 0.0088359 secs] [Times: user=0.01 sys=0.00, real=0.01 secs] 
2020-08-31T14:18:55.005-0800: 385995.194: [GC (Allocation Failure) [PSYoungGen: 253137K->8403K(253440K)] 294837K->50103K(515584K), 0.0894789 secs] [Times: user=0.06 sys=0.09, real=0.09 secs] 
2020-08-31T14:25:01.981-0800: 386362.159: [GC (Allocation Failure) [PSYoungGen: 253139K->8370K(253440K)] 294839K->50070K(515584K), 0.0323955 secs] [Times: user=0.02 sys=0.01, real=0.03 secs] 
2020-08-31T14:31:11.495-0800: 386731.662: [GC (Allocation Failure) [PSYoungGen: 253106K->8336K(253440K)] 294806K->50036K(515584K), 0.0095698 secs] [Times: user=0.01 sys=0.00, real=0.01 secs] 
2020-08-31T14:37:15.751-0800: 387095.907: [GC (Allocation Failure) [PSYoungGen: 253072K->8353K(253440K)] 294772K->50053K(515584K), 0.0343759 secs] [Times: user=0.02 sys=0.02, real=0.03 secs] 
2020-08-31T14:43:22.290-0800: 387462.435: [GC (Allocation Failure) [PSYoungGen: 253089K->8353K(253440K)] 294789K->50053K(515584K), 0.0655288 secs] [Times: user=0.06 sys=0.07, real=0.06 secs] 
2020-08-31T14:49:31.859-0800: 387831.993: [GC (Allocation Failure) [PSYoungGen: 253089K->8337K(253440K)] 294789K->50036K(515584K), 0.0917360 secs] [Times: user=0.05 sys=0.08, real=0.10 secs] 
2020-08-31T14:55:37.173-0800: 388197.297: [GC (Allocation Failure) [PSYoungGen: 253073K->8353K(253440K)] 294772K->50053K(515584K), 0.0158386 secs] [Times: user=0.02 sys=0.00, real=0.01 secs] 
2020-08-31T15:01:39.773-0800: 388559.885: [GC (Allocation Failure) [PSYoungGen: 253089K->8191K(253440K)] 294789K->49891K(515584K), 0.0704374 secs] [Times: user=0.06 sys=0.07, real=0.07 secs] 
2020-08-31T15:07:42.434-0800: 388922.535: [GC (Allocation Failure) [PSYoungGen: 252927K->8240K(253440K)] 294627K->49940K(515584K), 0.0306207 secs] [Times: user=0.02 sys=0.04, real=0.03 secs] 
2020-08-31T15:13:51.952-0800: 389292.042: [GC (Allocation Failure) [PSYoungGen: 252976K->8387K(253440K)] 294676K->50087K(515584K), 0.0206252 secs] [Times: user=0.01 sys=0.01, real=0.02 secs] 
2020-08-31T15:19:58.088-0800: 389658.167: [GC (Allocation Failure) [PSYoungGen: 253123K->8418K(253440K)] 294823K->50118K(515584K), 0.1005035 secs] [Times: user=0.07 sys=0.10, real=0.10 secs] 
2020-08-31T15:28:45.781-0800: 390185.845: [GC (Allocation Failure) [PSYoungGen: 253154K->8369K(253440K)] 294854K->50068K(515584K), 0.1141660 secs] [Times: user=0.07 sys=0.11, real=0.11 secs] 
2020-08-31T15:34:52.920-0800: 390552.972: [GC (Allocation Failure) [PSYoungGen: 253105K->8304K(253440K)] 294804K->50036K(515584K), 0.0556544 secs] [Times: user=0.06 sys=0.06, real=0.05 secs] 
2020-08-31T15:41:03.403-0800: 390923.445: [GC (Allocation Failure) [PSYoungGen: 253040K->8434K(253440K)] 294772K->50166K(515584K), 0.0333219 secs] [Times: user=0.01 sys=0.02, real=0.03 secs] 
2020-08-31T15:47:10.028-0800: 391290.059: [GC (Allocation Failure) [PSYoungGen: 253170K->8418K(253440K)] 294902K->50158K(515584K), 0.1167691 secs] [Times: user=0.05 sys=0.11, real=0.12 secs] 
2020-08-31T15:53:19.155-0800: 391659.175: [GC (Allocation Failure) [PSYoungGen: 253154K->8435K(253440K)] 294894K->50175K(515584K), 0.2372770 secs] [Times: user=0.12 sys=0.18, real=0.24 secs] 
2020-08-31T15:59:45.637-0800: 392045.645: [GC (Allocation Failure) [PSYoungGen: 253171K->8484K(253440K)] 294911K->50224K(515584K), 0.1722926 secs] [Times: user=0.04 sys=0.12, real=0.17 secs] 
2020-08-31T16:05:55.909-0800: 392415.906: [GC (Allocation Failure) [PSYoungGen: 253220K->8352K(253440K)] 294960K->50092K(515584K), 0.2197597 secs] [Times: user=0.12 sys=0.18, real=0.22 secs] 
2020-08-31T16:12:07.614-0800: 392787.600: [GC (Allocation Failure) [PSYoungGen: 253088K->8288K(253440K)] 294828K->50028K(515584K), 0.1485663 secs] [Times: user=0.03 sys=0.11, real=0.15 secs] 
2020-08-31T16:18:07.554-0800: 393147.529: [GC (Allocation Failure) [PSYoungGen: 253024K->8192K(253440K)] 294764K->49931K(515584K), 0.1662204 secs] [Times: user=0.04 sys=0.12, real=0.17 secs] 
2020-08-31T16:24:12.062-0800: 393512.025: [GC (Allocation Failure) [PSYoungGen: 252928K->8304K(253440K)] 294667K->50044K(515584K), 0.1400034 secs] [Times: user=0.06 sys=0.12, real=0.14 secs] 
2020-08-31T16:30:19.704-0800: 393879.657: [GC (Allocation Failure) [PSYoungGen: 253040K->8417K(253440K)] 294780K->50157K(515584K), 0.4362223 secs] [Times: user=0.11 sys=0.21, real=0.44 secs] 
2020-08-31T16:36:31.888-0800: 394251.829: [GC (Allocation Failure) [PSYoungGen: 253153K->8450K(253440K)] 294893K->50189K(515584K), 0.1109131 secs] [Times: user=0.05 sys=0.08, real=0.11 secs] 
2020-08-31T16:42:36.818-0800: 394616.749: [GC (Allocation Failure) [PSYoungGen: 253186K->8402K(253440K)] 294925K->50142K(515584K), 0.0842871 secs] [Times: user=0.02 sys=0.04, real=0.09 secs] 
2020-08-31T16:48:43.969-0800: 394983.889: [GC (Allocation Failure) [PSYoungGen: 253138K->8369K(253440K)] 294878K->50109K(515584K), 0.0225406 secs] [Times: user=0.02 sys=0.01, real=0.03 secs] 
2020-08-31T16:54:54.184-0800: 395354.092: [GC (Allocation Failure) [PSYoungGen: 253105K->8401K(253440K)] 294845K->50141K(515584K), 0.0863826 secs] [Times: user=0.08 sys=0.06, real=0.09 secs] 
2020-08-31T17:00:59.042-0800: 395718.940: [GC (Allocation Failure) [PSYoungGen: 253137K->8353K(253440K)] 294877K->50125K(515584K), 0.1316902 secs] [Times: user=0.06 sys=0.10, real=0.14 secs] 
2020-08-31T17:07:06.756-0800: 396086.643: [GC (Allocation Failure) [PSYoungGen: 253089K->8385K(253440K)] 294861K->50157K(515584K), 0.3488883 secs] [Times: user=0.08 sys=0.17, real=0.35 secs] 
2020-08-31T17:13:12.607-0800: 396452.483: [GC (Allocation Failure) [PSYoungGen: 253121K->8256K(253440K)] 294893K->50027K(515584K), 0.1307754 secs] [Times: user=0.06 sys=0.10, real=0.13 secs] 
2020-08-31T17:19:20.784-0800: 396820.649: [GC (Allocation Failure) [PSYoungGen: 252992K->8336K(253440K)] 294763K->50108K(515584K), 0.0727739 secs] [Times: user=0.05 sys=0.06, real=0.07 secs] 
2020-08-31T17:25:29.336-0800: 397189.189: [GC (Allocation Failure) [PSYoungGen: 253072K->8418K(253440K)] 294844K->50190K(515584K), 0.0820413 secs] [Times: user=0.05 sys=0.06, real=0.08 secs] 
2020-09-01T08:54:27.982-0800: 398288.515: [GC (Allocation Failure) [PSYoungGen: 253154K->8286K(253440K)] 294926K->50058K(515584K), 0.2669672 secs] [Times: user=0.14 sys=0.21, real=0.26 secs] 
2020-09-01T09:00:33.568-0800: 398654.092: [GC (Allocation Failure) [PSYoungGen: 253022K->8321K(253440K)] 294794K->50092K(515584K), 1.2475469 secs] [Times: user=1.90 sys=0.28, real=1.24 secs] 
2020-09-01T09:06:44.907-0800: 399025.419: [GC (Allocation Failure) [PSYoungGen: 253057K->8467K(253440K)] 294828K->50239K(515584K), 0.2103990 secs] [Times: user=0.03 sys=0.12, real=0.21 secs] 
2020-09-01T09:12:49.863-0800: 399390.363: [GC (Allocation Failure) [PSYoungGen: 253203K->8386K(253440K)] 294975K->50158K(515584K), 0.0826830 secs] [Times: user=0.01 sys=0.03, real=0.08 secs] 
2020-09-01T09:18:59.058-0800: 399759.547: [GC (Allocation Failure) [PSYoungGen: 253122K->8466K(253440K)] 294894K->50238K(515584K), 0.0896897 secs] [Times: user=0.06 sys=0.07, real=0.09 secs] 
2020-09-01T09:25:09.781-0800: 400130.259: [GC (Allocation Failure) [PSYoungGen: 253202K->8418K(253440K)] 294974K->50189K(515584K), 0.0222131 secs] [Times: user=0.01 sys=0.01, real=0.02 secs] 
2020-09-01T09:31:14.269-0800: 400494.737: [GC (Allocation Failure) [PSYoungGen: 253154K->8418K(253440K)] 294925K->50190K(515584K), 0.0642367 secs] [Times: user=0.06 sys=0.07, real=0.07 secs] 
2020-09-01T09:37:22.374-0800: 400862.830: [GC (Allocation Failure) [PSYoungGen: 253154K->8402K(253440K)] 294926K->50174K(515584K), 0.2768844 secs] [Times: user=0.12 sys=0.21, real=0.28 secs] 
2020-09-01T09:43:33.652-0800: 401234.097: [GC (Allocation Failure) [PSYoungGen: 253138K->8385K(253440K)] 294910K->50157K(515584K), 0.1375668 secs] [Times: user=0.07 sys=0.12, real=0.14 secs] 
2020-09-01T09:49:38.074-0800: 401598.508: [GC (Allocation Failure) [PSYoungGen: 253121K->8385K(253440K)] 294893K->50157K(515584K), 0.0172998 secs] [Times: user=0.01 sys=0.01, real=0.02 secs] 
2020-09-01T09:55:41.219-0800: 401961.642: [GC (Allocation Failure) [PSYoungGen: 253121K->8207K(253440K)] 294893K->49979K(515584K), 0.0873405 secs] [Times: user=0.07 sys=0.10, real=0.09 secs] 
2020-09-01T10:01:44.156-0800: 402324.568: [GC (Allocation Failure) [PSYoungGen: 252943K->8288K(253440K)] 294715K->50059K(515584K), 0.2746077 secs] [Times: user=0.09 sys=0.17, real=0.28 secs] 
2020-09-01T10:07:52.581-0800: 402692.982: [GC (Allocation Failure) [PSYoungGen: 253024K->8402K(253440K)] 294795K->50174K(515584K), 0.0520090 secs] [Times: user=0.01 sys=0.02, real=0.05 secs] 
2020-09-01T10:13:57.569-0800: 403057.960: [GC (Allocation Failure) [PSYoungGen: 253138K->8418K(253440K)] 294910K->50190K(515584K), 0.0684691 secs] [Times: user=0.04 sys=0.06, real=0.06 secs] 
2020-09-01T10:20:04.562-0800: 403424.942: [GC (Allocation Failure) [PSYoungGen: 253154K->8435K(253440K)] 294926K->50207K(515584K), 0.1628699 secs] [Times: user=0.04 sys=0.13, real=0.16 secs] 
2020-09-01T10:26:14.205-0800: 403794.574: [GC (Allocation Failure) [PSYoungGen: 253171K->8402K(253440K)] 294943K->50214K(515584K), 0.0597901 secs] [Times: user=0.02 sys=0.03, real=0.06 secs] 
2020-09-01T10:32:20.750-0800: 404161.107: [GC (Allocation Failure) [PSYoungGen: 253138K->8385K(253440K)] 294950K->50197K(515584K), 0.0170008 secs] [Times: user=0.01 sys=0.01, real=0.01 secs] 
2020-09-01T10:38:27.920-0800: 404528.266: [GC (Allocation Failure) [PSYoungGen: 253121K->8402K(253440K)] 294933K->50214K(515584K), 0.1005368 secs] [Times: user=0.06 sys=0.08, real=0.10 secs] 
2020-09-01T10:44:37.894-0800: 404898.230: [GC (Allocation Failure) [PSYoungGen: 253138K->8353K(253440K)] 294950K->50164K(515584K), 0.0156029 secs] [Times: user=0.01 sys=0.00, real=0.02 secs] 
2020-09-01T10:50:42.659-0800: 405262.983: [GC (Allocation Failure) [PSYoungGen: 253089K->8352K(253440K)] 294900K->50164K(515584K), 0.0313428 secs] [Times: user=0.02 sys=0.03, real=0.04 secs] 
2020-09-01T10:56:49.497-0800: 405629.810: [GC (Allocation Failure) [PSYoungGen: 253088K->8353K(253440K)] 294900K->50165K(515584K), 0.0191596 secs] [Times: user=0.02 sys=0.00, real=0.02 secs] 
2020-09-01T11:02:52.777-0800: 405993.079: [GC (Allocation Failure) [PSYoungGen: 253089K->8256K(253440K)] 294901K->50067K(515584K), 0.0791919 secs] [Times: user=0.06 sys=0.07, real=0.08 secs] 
2020-09-01T11:08:58.904-0800: 406359.196: [GC (Allocation Failure) [PSYoungGen: 252992K->8369K(253440K)] 294803K->50181K(515584K), 0.0167251 secs] [Times: user=0.01 sys=0.01, real=0.02 secs] 
2020-09-01T11:15:08.403-0800: 406728.683: [GC (Allocation Failure) [PSYoungGen: 253105K->8418K(253440K)] 294917K->50230K(515584K), 0.2050190 secs] [Times: user=0.03 sys=0.09, real=0.20 secs] 
2020-09-01T11:21:13.383-0800: 407093.652: [GC (Allocation Failure) [PSYoungGen: 253154K->8418K(253440K)] 294966K->50230K(515584K), 0.1110720 secs] [Times: user=0.06 sys=0.09, real=0.11 secs] 
2020-09-01T11:27:22.886-0800: 407463.144: [GC (Allocation Failure) [PSYoungGen: 253154K->8450K(253440K)] 294966K->50262K(515584K), 0.0855074 secs] [Times: user=0.03 sys=0.07, real=0.09 secs] 
2020-09-01T11:33:33.993-0800: 407834.240: [GC (Allocation Failure) [PSYoungGen: 253186K->8402K(253440K)] 294998K->50214K(515584K), 0.0963860 secs] [Times: user=0.06 sys=0.08, real=0.09 secs] 
2020-09-01T14:03:10.551-0800: 408250.578: [GC (Allocation Failure) [PSYoungGen: 253138K->8209K(253440K)] 294950K->50020K(515584K), 0.1522063 secs] [Times: user=0.02 sys=0.07, real=0.15 secs] 
2020-09-01T14:09:15.467-0800: 408615.483: [GC (Allocation Failure) [PSYoungGen: 252945K->8273K(253440K)] 294756K->50084K(515584K), 0.0301386 secs] [Times: user=0.01 sys=0.01, real=0.03 secs] 
2020-09-01T14:15:23.818-0800: 408983.823: [GC (Allocation Failure) [PSYoungGen: 253009K->8418K(253440K)] 294820K->50230K(515584K), 0.0717759 secs] [Times: user=0.06 sys=0.07, real=0.08 secs] 
2020-09-01T14:21:27.615-0800: 409347.609: [GC (Allocation Failure) [PSYoungGen: 253154K->8419K(253440K)] 294966K->50231K(515584K), 0.0171007 secs] [Times: user=0.02 sys=0.01, real=0.02 secs] 
2020-09-01T14:27:33.692-0800: 409713.675: [GC (Allocation Failure) [PSYoungGen: 253155K->8386K(253440K)] 294967K->50198K(515584K), 0.1104504 secs] [Times: user=0.05 sys=0.10, real=0.11 secs] 
2020-09-01T14:33:42.954-0800: 410082.926: [GC (Allocation Failure) [PSYoungGen: 253122K->8401K(253440K)] 294934K->50213K(515584K), 0.0249638 secs] [Times: user=0.02 sys=0.01, real=0.03 secs] 
2020-09-01T14:39:47.790-0800: 410447.752: [GC (Allocation Failure) [PSYoungGen: 253137K->8353K(253440K)] 294949K->50165K(515584K), 0.0494834 secs] [Times: user=0.03 sys=0.03, real=0.05 secs] 
2020-09-01T14:45:54.676-0800: 410814.626: [GC (Allocation Failure) [PSYoungGen: 253089K->8401K(253440K)] 294901K->50212K(515584K), 0.0190829 secs] [Times: user=0.02 sys=0.01, real=0.02 secs] 
2020-09-01T14:52:04.074-0800: 411184.013: [GC (Allocation Failure) [PSYoungGen: 253137K->8385K(253440K)] 294948K->50196K(515584K), 0.0182882 secs] [Times: user=0.02 sys=0.01, real=0.02 secs] 
2020-09-01T14:58:08.880-0800: 411548.808: [GC (Allocation Failure) [PSYoungGen: 253121K->8353K(253440K)] 294932K->50165K(515584K), 0.0570927 secs] [Times: user=0.07 sys=0.05, real=0.05 secs] 
2020-09-01T15:04:46.233-0800: 411946.149: [GC (Allocation Failure) [PSYoungGen: 253089K->8256K(253440K)] 294901K->50067K(515584K), 0.2367249 secs] [Times: user=0.12 sys=0.19, real=0.24 secs] 
2020-09-01T15:10:51.766-0800: 412311.672: [GC (Allocation Failure) [PSYoungGen: 252992K->8304K(253440K)] 294803K->50116K(515584K), 0.0867034 secs] [Times: user=0.06 sys=0.07, real=0.09 secs] 
2020-09-01T15:16:58.825-0800: 412678.719: [GC (Allocation Failure) [PSYoungGen: 253040K->8336K(253440K)] 294852K->50148K(515584K), 0.1260279 secs] [Times: user=0.05 sys=0.09, real=0.13 secs] 
2020-09-01T15:23:09.327-0800: 413049.210: [GC (Allocation Failure) [PSYoungGen: 253072K->8418K(253440K)] 294884K->50230K(515584K), 0.0627818 secs] [Times: user=0.06 sys=0.07, real=0.07 secs] 
2020-09-01T15:29:14.916-0800: 413414.788: [GC (Allocation Failure) [PSYoungGen: 253154K->8403K(253440K)] 294966K->50215K(515584K), 0.1295922 secs] [Times: user=0.07 sys=0.12, real=0.13 secs] 
2020-09-01T15:35:22.062-0800: 413781.923: [GC (Allocation Failure) [PSYoungGen: 253139K->8386K(253440K)] 294951K->50230K(515584K), 0.0309393 secs] [Times: user=0.02 sys=0.01, real=0.03 secs] 
2020-09-01T15:41:31.281-0800: 414151.131: [GC (Allocation Failure) [PSYoungGen: 253122K->8336K(253440K)] 294966K->50180K(515584K), 0.0168418 secs] [Times: user=0.01 sys=0.01, real=0.01 secs] 
2020-09-01T15:47:35.378-0800: 414515.218: [GC (Allocation Failure) [PSYoungGen: 253072K->8353K(253440K)] 294916K->50197K(515584K), 0.0991482 secs] [Times: user=0.05 sys=0.08, real=0.10 secs] 
2020-09-01T15:53:42.863-0800: 414882.692: [GC (Allocation Failure) [PSYoungGen: 253089K->8369K(253440K)] 294933K->50213K(515584K), 0.0182207 secs] [Times: user=0.01 sys=0.01, real=0.02 secs] 
2020-09-01T15:59:46.051-0800: 415245.868: [GC (Allocation Failure) [PSYoungGen: 253105K->8272K(253440K)] 294949K->50116K(515584K), 0.1907140 secs] [Times: user=0.05 sys=0.14, real=0.19 secs] 
2020-09-01T16:05:51.795-0800: 415611.601: [GC (Allocation Failure) [PSYoungGen: 253008K->8304K(253440K)] 294852K->50148K(515584K), 0.0688639 secs] [Times: user=0.07 sys=0.07, real=0.07 secs] 
2020-09-01T16:11:59.791-0800: 415979.587: [GC (Allocation Failure) [PSYoungGen: 253040K->8353K(253440K)] 294884K->50196K(515584K), 0.3463332 secs] [Times: user=0.14 sys=0.22, real=0.34 secs] 
2020-09-01T16:18:10.919-0800: 416350.703: [GC (Allocation Failure) [PSYoungGen: 253089K->8417K(253440K)] 294932K->50260K(515584K), 0.0900605 secs] [Times: user=0.04 sys=0.05, real=0.09 secs] 
2020-09-01T16:24:15.974-0800: 416715.747: [GC (Allocation Failure) [PSYoungGen: 253153K->8403K(253440K)] 294996K->50247K(515584K), 0.1246305 secs] [Times: user=0.05 sys=0.10, real=0.12 secs] 
2020-09-01T16:30:23.454-0800: 417083.216: [GC (Allocation Failure) [PSYoungGen: 253139K->8370K(253440K)] 294983K->50214K(515584K), 0.1513415 secs] [Times: user=0.06 sys=0.12, real=0.15 secs] 
2020-09-01T16:36:34.016-0800: 417453.767: [GC (Allocation Failure) [PSYoungGen: 253106K->8369K(253440K)] 294950K->50221K(515584K), 0.0558839 secs] [Times: user=0.02 sys=0.03, real=0.06 secs] 
2020-09-01T16:42:39.214-0800: 417818.954: [GC (Allocation Failure) [PSYoungGen: 253105K->8386K(253440K)] 294957K->50238K(515584K), 0.0191925 secs] [Times: user=0.02 sys=0.01, real=0.02 secs] 
2020-09-01T16:48:46.486-0800: 418186.215: [GC (Allocation Failure) [PSYoungGen: 253122K->8402K(253440K)] 294974K->50254K(515584K), 0.0401415 secs] [Times: user=0.03 sys=0.01, real=0.04 secs] 
2020-09-01T16:54:52.305-0800: 418552.023: [GC (Allocation Failure) [PSYoungGen: 253138K->8288K(253440K)] 294990K->50139K(515584K), 0.1027534 secs] [Times: user=0.03 sys=0.04, real=0.10 secs] 
2020-09-01T17:00:57.827-0800: 418917.534: [GC (Allocation Failure) [PSYoungGen: 253024K->8304K(253440K)] 294875K->50156K(515584K), 0.3217087 secs] [Times: user=0.14 sys=0.25, real=0.32 secs] 
2020-09-01T17:07:03.536-0800: 419283.232: [GC (Allocation Failure) [PSYoungGen: 253040K->8337K(253440K)] 294892K->50189K(515584K), 0.0294970 secs] [Times: user=0.02 sys=0.01, real=0.03 secs] 
2020-09-01T17:13:13.376-0800: 419653.061: [GC (Allocation Failure) [PSYoungGen: 253073K->8434K(253440K)] 294925K->50286K(515584K), 0.0588222 secs] [Times: user=0.02 sys=0.03, real=0.06 secs] 
2020-09-01T17:19:18.863-0800: 420018.537: [GC (Allocation Failure) [PSYoungGen: 253170K->8418K(253440K)] 295022K->50270K(515584K), 0.2508934 secs] [Times: user=0.08 sys=0.19, real=0.25 secs] 
Heap
 PSYoungGen      total 253440K, used 247676K [0x00000007b0000000, 0x00000007c0000000, 0x00000007c0000000)
  eden space 244736K, 97% used [0x00000007b0000000,0x00000007be9a6590,0x00000007bef00000)
  from space 8704K, 96% used [0x00000007bef00000,0x00000007bf738b00,0x00000007bf780000)
  to   space 8704K, 0% used [0x00000007bf780000,0x00000007bf780000,0x00000007c0000000)
 ParOldGen       total 262144K, used 41851K [0x00000007a0000000, 0x00000007b0000000, 0x00000007b0000000)
  object space 262144K, 15% used [0x00000007a0000000,0x00000007a28def50,0x00000007b0000000)
 Metaspace       used 58509K, capacity 61319K, committed 61568K, reserved 1103872K
  class space    used 7284K, capacity 7804K, committed 7808K, reserved 1048576K
